<?xml version="1.0"?>
<link_info>
   <banner>TI ARM Linker PC v15.12.2.LTS</banner>
   <copyright>Copyright (c) 1996-2015 Texas Instruments Incorporated</copyright>
   <link_time>0x572d0eda</link_time>
   <link_errors>0x1</link_errors>
   <output_file>ssl_Restful_API_AWS.out</output_file>
   <entry_point>
      <name>_c_int00</name>
      <address>0x2000bf39</address>
   </entry_point>
   <input_file_list>
      <input_file id="fl-2">
         <path>.\</path>
         <kind>object</kind>
         <file>gpio_if.obj</file>
         <name>gpio_if.obj</name>
      </input_file>
      <input_file id="fl-3">
         <path>.\</path>
         <kind>object</kind>
         <file>main.obj</file>
         <name>main.obj</name>
      </input_file>
      <input_file id="fl-4">
         <path>.\</path>
         <kind>object</kind>
         <file>pinmux.obj</file>
         <name>pinmux.obj</name>
      </input_file>
      <input_file id="fl-5">
         <path>.\</path>
         <kind>object</kind>
         <file>startup_ccs.obj</file>
         <name>startup_ccs.obj</name>
      </input_file>
      <input_file id="fl-6">
         <path>.\</path>
         <kind>object</kind>
         <file>uart_if.obj</file>
         <name>uart_if.obj</name>
      </input_file>
      <input_file id="fl-c2">
         <path>C:\ti\ccsv6\tools\compiler\arm_15.12.2.LTS\lib\</path>
         <kind>archive</kind>
         <file>rtsv7M4_T_le_eabi.lib</file>
         <name>boot.obj</name>
      </input_file>
      <input_file id="fl-c3">
         <path>C:\ti\ccsv6\tools\compiler\arm_15.12.2.LTS\lib\</path>
         <kind>archive</kind>
         <file>rtsv7M4_T_le_eabi.lib</file>
         <name>copy_decompress_none.obj</name>
      </input_file>
      <input_file id="fl-c4">
         <path>C:\ti\ccsv6\tools\compiler\arm_15.12.2.LTS\lib\</path>
         <kind>archive</kind>
         <file>rtsv7M4_T_le_eabi.lib</file>
         <name>copy_decompress_rle.obj</name>
      </input_file>
      <input_file id="fl-c5">
         <path>C:\ti\ccsv6\tools\compiler\arm_15.12.2.LTS\lib\</path>
         <kind>archive</kind>
         <file>rtsv7M4_T_le_eabi.lib</file>
         <name>copy_zero_init.obj</name>
      </input_file>
      <input_file id="fl-c6">
         <path>C:\ti\ccsv6\tools\compiler\arm_15.12.2.LTS\lib\</path>
         <kind>archive</kind>
         <file>rtsv7M4_T_le_eabi.lib</file>
         <name>exit.obj</name>
      </input_file>
      <input_file id="fl-c7">
         <path>C:\ti\ccsv6\tools\compiler\arm_15.12.2.LTS\lib\</path>
         <kind>archive</kind>
         <file>rtsv7M4_T_le_eabi.lib</file>
         <name>memcpy_t2.obj</name>
      </input_file>
      <input_file id="fl-c8">
         <path>C:\ti\ccsv6\tools\compiler\arm_15.12.2.LTS\lib\</path>
         <kind>archive</kind>
         <file>rtsv7M4_T_le_eabi.lib</file>
         <name>memmov.obj</name>
      </input_file>
      <input_file id="fl-c9">
         <path>C:\ti\ccsv6\tools\compiler\arm_15.12.2.LTS\lib\</path>
         <kind>archive</kind>
         <file>rtsv7M4_T_le_eabi.lib</file>
         <name>memory.obj</name>
      </input_file>
      <input_file id="fl-ca">
         <path>C:\ti\ccsv6\tools\compiler\arm_15.12.2.LTS\lib\</path>
         <kind>archive</kind>
         <file>rtsv7M4_T_le_eabi.lib</file>
         <name>memset_t2.obj</name>
      </input_file>
      <input_file id="fl-cb">
         <path>C:\ti\ccsv6\tools\compiler\arm_15.12.2.LTS\lib\</path>
         <kind>archive</kind>
         <file>rtsv7M4_T_le_eabi.lib</file>
         <name>mpu_init.obj</name>
      </input_file>
      <input_file id="fl-cc">
         <path>C:\ti\ccsv6\tools\compiler\arm_15.12.2.LTS\lib\</path>
         <kind>archive</kind>
         <file>rtsv7M4_T_le_eabi.lib</file>
         <name>pre_init.obj</name>
      </input_file>
      <input_file id="fl-cd">
         <path>C:\ti\ccsv6\tools\compiler\arm_15.12.2.LTS\lib\</path>
         <kind>archive</kind>
         <file>rtsv7M4_T_le_eabi.lib</file>
         <name>stkdepth_vars.obj</name>
      </input_file>
      <input_file id="fl-ce">
         <path>C:\ti\ccsv6\tools\compiler\arm_15.12.2.LTS\lib\</path>
         <kind>archive</kind>
         <file>rtsv7M4_T_le_eabi.lib</file>
         <name>strcpy.obj</name>
      </input_file>
      <input_file id="fl-cf">
         <path>C:\ti\ccsv6\tools\compiler\arm_15.12.2.LTS\lib\</path>
         <kind>archive</kind>
         <file>rtsv7M4_T_le_eabi.lib</file>
         <name>strlen.obj</name>
      </input_file>
      <input_file id="fl-d0">
         <path>C:\ti\ccsv6\tools\compiler\arm_15.12.2.LTS\lib\</path>
         <kind>archive</kind>
         <file>rtsv7M4_T_le_eabi.lib</file>
         <name>vsnprintf.obj</name>
      </input_file>
      <input_file id="fl-d1">
         <path>C:\ti\ccsv6\tools\compiler\arm_15.12.2.LTS\lib\</path>
         <kind>archive</kind>
         <file>rtsv7M4_T_le_eabi.lib</file>
         <name>_lock.obj</name>
      </input_file>
      <input_file id="fl-d2">
         <path>C:\ti\ccsv6\tools\compiler\arm_15.12.2.LTS\lib\</path>
         <kind>archive</kind>
         <file>rtsv7M4_T_le_eabi.lib</file>
         <name>_printfi.obj</name>
      </input_file>
      <input_file id="fl-d3">
         <path>C:\ti\ccsv6\tools\compiler\arm_15.12.2.LTS\lib\</path>
         <kind>archive</kind>
         <file>rtsv7M4_T_le_eabi.lib</file>
         <name>args_main.obj</name>
      </input_file>
      <input_file id="fl-d4">
         <path>C:\ti\ccsv6\tools\compiler\arm_15.12.2.LTS\lib\</path>
         <kind>archive</kind>
         <file>rtsv7M4_T_le_eabi.lib</file>
         <name>atoi.obj</name>
      </input_file>
      <input_file id="fl-d5">
         <path>C:\ti\ccsv6\tools\compiler\arm_15.12.2.LTS\lib\</path>
         <kind>archive</kind>
         <file>rtsv7M4_T_le_eabi.lib</file>
         <name>autoinit.obj</name>
      </input_file>
      <input_file id="fl-d6">
         <path>C:\ti\ccsv6\tools\compiler\arm_15.12.2.LTS\lib\</path>
         <kind>archive</kind>
         <file>rtsv7M4_T_le_eabi.lib</file>
         <name>cpy_tbl.obj</name>
      </input_file>
      <input_file id="fl-d7">
         <path>C:\ti\ccsv6\tools\compiler\arm_15.12.2.LTS\lib\</path>
         <kind>archive</kind>
         <file>rtsv7M4_T_le_eabi.lib</file>
         <name>ctype.obj</name>
      </input_file>
      <input_file id="fl-d8">
         <path>C:\ti\ccsv6\tools\compiler\arm_15.12.2.LTS\lib\</path>
         <kind>archive</kind>
         <file>rtsv7M4_T_le_eabi.lib</file>
         <name>fd_add_t2.obj</name>
      </input_file>
      <input_file id="fl-d9">
         <path>C:\ti\ccsv6\tools\compiler\arm_15.12.2.LTS\lib\</path>
         <kind>archive</kind>
         <file>rtsv7M4_T_le_eabi.lib</file>
         <name>fd_cmp_t2.obj</name>
      </input_file>
      <input_file id="fl-da">
         <path>C:\ti\ccsv6\tools\compiler\arm_15.12.2.LTS\lib\</path>
         <kind>archive</kind>
         <file>rtsv7M4_T_le_eabi.lib</file>
         <name>fd_div_t2.obj</name>
      </input_file>
      <input_file id="fl-db">
         <path>C:\ti\ccsv6\tools\compiler\arm_15.12.2.LTS\lib\</path>
         <kind>archive</kind>
         <file>rtsv7M4_T_le_eabi.lib</file>
         <name>fd_mul_t2.obj</name>
      </input_file>
      <input_file id="fl-dc">
         <path>C:\ti\ccsv6\tools\compiler\arm_15.12.2.LTS\lib\</path>
         <kind>archive</kind>
         <file>rtsv7M4_T_le_eabi.lib</file>
         <name>fd_toi_t2.obj</name>
      </input_file>
      <input_file id="fl-dd">
         <path>C:\ti\ccsv6\tools\compiler\arm_15.12.2.LTS\lib\</path>
         <kind>archive</kind>
         <file>rtsv7M4_T_le_eabi.lib</file>
         <name>i_tofd_t2.obj</name>
      </input_file>
      <input_file id="fl-de">
         <path>C:\ti\ccsv6\tools\compiler\arm_15.12.2.LTS\lib\</path>
         <kind>archive</kind>
         <file>rtsv7M4_T_le_eabi.lib</file>
         <name>ltoa.obj</name>
      </input_file>
      <input_file id="fl-df">
         <path>C:\ti\ccsv6\tools\compiler\arm_15.12.2.LTS\lib\</path>
         <kind>archive</kind>
         <file>rtsv7M4_T_le_eabi.lib</file>
         <name>memccpy.obj</name>
      </input_file>
      <input_file id="fl-e0">
         <path>C:\ti\ccsv6\tools\compiler\arm_15.12.2.LTS\lib\</path>
         <kind>archive</kind>
         <file>rtsv7M4_T_le_eabi.lib</file>
         <name>s_frexp.obj</name>
      </input_file>
      <input_file id="fl-e1">
         <path>C:\ti\ccsv6\tools\compiler\arm_15.12.2.LTS\lib\</path>
         <kind>archive</kind>
         <file>rtsv7M4_T_le_eabi.lib</file>
         <name>s_scalbn.obj</name>
      </input_file>
      <input_file id="fl-e2">
         <path>C:\ti\ccsv6\tools\compiler\arm_15.12.2.LTS\lib\</path>
         <kind>archive</kind>
         <file>rtsv7M4_T_le_eabi.lib</file>
         <name>startup.obj</name>
      </input_file>
      <input_file id="fl-e3">
         <path>C:\ti\ccsv6\tools\compiler\arm_15.12.2.LTS\lib\</path>
         <kind>archive</kind>
         <file>rtsv7M4_T_le_eabi.lib</file>
         <name>strchr.obj</name>
      </input_file>
      <input_file id="fl-e4">
         <path>C:\ti\ccsv6\tools\compiler\arm_15.12.2.LTS\lib\</path>
         <kind>archive</kind>
         <file>rtsv7M4_T_le_eabi.lib</file>
         <name>ull_div_t2.obj</name>
      </input_file>
      <input_file id="fl-e5">
         <path>C:\ti\ccsv6\tools\compiler\arm_15.12.2.LTS\lib\</path>
         <kind>archive</kind>
         <file>rtsv7M4_T_le_eabi.lib</file>
         <name>errno.obj</name>
      </input_file>
      <input_file id="fl-e6">
         <path>C:\ti\ccsv6\tools\compiler\arm_15.12.2.LTS\lib\</path>
         <kind>archive</kind>
         <file>rtsv7M4_T_le_eabi.lib</file>
         <name>s_copysign.obj</name>
      </input_file>
      <input_file id="fl-e7">
         <path>C:\ti\CC3200SDK_1.2.0\cc3200-sdk\driverlib\ccs\Release\</path>
         <kind>archive</kind>
         <file>driverlib.a</file>
         <name>gpio.obj</name>
      </input_file>
      <input_file id="fl-e8">
         <path>C:\ti\CC3200SDK_1.2.0\cc3200-sdk\driverlib\ccs\Release\</path>
         <kind>archive</kind>
         <file>driverlib.a</file>
         <name>interrupt.obj</name>
      </input_file>
      <input_file id="fl-e9">
         <path>C:\ti\CC3200SDK_1.2.0\cc3200-sdk\driverlib\ccs\Release\</path>
         <kind>archive</kind>
         <file>driverlib.a</file>
         <name>pin.obj</name>
      </input_file>
      <input_file id="fl-ea">
         <path>C:\ti\CC3200SDK_1.2.0\cc3200-sdk\driverlib\ccs\Release\</path>
         <kind>archive</kind>
         <file>driverlib.a</file>
         <name>prcm.obj</name>
      </input_file>
      <input_file id="fl-eb">
         <path>C:\ti\CC3200SDK_1.2.0\cc3200-sdk\driverlib\ccs\Release\</path>
         <kind>archive</kind>
         <file>driverlib.a</file>
         <name>uart.obj</name>
      </input_file>
      <input_file id="fl-ec">
         <path>C:\ti\CC3200SDK_1.2.0\cc3200-sdk\driverlib\ccs\Release\</path>
         <kind>archive</kind>
         <file>driverlib.a</file>
         <name>utils.obj</name>
      </input_file>
      <input_file id="fl-ed">
         <path>C:\ti\CC3200SDK_1.2.0\cc3200-sdk\driverlib\ccs\Release\</path>
         <kind>archive</kind>
         <file>driverlib.a</file>
         <name>cpu.obj</name>
      </input_file>
      <input_file id="fl-ee">
         <path>C:\ti\CC3200SDK_1.2.0\cc3200-sdk\driverlib\ccs\Release\</path>
         <kind>archive</kind>
         <file>driverlib.a</file>
         <name>flash.obj</name>
      </input_file>
      <input_file id="fl-ef">
         <path>C:\ti\CC3200SDK_1.2.0\cc3200-sdk\simplelink\ccs\NON_OS\</path>
         <kind>archive</kind>
         <file>simplelink.a</file>
         <name>device.obj</name>
      </input_file>
      <input_file id="fl-f0">
         <path>C:\ti\CC3200SDK_1.2.0\cc3200-sdk\simplelink\ccs\NON_OS\</path>
         <kind>archive</kind>
         <file>simplelink.a</file>
         <name>driver.obj</name>
      </input_file>
      <input_file id="fl-f1">
         <path>C:\ti\CC3200SDK_1.2.0\cc3200-sdk\simplelink\ccs\NON_OS\</path>
         <kind>archive</kind>
         <file>simplelink.a</file>
         <name>netapp.obj</name>
      </input_file>
      <input_file id="fl-f2">
         <path>C:\ti\CC3200SDK_1.2.0\cc3200-sdk\simplelink\ccs\NON_OS\</path>
         <kind>archive</kind>
         <file>simplelink.a</file>
         <name>netcfg.obj</name>
      </input_file>
      <input_file id="fl-f3">
         <path>C:\ti\CC3200SDK_1.2.0\cc3200-sdk\simplelink\ccs\NON_OS\</path>
         <kind>archive</kind>
         <file>simplelink.a</file>
         <name>nonos.obj</name>
      </input_file>
      <input_file id="fl-f4">
         <path>C:\ti\CC3200SDK_1.2.0\cc3200-sdk\simplelink\ccs\NON_OS\</path>
         <kind>archive</kind>
         <file>simplelink.a</file>
         <name>socket.obj</name>
      </input_file>
      <input_file id="fl-f5">
         <path>C:\ti\CC3200SDK_1.2.0\cc3200-sdk\simplelink\ccs\NON_OS\</path>
         <kind>archive</kind>
         <file>simplelink.a</file>
         <name>wlan.obj</name>
      </input_file>
      <input_file id="fl-f6">
         <path>C:\ti\CC3200SDK_1.2.0\cc3200-sdk\simplelink\ccs\NON_OS\</path>
         <kind>archive</kind>
         <file>simplelink.a</file>
         <name>cc_pal.obj</name>
      </input_file>
      <input_file id="fl-f7">
         <path>C:\ti\CC3200SDK_1.2.0\cc3200-sdk\driverlib\ccs\Release\</path>
         <kind>archive</kind>
         <file>driverlib.a</file>
         <name>spi.obj</name>
      </input_file>
      <input_file id="fl-f8">
         <path>C:\ti\CC3200SDK_1.2.0\cc3200-sdk\driverlib\ccs\Release\</path>
         <kind>archive</kind>
         <file>driverlib.a</file>
         <name>udma.obj</name>
      </input_file>
   </input_file_list>
   <object_component_list>
      <object_component id="oc-f">
         <name>.intvecs</name>
         <load_address>0x20004000</load_address>
         <run_address>0x20004000</run_address>
         <size>0x400</size>
         <input_file_ref idref="fl-5"/>
      </object_component>
      <object_component id="oc-3c9">
         <name>.text</name>
         <load_address>0x20004400</load_address>
         <run_address>0x20004400</run_address>
         <size>0x10fc</size>
         <input_file_ref idref="fl-d2"/>
      </object_component>
      <object_component id="oc-ac">
         <name>.text</name>
         <load_address>0x200054fc</load_address>
         <run_address>0x200054fc</run_address>
         <size>0x10bc</size>
         <input_file_ref idref="fl-3"/>
      </object_component>
      <object_component id="oc-5e0">
         <name>.text:_SlDrvMsgRead</name>
         <load_address>0x200065b8</load_address>
         <run_address>0x200065b8</run_address>
         <size>0x590</size>
         <input_file_ref idref="fl-f0"/>
      </object_component>
      <object_component id="oc-20c">
         <name>.text</name>
         <load_address>0x20006b48</load_address>
         <run_address>0x20006b48</run_address>
         <size>0x3dc</size>
         <input_file_ref idref="fl-c9"/>
      </object_component>
      <object_component id="oc-154">
         <name>.text</name>
         <load_address>0x20006f24</load_address>
         <run_address>0x20006f24</run_address>
         <size>0x39c</size>
         <input_file_ref idref="fl-2"/>
      </object_component>
      <object_component id="oc-da">
         <name>.text</name>
         <load_address>0x200072c0</load_address>
         <run_address>0x200072c0</run_address>
         <size>0x280</size>
         <input_file_ref idref="fl-6"/>
      </object_component>
      <object_component id="oc-14e">
         <name>.text:sl_WlanConnect</name>
         <load_address>0x20007540</load_address>
         <run_address>0x20007540</run_address>
         <size>0x260</size>
         <input_file_ref idref="fl-f5"/>
      </object_component>
      <object_component id="oc-64f">
         <name>.text:_SlDrvRxHdrRead</name>
         <load_address>0x200077a0</load_address>
         <run_address>0x200077a0</run_address>
         <size>0x1fc</size>
         <input_file_ref idref="fl-f0"/>
      </object_component>
      <object_component id="oc-53f">
         <name>.text</name>
         <load_address>0x2000799c</load_address>
         <run_address>0x2000799c</run_address>
         <size>0x1f4</size>
         <input_file_ref idref="fl-e4"/>
      </object_component>
      <object_component id="oc-3b0">
         <name>.text:_SlDrvDataReadOp</name>
         <load_address>0x20007b90</load_address>
         <run_address>0x20007b90</run_address>
         <size>0x1e4</size>
         <input_file_ref idref="fl-f0"/>
      </object_component>
      <object_component id="oc-264">
         <name>.text:_SlDrvReleasePoolObj</name>
         <load_address>0x20007d74</load_address>
         <run_address>0x20007d74</run_address>
         <size>0x1d0</size>
         <input_file_ref idref="fl-f0"/>
      </object_component>
      <object_component id="oc-568">
         <name>.text</name>
         <load_address>0x20007f44</load_address>
         <run_address>0x20007f44</run_address>
         <size>0x1b6</size>
         <input_file_ref idref="fl-d8"/>
      </object_component>
      <object_component id="oc-5d3">
         <name>.text:IntDefaultHandler</name>
         <load_address>0x200080fa</load_address>
         <run_address>0x200080fa</run_address>
         <size>0x2</size>
         <input_file_ref idref="fl-e8"/>
      </object_component>
      <object_component id="oc-23a">
         <name>.text:_SlDrvDriverCBInit</name>
         <load_address>0x200080fc</load_address>
         <run_address>0x200080fc</run_address>
         <size>0x1b4</size>
         <input_file_ref idref="fl-f0"/>
      </object_component>
      <object_component id="oc-4b9">
         <name>.text:_SlDrvMsgWrite</name>
         <load_address>0x200082b0</load_address>
         <run_address>0x200082b0</run_address>
         <size>0x19c</size>
         <input_file_ref idref="fl-f0"/>
      </object_component>
      <object_component id="oc-352">
         <name>.text:_SlDrvWaitForPoolObj</name>
         <load_address>0x2000844c</load_address>
         <run_address>0x2000844c</run_address>
         <size>0x190</size>
         <input_file_ref idref="fl-f0"/>
      </object_component>
      <object_component id="oc-148">
         <name>.text:PRCMCC3200MCUInit</name>
         <load_address>0x200085dc</load_address>
         <run_address>0x200085dc</run_address>
         <size>0x178</size>
         <input_file_ref idref="fl-ea"/>
      </object_component>
      <object_component id="oc-661">
         <name>.text:_SlFindAndSetActiveObj</name>
         <load_address>0x20008754</load_address>
         <run_address>0x20008754</run_address>
         <size>0x170</size>
         <input_file_ref idref="fl-f0"/>
      </object_component>
      <object_component id="oc-18a">
         <name>.text:sl_Connect</name>
         <load_address>0x200088c4</load_address>
         <run_address>0x200088c4</run_address>
         <size>0x16c</size>
         <input_file_ref idref="fl-f4"/>
      </object_component>
      <object_component id="oc-3a8">
         <name>.text:_SlDrvDataWriteOp</name>
         <load_address>0x20008a30</load_address>
         <run_address>0x20008a30</run_address>
         <size>0x150</size>
         <input_file_ref idref="fl-f0"/>
      </object_component>
      <object_component id="oc-240">
         <name>.text:spi_Open</name>
         <load_address>0x20008b80</load_address>
         <run_address>0x20008b80</run_address>
         <size>0x148</size>
         <input_file_ref idref="fl-f6"/>
      </object_component>
      <object_component id="oc-54e">
         <name>.text</name>
         <load_address>0x20008cc8</load_address>
         <run_address>0x20008cc8</run_address>
         <size>0x136</size>
         <input_file_ref idref="fl-da"/>
      </object_component>
      <object_component id="oc-5b">
         <name>.text</name>
         <load_address>0x20008dfe</load_address>
         <run_address>0x20008dfe</run_address>
         <size>0x2</size>
         <input_file_ref idref="fl-cb"/>
      </object_component>
      <object_component id="oc-16c">
         <name>.text:sl_NetAppDnsGetHostByName</name>
         <load_address>0x20008e00</load_address>
         <run_address>0x20008e00</run_address>
         <size>0x12c</size>
         <input_file_ref idref="fl-f1"/>
      </object_component>
      <object_component id="oc-4bf">
         <name>.text:_SlDrvMsgReadCmdCtx</name>
         <load_address>0x20008f2c</load_address>
         <run_address>0x20008f2c</run_address>
         <size>0x128</size>
         <input_file_ref idref="fl-f0"/>
      </object_component>
      <object_component id="oc-2a3">
         <name>.text:_SlDrvDriverCBDeinit</name>
         <load_address>0x20009054</load_address>
         <run_address>0x20009054</run_address>
         <size>0x124</size>
         <input_file_ref idref="fl-f0"/>
      </object_component>
      <object_component id="oc-19f">
         <name>.text:sl_Send</name>
         <load_address>0x20009178</load_address>
         <run_address>0x20009178</run_address>
         <size>0x118</size>
         <input_file_ref idref="fl-f4"/>
      </object_component>
      <object_component id="oc-6b5">
         <name>.text:_SlDrvNetAppEventHandler</name>
         <load_address>0x20009290</load_address>
         <run_address>0x20009290</run_address>
         <size>0x104</size>
         <input_file_ref idref="fl-f1"/>
      </object_component>
      <object_component id="oc-549">
         <name>.text</name>
         <load_address>0x20009394</load_address>
         <run_address>0x20009394</run_address>
         <size>0xfc</size>
         <input_file_ref idref="fl-db"/>
      </object_component>
      <object_component id="oc-191">
         <name>.text</name>
         <load_address>0x20009490</load_address>
         <run_address>0x20009490</run_address>
         <size>0xf8</size>
         <input_file_ref idref="fl-4"/>
      </object_component>
      <object_component id="oc-65b">
         <name>.text:spi_Read</name>
         <load_address>0x20009588</load_address>
         <run_address>0x20009588</run_address>
         <size>0xf0</size>
         <input_file_ref idref="fl-f6"/>
      </object_component>
      <object_component id="oc-736">
         <name>.text:uDMAChannelTransferSet</name>
         <load_address>0x20009678</load_address>
         <run_address>0x20009678</run_address>
         <size>0xf0</size>
         <input_file_ref idref="fl-f8"/>
      </object_component>
      <object_component id="oc-5e6">
         <name>.text:_SlAsyncEventGenericHandler</name>
         <load_address>0x20009768</load_address>
         <run_address>0x20009768</run_address>
         <size>0xe8</size>
         <input_file_ref idref="fl-f0"/>
      </object_component>
      <object_component id="oc-f9">
         <name>.text:sl_Stop</name>
         <load_address>0x20009850</load_address>
         <run_address>0x20009850</run_address>
         <size>0xe4</size>
         <input_file_ref idref="fl-ef"/>
      </object_component>
      <object_component id="oc-e7">
         <name>.text:sl_Start</name>
         <load_address>0x20009934</load_address>
         <run_address>0x20009934</run_address>
         <size>0xe0</size>
         <input_file_ref idref="fl-ef"/>
      </object_component>
      <object_component id="oc-655">
         <name>.text:_SlDrvClassifyRxMsg</name>
         <load_address>0x20009a14</load_address>
         <run_address>0x20009a14</run_address>
         <size>0xdc</size>
         <input_file_ref idref="fl-f0"/>
      </object_component>
      <object_component id="oc-4a0">
         <name>.text:_SlDrvMsgReadSpawnCtx</name>
         <load_address>0x20009af0</load_address>
         <run_address>0x20009af0</run_address>
         <size>0xd4</size>
         <input_file_ref idref="fl-f0"/>
      </object_component>
      <object_component id="oc-573">
         <name>.text</name>
         <load_address>0x20009bc4</load_address>
         <run_address>0x20009bc4</run_address>
         <size>0xd0</size>
         <input_file_ref idref="fl-e1"/>
      </object_component>
      <object_component id="oc-6fa">
         <name>.text:_sl_HandleAsync_DnsGetHostByService</name>
         <load_address>0x20009c94</load_address>
         <run_address>0x20009c94</run_address>
         <size>0xcc</size>
         <input_file_ref idref="fl-f1"/>
      </object_component>
      <object_component id="oc-2d2">
         <name>.text:sl_NetAppMDNSRegisterUnregisterService</name>
         <load_address>0x20009d60</load_address>
         <run_address>0x20009d60</run_address>
         <size>0xc8</size>
         <input_file_ref idref="fl-f1"/>
      </object_component>
      <object_component id="oc-47e">
         <name>.text:_SlRemoveFromList</name>
         <load_address>0x20009e28</load_address>
         <run_address>0x20009e28</run_address>
         <size>0xc4</size>
         <input_file_ref idref="fl-f0"/>
      </object_component>
      <object_component id="oc-28d">
         <name>.text:_SlDrvCmdOp</name>
         <load_address>0x20009eec</load_address>
         <run_address>0x20009eec</run_address>
         <size>0xc0</size>
         <input_file_ref idref="fl-f0"/>
      </object_component>
      <object_component id="oc-ff">
         <name>.text:sl_DevGet</name>
         <load_address>0x20009fac</load_address>
         <run_address>0x20009fac</run_address>
         <size>0xb4</size>
         <input_file_ref idref="fl-ef"/>
      </object_component>
      <object_component id="oc-45d">
         <name>.text:IntDisable</name>
         <load_address>0x2000a060</load_address>
         <run_address>0x2000a060</run_address>
         <size>0xa8</size>
         <input_file_ref idref="fl-e8"/>
      </object_component>
      <object_component id="oc-142">
         <name>.text:IntEnable</name>
         <load_address>0x2000a108</load_address>
         <run_address>0x2000a108</run_address>
         <size>0xa8</size>
         <input_file_ref idref="fl-e8"/>
      </object_component>
      <object_component id="oc-477">
         <name>.text:_SlDriverHandleError</name>
         <load_address>0x2000a1b0</load_address>
         <run_address>0x2000a1b0</run_address>
         <size>0xa4</size>
         <input_file_ref idref="fl-f0"/>
      </object_component>
      <object_component id="oc-40a">
         <name>.text:SPIConfigSetExpClk</name>
         <load_address>0x2000a254</load_address>
         <run_address>0x2000a254</run_address>
         <size>0xa0</size>
         <input_file_ref idref="fl-f7"/>
      </object_component>
      <object_component id="oc-36">
         <name>.text</name>
         <load_address>0x2000a2f4</load_address>
         <run_address>0x2000a2f4</run_address>
         <size>0x9c</size>
         <input_file_ref idref="fl-c7"/>
      </object_component>
      <object_component id="oc-685">
         <name>.text:_SlDrvDeviceEventHandler</name>
         <load_address>0x2000a390</load_address>
         <run_address>0x2000a390</run_address>
         <size>0x9a</size>
         <input_file_ref idref="fl-ef"/>
      </object_component>
      <object_component id="oc-a4">
         <name>.text</name>
         <load_address>0x2000a42a</load_address>
         <run_address>0x2000a42a</run_address>
         <size>0x2</size>
         <input_file_ref idref="fl-e2"/>
      </object_component>
      <object_component id="oc-5ef">
         <name>.text:spi_Write</name>
         <load_address>0x2000a42c</load_address>
         <run_address>0x2000a42c</run_address>
         <size>0x98</size>
         <input_file_ref idref="fl-f6"/>
      </object_component>
      <object_component id="oc-1e2">
         <name>.text:PRCMPeripheralClockGet</name>
         <load_address>0x2000a4c4</load_address>
         <run_address>0x2000a4c4</run_address>
         <size>0x94</size>
         <input_file_ref idref="fl-ea"/>
      </object_component>
      <object_component id="oc-6f4">
         <name>.text:_sl_HandleAsync_DnsGetHostByName</name>
         <load_address>0x2000a558</load_address>
         <run_address>0x2000a558</run_address>
         <size>0x90</size>
         <input_file_ref idref="fl-f1"/>
      </object_component>
      <object_component id="oc-6bb">
         <name>.text:_sl_HandleAsync_PingResponse</name>
         <load_address>0x2000a5e8</load_address>
         <run_address>0x2000a5e8</run_address>
         <size>0x90</size>
         <input_file_ref idref="fl-f1"/>
      </object_component>
      <object_component id="oc-6c2">
         <name>.text:SetupDMAReceive</name>
         <load_address>0x2000a678</load_address>
         <run_address>0x2000a678</run_address>
         <size>0x8c</size>
         <input_file_ref idref="fl-f6"/>
      </object_component>
      <object_component id="oc-66c">
         <name>.text:SetupDMASend</name>
         <load_address>0x2000a704</load_address>
         <run_address>0x2000a704</run_address>
         <size>0x8c</size>
         <input_file_ref idref="fl-f6"/>
      </object_component>
      <object_component id="oc-520">
         <name>.text:PinConfigSet</name>
         <load_address>0x2000a790</load_address>
         <run_address>0x2000a790</run_address>
         <size>0x88</size>
         <input_file_ref idref="fl-e9"/>
      </object_component>
      <object_component id="oc-1f4">
         <name>.text</name>
         <load_address>0x2000a818</load_address>
         <run_address>0x2000a818</run_address>
         <size>0x88</size>
         <input_file_ref idref="fl-d0"/>
      </object_component>
      <object_component id="oc-1ab">
         <name>.text:sl_Recv</name>
         <load_address>0x2000a8a0</load_address>
         <run_address>0x2000a8a0</run_address>
         <size>0x88</size>
         <input_file_ref idref="fl-f4"/>
      </object_component>
      <object_component id="oc-544">
         <name>.text:__aeabi_cdcmple</name>
         <load_address>0x2000a928</load_address>
         <run_address>0x2000a928</run_address>
         <size>0x86</size>
         <input_file_ref idref="fl-d9"/>
      </object_component>
      <object_component id="oc-553">
         <name>.text:__aeabi_cdrcmple</name>
         <load_address>0x2000a9ae</load_address>
         <run_address>0x2000a9ae</run_address>
         <size>0x86</size>
         <input_file_ref idref="fl-d9"/>
      </object_component>
      <object_component id="oc-317">
         <name>.text:GPIOIntTypeSet</name>
         <load_address>0x2000aa34</load_address>
         <run_address>0x2000aa34</run_address>
         <size>0x82</size>
         <input_file_ref idref="fl-e7"/>
      </object_component>
      <object_component id="oc-71c">
         <name>.text:_sl_HandleAsync_Connect</name>
         <load_address>0x2000aab8</load_address>
         <run_address>0x2000aab8</run_address>
         <size>0x80</size>
         <input_file_ref idref="fl-f4"/>
      </object_component>
      <object_component id="oc-6df">
         <name>.text:_sl_HandleAsync_InitComplete</name>
         <load_address>0x2000ab38</load_address>
         <run_address>0x2000ab38</run_address>
         <size>0x80</size>
         <input_file_ref idref="fl-ef"/>
      </object_component>
      <object_component id="oc-6c8">
         <name>.text:spi_Read_CPU</name>
         <load_address>0x2000abb8</load_address>
         <run_address>0x2000abb8</run_address>
         <size>0x80</size>
         <input_file_ref idref="fl-f6"/>
      </object_component>
      <object_component id="oc-67e">
         <name>.text:spi_Write_CPU</name>
         <load_address>0x2000ac38</load_address>
         <run_address>0x2000ac38</run_address>
         <size>0x80</size>
         <input_file_ref idref="fl-f6"/>
      </object_component>
      <object_component id="oc-15b">
         <name>.text:sl_DevSet</name>
         <load_address>0x2000acb8</load_address>
         <run_address>0x2000acb8</run_address>
         <size>0x7c</size>
         <input_file_ref idref="fl-ef"/>
      </object_component>
      <object_component id="oc-117">
         <name>.text:sl_NetCfgSet</name>
         <load_address>0x2000ad34</load_address>
         <run_address>0x2000ad34</run_address>
         <size>0x7c</size>
         <input_file_ref idref="fl-f2"/>
      </object_component>
      <object_component id="oc-184">
         <name>.text:sl_SetSockOpt</name>
         <load_address>0x2000adb0</load_address>
         <run_address>0x2000adb0</run_address>
         <size>0x7c</size>
         <input_file_ref idref="fl-f4"/>
      </object_component>
      <object_component id="oc-11d">
         <name>.text:sl_WlanSet</name>
         <load_address>0x2000ae2c</load_address>
         <run_address>0x2000ae2c</run_address>
         <size>0x7c</size>
         <input_file_ref idref="fl-f5"/>
      </object_component>
      <object_component id="oc-4f">
         <name>.text</name>
         <load_address>0x2000aea8</load_address>
         <run_address>0x2000aea8</run_address>
         <size>0x7a</size>
         <input_file_ref idref="fl-ca"/>
      </object_component>
      <object_component id="oc-3ed">
         <name>.text:_SlNonOsSemGet</name>
         <load_address>0x2000af24</load_address>
         <run_address>0x2000af24</run_address>
         <size>0x78</size>
         <input_file_ref idref="fl-f3"/>
      </object_component>
      <object_component id="oc-105">
         <name>.text:sl_WlanPolicySet</name>
         <load_address>0x2000af9c</load_address>
         <run_address>0x2000af9c</run_address>
         <size>0x78</size>
         <input_file_ref idref="fl-f5"/>
      </object_component>
      <object_component id="oc-29d">
         <name>.text:spi_Close</name>
         <load_address>0x2000b014</load_address>
         <run_address>0x2000b014</run_address>
         <size>0x78</size>
         <input_file_ref idref="fl-f6"/>
      </object_component>
      <object_component id="oc-1e8">
         <name>.text:UARTConfigSetExpClk</name>
         <load_address>0x2000b08c</load_address>
         <run_address>0x2000b08c</run_address>
         <size>0x76</size>
         <input_file_ref idref="fl-eb"/>
      </object_component>
      <object_component id="oc-ed">
         <name>.text:_SlNonOsMainLoopTask</name>
         <load_address>0x2000b104</load_address>
         <run_address>0x2000b104</run_address>
         <size>0x74</size>
         <input_file_ref idref="fl-f3"/>
      </object_component>
      <object_component id="oc-67">
         <name>.text</name>
         <load_address>0x2000b178</load_address>
         <run_address>0x2000b178</run_address>
         <size>0x70</size>
         <input_file_ref idref="fl-d5"/>
      </object_component>
      <object_component id="oc-17e">
         <name>.text:sl_Socket</name>
         <load_address>0x2000b1e8</load_address>
         <run_address>0x2000b1e8</run_address>
         <size>0x70</size>
         <input_file_ref idref="fl-f4"/>
      </object_component>
      <object_component id="oc-74e">
         <name>.text:_SlDrvCmdSend</name>
         <load_address>0x2000b258</load_address>
         <run_address>0x2000b258</run_address>
         <size>0x6c</size>
         <input_file_ref idref="fl-f0"/>
      </object_component>
      <object_component id="oc-706">
         <name>.text:_sl_NetAppSendTokenValue</name>
         <load_address>0x2000b2c4</load_address>
         <run_address>0x2000b2c4</run_address>
         <size>0x6c</size>
         <input_file_ref idref="fl-f1"/>
      </object_component>
      <object_component id="oc-12f">
         <name>.text:sl_WlanRxFilterSet</name>
         <load_address>0x2000b330</load_address>
         <run_address>0x2000b330</run_address>
         <size>0x6c</size>
         <input_file_ref idref="fl-f5"/>
      </object_component>
      <object_component id="oc-42">
         <name>.text</name>
         <load_address>0x2000b39c</load_address>
         <run_address>0x2000b39c</run_address>
         <size>0x6a</size>
         <input_file_ref idref="fl-c4"/>
      </object_component>
      <object_component id="oc-49a">
         <name>.text:_SlNonOsSpawn</name>
         <load_address>0x2000b408</load_address>
         <run_address>0x2000b408</run_address>
         <size>0x64</size>
         <input_file_ref idref="fl-f3"/>
      </object_component>
      <object_component id="oc-716">
         <name>.text:_sl_HandleAsync_Accept</name>
         <load_address>0x2000b46c</load_address>
         <run_address>0x2000b46c</run_address>
         <size>0x64</size>
         <input_file_ref idref="fl-f4"/>
      </object_component>
      <object_component id="oc-5ac">
         <name>.text:uDMAChannelAttributeDisable</name>
         <load_address>0x2000b4d0</load_address>
         <run_address>0x2000b4d0</run_address>
         <size>0x64</size>
         <input_file_ref idref="fl-f8"/>
      </object_component>
      <object_component id="oc-730">
         <name>.text:uDMAChannelAttributeEnable</name>
         <load_address>0x2000b534</load_address>
         <run_address>0x2000b534</run_address>
         <size>0x64</size>
         <input_file_ref idref="fl-f8"/>
      </object_component>
      <object_component id="oc-56d">
         <name>.text</name>
         <load_address>0x2000b598</load_address>
         <run_address>0x2000b598</run_address>
         <size>0x5c</size>
         <input_file_ref idref="fl-e0"/>
      </object_component>
      <object_component id="oc-469">
         <name>.text:IntPendClear</name>
         <load_address>0x2000b5f4</load_address>
         <run_address>0x2000b5f4</run_address>
         <size>0x58</size>
         <input_file_ref idref="fl-e8"/>
      </object_component>
      <object_component id="oc-303">
         <name>.text:PRCMPeripheralReset</name>
         <load_address>0x2000b64c</load_address>
         <run_address>0x2000b64c</run_address>
         <size>0x58</size>
         <input_file_ref idref="fl-ea"/>
      </object_component>
      <object_component id="oc-55d">
         <name>.text</name>
         <load_address>0x2000b6a4</load_address>
         <run_address>0x2000b6a4</run_address>
         <size>0x56</size>
         <input_file_ref idref="fl-de"/>
      </object_component>
      <object_component id="oc-31d">
         <name>.text:IntPrioritySet</name>
         <load_address>0x2000b6fc</load_address>
         <run_address>0x2000b6fc</run_address>
         <size>0x54</size>
         <input_file_ref idref="fl-e8"/>
      </object_component>
      <object_component id="oc-276">
         <name>.text:_SlDrvRxIrqHandler</name>
         <load_address>0x2000b750</load_address>
         <run_address>0x2000b750</run_address>
         <size>0x54</size>
         <input_file_ref idref="fl-f0"/>
      </object_component>
      <object_component id="oc-722">
         <name>.text:_sl_HandleAsync_Select</name>
         <load_address>0x2000b7a4</load_address>
         <run_address>0x2000b7a4</run_address>
         <size>0x54</size>
         <input_file_ref idref="fl-f4"/>
      </object_component>
      <object_component id="oc-73">
         <name>.text</name>
         <load_address>0x2000b7f8</load_address>
         <run_address>0x2000b7f8</run_address>
         <size>0x54</size>
         <input_file_ref idref="fl-c6"/>
      </object_component>
      <object_component id="oc-6e5">
         <name>.text:_sl_HandleAsync_Stop</name>
         <load_address>0x2000b84c</load_address>
         <run_address>0x2000b84c</run_address>
         <size>0x50</size>
         <input_file_ref idref="fl-ef"/>
      </object_component>
      <object_component id="oc-434">
         <name>.text:SPIIntEnable</name>
         <load_address>0x2000b89c</load_address>
         <run_address>0x2000b89c</run_address>
         <size>0x4c</size>
         <input_file_ref idref="fl-f7"/>
      </object_component>
      <object_component id="oc-5fa">
         <name>.text:SPIIntNumberGet</name>
         <load_address>0x2000b8e8</load_address>
         <run_address>0x2000b8e8</run_address>
         <size>0x4c</size>
         <input_file_ref idref="fl-f7"/>
      </object_component>
      <object_component id="oc-246">
         <name>.text:_SlDrvProtectAsyncRespSetting</name>
         <load_address>0x2000b934</load_address>
         <run_address>0x2000b934</run_address>
         <size>0x4c</size>
         <input_file_ref idref="fl-f0"/>
      </object_component>
      <object_component id="oc-380">
         <name>.text:_sl_BuildAddress</name>
         <load_address>0x2000b980</load_address>
         <run_address>0x2000b980</run_address>
         <size>0x4c</size>
         <input_file_ref idref="fl-f4"/>
      </object_component>
      <object_component id="oc-585">
         <name>.text</name>
         <load_address>0x2000b9cc</load_address>
         <run_address>0x2000b9cc</run_address>
         <size>0x4c</size>
         <input_file_ref idref="fl-d4"/>
      </object_component>
      <object_component id="oc-9e">
         <name>.text</name>
         <load_address>0x2000ba18</load_address>
         <run_address>0x2000ba18</run_address>
         <size>0x4c</size>
         <input_file_ref idref="fl-d6"/>
      </object_component>
      <object_component id="oc-5a6">
         <name>.text:uDMAChannelAssign</name>
         <load_address>0x2000ba64</load_address>
         <run_address>0x2000ba64</run_address>
         <size>0x4c</size>
         <input_file_ref idref="fl-f8"/>
      </object_component>
      <object_component id="oc-4fd">
         <name>.text:GPIOGetIntNumber</name>
         <load_address>0x2000bab0</load_address>
         <run_address>0x2000bab0</run_address>
         <size>0x48</size>
         <input_file_ref idref="fl-e7"/>
      </object_component>
      <object_component id="oc-5c3">
         <name>.text:SPIIntClear</name>
         <load_address>0x2000baf8</load_address>
         <run_address>0x2000baf8</run_address>
         <size>0x48</size>
         <input_file_ref idref="fl-f7"/>
      </object_component>
      <object_component id="oc-2c0">
         <name>.text:_SlDrvBasicCmd</name>
         <load_address>0x2000bb40</load_address>
         <run_address>0x2000bb40</run_address>
         <size>0x48</size>
         <input_file_ref idref="fl-f0"/>
      </object_component>
      <object_component id="oc-558">
         <name>.text</name>
         <load_address>0x2000bb88</load_address>
         <run_address>0x2000bb88</run_address>
         <size>0x48</size>
         <input_file_ref idref="fl-dc"/>
      </object_component>
      <object_component id="oc-123">
         <name>.text:sl_NetAppMDNSUnRegisterService</name>
         <load_address>0x2000bbd0</load_address>
         <run_address>0x2000bbd0</run_address>
         <size>0x48</size>
         <input_file_ref idref="fl-f1"/>
      </object_component>
      <object_component id="oc-5b7">
         <name>.text:SPIDmaMaskGet</name>
         <load_address>0x2000bc18</load_address>
         <run_address>0x2000bc18</run_address>
         <size>0x44</size>
         <input_file_ref idref="fl-f7"/>
      </object_component>
      <object_component id="oc-747">
         <name>.text:_SlDrvHandleHttpServerEvents</name>
         <load_address>0x2000bc5c</load_address>
         <run_address>0x2000bc5c</run_address>
         <size>0x44</size>
         <input_file_ref idref="fl-f0"/>
      </object_component>
      <object_component id="oc-25e">
         <name>.text:_SlDrvSyncObjWaitTimeout</name>
         <load_address>0x2000bca0</load_address>
         <run_address>0x2000bca0</run_address>
         <size>0x44</size>
         <input_file_ref idref="fl-f0"/>
      </object_component>
      <object_component id="oc-6d5">
         <name>.text:cc_SetupTransfer</name>
         <load_address>0x2000bce4</load_address>
         <run_address>0x2000bce4</run_address>
         <size>0x44</size>
         <input_file_ref idref="fl-f6"/>
      </object_component>
      <object_component id="oc-1a5">
         <name>.text:sl_Close</name>
         <load_address>0x2000bd28</load_address>
         <run_address>0x2000bd28</run_address>
         <size>0x44</size>
         <input_file_ref idref="fl-f4"/>
      </object_component>
      <object_component id="oc-10b">
         <name>.text:sl_WlanProfileDel</name>
         <load_address>0x2000bd6c</load_address>
         <run_address>0x2000bd6c</run_address>
         <size>0x44</size>
         <input_file_ref idref="fl-f5"/>
      </object_component>
      <object_component id="oc-f3">
         <name>.text:sl_WlanSetMode</name>
         <load_address>0x2000bdb0</load_address>
         <run_address>0x2000bdb0</run_address>
         <size>0x44</size>
         <input_file_ref idref="fl-f5"/>
      </object_component>
      <object_component id="oc-178">
         <name>.text:sl_Htonl</name>
         <load_address>0x2000bdf4</load_address>
         <run_address>0x2000bdf4</run_address>
         <size>0x42</size>
         <input_file_ref idref="fl-f4"/>
      </object_component>
      <object_component id="oc-387">
         <name>.text:PinModeSet</name>
         <load_address>0x2000be38</load_address>
         <run_address>0x2000be38</run_address>
         <size>0x40</size>
         <input_file_ref idref="fl-e9"/>
      </object_component>
      <object_component id="oc-691">
         <name>.text:_SlDrvHandleNetAppEvents</name>
         <load_address>0x2000be78</load_address>
         <run_address>0x2000be78</run_address>
         <size>0x40</size>
         <input_file_ref idref="fl-f0"/>
      </object_component>
      <object_component id="oc-68b">
         <name>.text:_SlDrvHandleWlanEvents</name>
         <load_address>0x2000beb8</load_address>
         <run_address>0x2000beb8</run_address>
         <size>0x40</size>
         <input_file_ref idref="fl-f0"/>
      </object_component>
      <object_component id="oc-3a2">
         <name>.text:_sl_TruncatePayloadByProtocol</name>
         <load_address>0x2000bef8</load_address>
         <run_address>0x2000bef8</run_address>
         <size>0x40</size>
         <input_file_ref idref="fl-f4"/>
      </object_component>
      <object_component id="oc-24">
         <name>.text</name>
         <load_address>0x2000bf38</load_address>
         <run_address>0x2000bf38</run_address>
         <size>0x40</size>
         <input_file_ref idref="fl-c2"/>
      </object_component>
      <object_component id="oc-252">
         <name>.text:NwpRegisterInterruptHandler</name>
         <load_address>0x2000bf78</load_address>
         <run_address>0x2000bf78</run_address>
         <size>0x3e</size>
         <input_file_ref idref="fl-f6"/>
      </object_component>
      <object_component id="oc-70d">
         <name>.text:CopyPingResultsToReport</name>
         <load_address>0x2000bfb6</load_address>
         <run_address>0x2000bfb6</run_address>
         <size>0x3c</size>
         <input_file_ref idref="fl-f1"/>
      </object_component>
      <object_component id="oc-2fd">
         <name>.text:PRCMPeripheralClkEnable</name>
         <load_address>0x2000bff4</load_address>
         <run_address>0x2000bff4</run_address>
         <size>0x3c</size>
         <input_file_ref idref="fl-ea"/>
      </object_component>
      <object_component id="oc-172">
         <name>.text:sl_Htons</name>
         <load_address>0x2000c030</load_address>
         <run_address>0x2000c030</run_address>
         <size>0x3c</size>
         <input_file_ref idref="fl-f4"/>
      </object_component>
      <object_component id="oc-72a">
         <name>.text:uDMAChannelControlSet</name>
         <load_address>0x2000c06c</load_address>
         <run_address>0x2000c06c</run_address>
         <size>0x3c</size>
         <input_file_ref idref="fl-f8"/>
      </object_component>
      <object_component id="oc-24c">
         <name>.text:NwpPowerOff</name>
         <load_address>0x2000c0a8</load_address>
         <run_address>0x2000c0a8</run_address>
         <size>0x38</size>
         <input_file_ref idref="fl-f6"/>
      </object_component>
      <object_component id="oc-399">
         <name>.text:GPIODirModeSet</name>
         <load_address>0x2000c0e0</load_address>
         <run_address>0x2000c0e0</run_address>
         <size>0x36</size>
         <input_file_ref idref="fl-e7"/>
      </object_component>
      <object_component id="oc-410">
         <name>.text:PRCMPeripheralStatusGet</name>
         <load_address>0x2000c118</load_address>
         <run_address>0x2000c118</run_address>
         <size>0x34</size>
         <input_file_ref idref="fl-ea"/>
      </object_component>
      <object_component id="oc-428">
         <name>.text:SPIFIFOLevelSet</name>
         <load_address>0x2000c14c</load_address>
         <run_address>0x2000c14c</run_address>
         <size>0x34</size>
         <input_file_ref idref="fl-f7"/>
      </object_component>
      <object_component id="oc-393">
         <name>.text:PinTypeGPIO</name>
         <load_address>0x2000c180</load_address>
         <run_address>0x2000c180</run_address>
         <size>0x30</size>
         <input_file_ref idref="fl-e9"/>
      </object_component>
      <object_component id="oc-3bb">
         <name>.text:UARTDisable</name>
         <load_address>0x2000c1b0</load_address>
         <run_address>0x2000c1b0</run_address>
         <size>0x30</size>
         <input_file_ref idref="fl-eb"/>
      </object_component>
      <object_component id="oc-563">
         <name>.text</name>
         <load_address>0x2000c1e0</load_address>
         <run_address>0x2000c1e0</run_address>
         <size>0x2e</size>
         <input_file_ref idref="fl-dd"/>
      </object_component>
      <object_component id="oc-2eb">
         <name>.text:PRCMSysResetCauseGet</name>
         <load_address>0x2000c210</load_address>
         <run_address>0x2000c210</run_address>
         <size>0x2c</size>
         <input_file_ref idref="fl-ea"/>
      </object_component>
      <object_component id="oc-4ad">
         <name>.text:_SlDrvObjGlobalLockWaitForever</name>
         <load_address>0x2000c23c</load_address>
         <run_address>0x2000c23c</run_address>
         <size>0x2c</size>
         <input_file_ref idref="fl-f0"/>
      </object_component>
      <object_component id="oc-358">
         <name>.text:_SlDrvProtectionObjLockWaitForever</name>
         <load_address>0x2000c268</load_address>
         <run_address>0x2000c268</run_address>
         <size>0x2c</size>
         <input_file_ref idref="fl-f0"/>
      </object_component>
      <object_component id="oc-309">
         <name>.text:PRCMPeripheralClkDisable</name>
         <load_address>0x2000c294</load_address>
         <run_address>0x2000c294</run_address>
         <size>0x28</size>
         <input_file_ref idref="fl-ea"/>
      </object_component>
      <object_component id="oc-4b3">
         <name>.text:_SlDrvGlobalObjUnLock</name>
         <load_address>0x2000c2bc</load_address>
         <run_address>0x2000c2bc</run_address>
         <size>0x28</size>
         <input_file_ref idref="fl-f0"/>
      </object_component>
      <object_component id="oc-35e">
         <name>.text:_SlDrvProtectionObjUnLock</name>
         <load_address>0x2000c2e4</load_address>
         <run_address>0x2000c2e4</run_address>
         <size>0x28</size>
         <input_file_ref idref="fl-f0"/>
      </object_component>
      <object_component id="oc-364">
         <name>.text:_SlDrvSyncObjWaitForever</name>
         <load_address>0x2000c30c</load_address>
         <run_address>0x2000c30c</run_address>
         <size>0x28</size>
         <input_file_ref idref="fl-f0"/>
      </object_component>
      <object_component id="oc-446">
         <name>.text:DmaSpiSwIntHandler</name>
         <load_address>0x2000c334</load_address>
         <run_address>0x2000c334</run_address>
         <size>0x24</size>
         <input_file_ref idref="fl-f6"/>
      </object_component>
      <object_component id="oc-463">
         <name>.text:IntUnregister</name>
         <load_address>0x2000c358</load_address>
         <run_address>0x2000c358</run_address>
         <size>0x24</size>
         <input_file_ref idref="fl-e8"/>
      </object_component>
      <object_component id="oc-3c1">
         <name>.text:UARTEnable</name>
         <load_address>0x2000c37c</load_address>
         <run_address>0x2000c37c</run_address>
         <size>0x24</size>
         <input_file_ref idref="fl-eb"/>
      </object_component>
      <object_component id="oc-52f">
         <name>.text:_SlDrvObjLockWaitForever</name>
         <load_address>0x2000c3a0</load_address>
         <run_address>0x2000c3a0</run_address>
         <size>0x24</size>
         <input_file_ref idref="fl-f0"/>
      </object_component>
      <object_component id="oc-206">
         <name>.text</name>
         <load_address>0x2000c3c4</load_address>
         <run_address>0x2000c3c4</run_address>
         <size>0x24</size>
         <input_file_ref idref="fl-c8"/>
      </object_component>
      <object_component id="oc-404">
         <name>.text:SPIReset</name>
         <load_address>0x2000c3e8</load_address>
         <run_address>0x2000c3e8</run_address>
         <size>0x22</size>
         <input_file_ref idref="fl-f7"/>
      </object_component>
      <object_component id="oc-678">
         <name>.text:SPIWordCountSet</name>
         <load_address>0x2000c40a</load_address>
         <run_address>0x2000c40a</run_address>
         <size>0x22</size>
         <input_file_ref idref="fl-f7"/>
      </object_component>
      <object_component id="oc-335">
         <name>.text:GPIOPinWrite</name>
         <load_address>0x2000c42c</load_address>
         <run_address>0x2000c42c</run_address>
         <size>0x20</size>
         <input_file_ref idref="fl-e7"/>
      </object_component>
      <object_component id="oc-42e">
         <name>.text:IntRegister</name>
         <load_address>0x2000c44c</load_address>
         <run_address>0x2000c44c</run_address>
         <size>0x20</size>
         <input_file_ref idref="fl-e8"/>
      </object_component>
      <object_component id="oc-258">
         <name>.text:NwpPowerOn</name>
         <load_address>0x2000c46c</load_address>
         <run_address>0x2000c46c</run_address>
         <size>0x20</size>
         <input_file_ref idref="fl-f6"/>
      </object_component>
      <object_component id="oc-535">
         <name>.text:_SlDrvObjUnLock</name>
         <load_address>0x2000c48c</load_address>
         <run_address>0x2000c48c</run_address>
         <size>0x20</size>
         <input_file_ref idref="fl-f0"/>
      </object_component>
      <object_component id="oc-484">
         <name>.text:_SlDrvSyncObjSignal</name>
         <load_address>0x2000c4ac</load_address>
         <run_address>0x2000c4ac</run_address>
         <size>0x20</size>
         <input_file_ref idref="fl-f0"/>
      </object_component>
      <object_component id="oc-111">
         <name>.text:sl_WlanDisconnect</name>
         <load_address>0x2000c4cc</load_address>
         <run_address>0x2000c4cc</run_address>
         <size>0x20</size>
         <input_file_ref idref="fl-f5"/>
      </object_component>
      <object_component id="oc-323">
         <name>.text:GPIOIntRegister</name>
         <load_address>0x2000c4ec</load_address>
         <run_address>0x2000c4ec</run_address>
         <size>0x1e</size>
         <input_file_ref idref="fl-e7"/>
      </object_component>
      <object_component id="oc-1ee">
         <name>.text:UARTCharPut</name>
         <load_address>0x2000c50a</load_address>
         <run_address>0x2000c50a</run_address>
         <size>0x1e</size>
         <input_file_ref idref="fl-eb"/>
      </object_component>
      <object_component id="oc-416">
         <name>.text:cc_UDMAChannelSelect</name>
         <load_address>0x2000c528</load_address>
         <run_address>0x2000c528</run_address>
         <size>0x1e</size>
         <input_file_ref idref="fl-f6"/>
      </object_component>
      <object_component id="oc-200">
         <name>.text:UARTCharGetNonBlocking</name>
         <load_address>0x2000c546</load_address>
         <run_address>0x2000c546</run_address>
         <size>0x1c</size>
         <input_file_ref idref="fl-eb"/>
      </object_component>
      <object_component id="oc-57f">
         <name>.text</name>
         <load_address>0x2000c562</load_address>
         <run_address>0x2000c562</run_address>
         <size>0x1c</size>
         <input_file_ref idref="fl-df"/>
      </object_component>
      <object_component id="oc-73c">
         <name>.text:uDMAChannelEnable</name>
         <load_address>0x2000c580</load_address>
         <run_address>0x2000c580</run_address>
         <size>0x1c</size>
         <input_file_ref idref="fl-f8"/>
      </object_component>
      <object_component id="oc-32f">
         <name>.text:GPIOIntEnable</name>
         <load_address>0x2000c59c</load_address>
         <run_address>0x2000c59c</run_address>
         <size>0x1a</size>
         <input_file_ref idref="fl-e7"/>
      </object_component>
      <object_component id="oc-38d">
         <name>.text:PinTypeUART</name>
         <load_address>0x2000c5b6</load_address>
         <run_address>0x2000c5b6</run_address>
         <size>0x1a</size>
         <input_file_ref idref="fl-e9"/>
      </object_component>
      <object_component id="oc-4d6">
         <name>.text:SPIDmaDisable</name>
         <load_address>0x2000c5d0</load_address>
         <run_address>0x2000c5d0</run_address>
         <size>0x1a</size>
         <input_file_ref idref="fl-f7"/>
      </object_component>
      <object_component id="oc-422">
         <name>.text:SPIDmaEnable</name>
         <load_address>0x2000c5ea</load_address>
         <run_address>0x2000c5ea</run_address>
         <size>0x1a</size>
         <input_file_ref idref="fl-f7"/>
      </object_component>
      <object_component id="oc-4d0">
         <name>.text:SPIFIFODisable</name>
         <load_address>0x2000c604</load_address>
         <run_address>0x2000c604</run_address>
         <size>0x1a</size>
         <input_file_ref idref="fl-f7"/>
      </object_component>
      <object_component id="oc-41c">
         <name>.text:SPIFIFOEnable</name>
         <load_address>0x2000c61e</load_address>
         <run_address>0x2000c61e</run_address>
         <size>0x1a</size>
         <input_file_ref idref="fl-f7"/>
      </object_component>
      <object_component id="oc-4ca">
         <name>.text:SPIIntUnregister</name>
         <load_address>0x2000c638</load_address>
         <run_address>0x2000c638</run_address>
         <size>0x1a</size>
         <input_file_ref idref="fl-f7"/>
      </object_component>
      <object_component id="oc-341">
         <name>.text:GPIOPinRead</name>
         <load_address>0x2000c652</load_address>
         <run_address>0x2000c652</run_address>
         <size>0x18</size>
         <input_file_ref idref="fl-e7"/>
      </object_component>
      <object_component id="oc-3f8">
         <name>.text:SPICSDisable</name>
         <load_address>0x2000c66a</load_address>
         <run_address>0x2000c66a</run_address>
         <size>0x18</size>
         <input_file_ref idref="fl-f7"/>
      </object_component>
      <object_component id="oc-672">
         <name>.text:SPICSEnable</name>
         <load_address>0x2000c682</load_address>
         <run_address>0x2000c682</run_address>
         <size>0x18</size>
         <input_file_ref idref="fl-f7"/>
      </object_component>
      <object_component id="oc-3fe">
         <name>.text:SPIDisable</name>
         <load_address>0x2000c69a</load_address>
         <run_address>0x2000c69a</run_address>
         <size>0x18</size>
         <input_file_ref idref="fl-f7"/>
      </object_component>
      <object_component id="oc-43a">
         <name>.text:SPIEnable</name>
         <load_address>0x2000c6b2</load_address>
         <run_address>0x2000c6b2</run_address>
         <size>0x18</size>
         <input_file_ref idref="fl-f7"/>
      </object_component>
      <object_component id="oc-1fa">
         <name>.text:UARTCharsAvail</name>
         <load_address>0x2000c6ca</load_address>
         <run_address>0x2000c6ca</run_address>
         <size>0x18</size>
         <input_file_ref idref="fl-eb"/>
      </object_component>
      <object_component id="oc-3e7">
         <name>.text:_SlNonOsSemSet</name>
         <load_address>0x2000c6e2</load_address>
         <run_address>0x2000c6e2</run_address>
         <size>0x18</size>
         <input_file_ref idref="fl-f3"/>
      </object_component>
      <object_component id="oc-26a">
         <name>.text:_sl_GetStartResponseConvert</name>
         <load_address>0x2000c6fc</load_address>
         <run_address>0x2000c6fc</run_address>
         <size>0x18</size>
         <input_file_ref idref="fl-ef"/>
      </object_component>
      <object_component id="oc-6d">
         <name>.text</name>
         <load_address>0x2000c714</load_address>
         <run_address>0x2000c714</run_address>
         <size>0x18</size>
         <input_file_ref idref="fl-d3"/>
      </object_component>
      <object_component id="oc-2f1">
         <name>.text:PRCMHIBRegRead</name>
         <load_address>0x2000c72c</load_address>
         <run_address>0x2000c72c</run_address>
         <size>0x16</size>
         <input_file_ref idref="fl-ea"/>
      </object_component>
      <object_component id="oc-2f7">
         <name>.text:PRCMHIBRegWrite</name>
         <load_address>0x2000c742</load_address>
         <run_address>0x2000c742</run_address>
         <size>0x16</size>
         <input_file_ref idref="fl-ea"/>
      </object_component>
      <object_component id="oc-310">
         <name>.text:_SlDrvMemZero</name>
         <load_address>0x2000c758</load_address>
         <run_address>0x2000c758</run_address>
         <size>0x16</size>
         <input_file_ref idref="fl-f0"/>
      </object_component>
      <object_component id="oc-579">
         <name>.text</name>
         <load_address>0x2000c76e</load_address>
         <run_address>0x2000c76e</run_address>
         <size>0x16</size>
         <input_file_ref idref="fl-e3"/>
      </object_component>
      <object_component id="oc-2e0">
         <name>.text:CPUcpsie</name>
         <load_address>0x2000c784</load_address>
         <run_address>0x2000c784</run_address>
         <size>0x14</size>
         <input_file_ref idref="fl-ed"/>
      </object_component>
      <object_component id="oc-329">
         <name>.text:GPIOIntClear</name>
         <load_address>0x2000c798</load_address>
         <run_address>0x2000c798</run_address>
         <size>0x14</size>
         <input_file_ref idref="fl-e7"/>
      </object_component>
      <object_component id="oc-136">
         <name>.text:IntVTableBaseSet</name>
         <load_address>0x2000c7ac</load_address>
         <run_address>0x2000c7ac</run_address>
         <size>0x14</size>
         <input_file_ref idref="fl-e8"/>
      </object_component>
      <object_component id="oc-1cf">
         <name>.text</name>
         <load_address>0x2000c7c0</load_address>
         <run_address>0x2000c7c0</run_address>
         <size>0x14</size>
         <input_file_ref idref="fl-d1"/>
      </object_component>
      <object_component id="oc-199">
         <name>.text</name>
         <load_address>0x2000c7d4</load_address>
         <run_address>0x2000c7d4</run_address>
         <size>0x14</size>
         <input_file_ref idref="fl-ce"/>
      </object_component>
      <object_component id="oc-166">
         <name>.text</name>
         <load_address>0x2000c7e8</load_address>
         <run_address>0x2000c7e8</run_address>
         <size>0x14</size>
         <input_file_ref idref="fl-cf"/>
      </object_component>
      <object_component id="oc-700">
         <name>.text:_SlDrvDispatchHttpServerEvents</name>
         <load_address>0x2000c7fc</load_address>
         <run_address>0x2000c7fc</run_address>
         <size>0x10</size>
         <input_file_ref idref="fl-f0"/>
      </object_component>
      <object_component id="oc-2b2">
         <name>.text:_SlDrvResetCmdExt</name>
         <load_address>0x2000c80c</load_address>
         <run_address>0x2000c80c</run_address>
         <size>0xe</size>
         <input_file_ref idref="fl-f0"/>
      </object_component>
      <object_component id="oc-12">
         <name>.text:decompress:none</name>
         <load_address>0x2000c81a</load_address>
         <run_address>0x2000c81a</run_address>
         <size>0xe</size>
         <input_file_ref idref="fl-c3"/>
      </object_component>
      <object_component id="oc-2d">
         <name>.text</name>
         <load_address>0x2000c828</load_address>
         <run_address>0x2000c828</run_address>
         <size>0xe</size>
         <input_file_ref idref="fl-5"/>
      </object_component>
      <object_component id="oc-456">
         <name>.text:NwpMaskInterrupt</name>
         <load_address>0x2000c838</load_address>
         <run_address>0x2000c838</run_address>
         <size>0xc</size>
         <input_file_ref idref="fl-f6"/>
      </object_component>
      <object_component id="oc-470">
         <name>.text:NwpUnMaskInterrupt</name>
         <load_address>0x2000c844</load_address>
         <run_address>0x2000c844</run_address>
         <size>0xc</size>
         <input_file_ref idref="fl-f6"/>
      </object_component>
      <object_component id="oc-13c">
         <name>.text:IntMasterEnable</name>
         <load_address>0x2000c850</load_address>
         <run_address>0x2000c850</run_address>
         <size>0xa</size>
         <input_file_ref idref="fl-e8"/>
      </object_component>
      <object_component id="oc-62c">
         <name>.text</name>
         <load_address>0x2000c85a</load_address>
         <run_address>0x2000c85a</run_address>
         <size>0x8</size>
         <input_file_ref idref="fl-e6"/>
      </object_component>
      <object_component id="oc-15a">
         <name>.text:UtilsDelay</name>
         <load_address>0x2000c862</load_address>
         <run_address>0x2000c862</run_address>
         <size>0x6</size>
         <input_file_ref idref="fl-ec"/>
      </object_component>
      <object_component id="oc-18">
         <name>.text:decompress:rle24</name>
         <load_address>0x2000c868</load_address>
         <run_address>0x2000c868</run_address>
         <size>0x6</size>
         <input_file_ref idref="fl-c4"/>
      </object_component>
      <object_component id="oc-61">
         <name>.text</name>
         <load_address>0x2000c86e</load_address>
         <run_address>0x2000c86e</run_address>
         <size>0x4</size>
         <input_file_ref idref="fl-cc"/>
      </object_component>
      <object_component id="oc-63b">
         <name>.const:.string:_ctypes_</name>
         <load_address>0x2000c874</load_address>
         <run_address>0x2000c874</run_address>
         <size>0x101</size>
         <input_file_ref idref="fl-d7"/>
      </object_component>
      <object_component id="oc-51c">
         <name>.const:g_ulPinToPadMap</name>
         <load_address>0x2000c978</load_address>
         <run_address>0x2000c978</run_address>
         <size>0x100</size>
         <input_file_ref idref="fl-e9"/>
      </object_component>
      <object_component id="oc-4f9">
         <name>.const:g_pulRegs</name>
         <load_address>0x2000ca78</load_address>
         <run_address>0x2000ca78</run_address>
         <size>0xd4</size>
         <input_file_ref idref="fl-e8"/>
      </object_component>
      <object_component id="oc-4f0">
         <name>.const:PRCM_PeriphRegsList</name>
         <load_address>0x2000cb4c</load_address>
         <run_address>0x2000cb4c</run_address>
         <size>0xa8</size>
         <input_file_ref idref="fl-ea"/>
      </object_component>
      <object_component id="oc-2e7">
         <name>.const</name>
         <load_address>0x2000cbf4</load_address>
         <run_address>0x2000cbf4</run_address>
         <size>0x80</size>
         <input_file_ref idref="fl-e8"/>
      </object_component>
      <object_component id="oc-668">
         <name>.const:OpcodeTranslateTable</name>
         <load_address>0x2000cc74</load_address>
         <run_address>0x2000cc74</run_address>
         <size>0x3c</size>
         <input_file_ref idref="fl-f0"/>
      </object_component>
      <object_component id="oc-293">
         <name>.const</name>
         <load_address>0x2000ccb0</load_address>
         <run_address>0x2000ccb0</run_address>
         <size>0x3c</size>
         <input_file_ref idref="fl-f5"/>
      </object_component>
      <object_component id="oc-6cf">
         <name>.const:_SlActionLookupTable</name>
         <load_address>0x2000ccec</load_address>
         <run_address>0x2000ccec</run_address>
         <size>0x38</size>
         <input_file_ref idref="fl-f0"/>
      </object_component>
      <object_component id="oc-5f5">
         <name>.const</name>
         <load_address>0x2000cd24</load_address>
         <run_address>0x2000cd24</run_address>
         <size>0x38</size>
         <input_file_ref idref="fl-f0"/>
      </object_component>
      <object_component id="oc-376">
         <name>.const</name>
         <load_address>0x2000cd5c</load_address>
         <run_address>0x2000cd5c</run_address>
         <size>0x34</size>
         <input_file_ref idref="fl-f4"/>
      </object_component>
      <object_component id="oc-129">
         <name>.const:$P$T1$2</name>
         <load_address>0x2000cd90</load_address>
         <run_address>0x2000cd90</run_address>
         <size>0x2c</size>
         <input_file_ref idref="fl-3"/>
      </object_component>
      <object_component id="oc-221">
         <name>.const:.string</name>
         <load_address>0x2000cdbc</load_address>
         <run_address>0x2000cdbc</run_address>
         <size>0x2a</size>
         <input_file_ref idref="fl-3"/>
      </object_component>
      <object_component id="oc-36a">
         <name>.const</name>
         <load_address>0x2000cde6</load_address>
         <run_address>0x2000cde6</run_address>
         <size>0x28</size>
         <input_file_ref idref="fl-f1"/>
      </object_component>
      <object_component id="oc-699">
         <name>.const:g_ppulSPIIntMap</name>
         <load_address>0x2000ce10</load_address>
         <run_address>0x2000ce10</run_address>
         <size>0x24</size>
         <input_file_ref idref="fl-f7"/>
      </object_component>
      <object_component id="oc-135">
         <name>.const:.string:$P$T0$1</name>
         <load_address>0x2000ce34</load_address>
         <run_address>0x2000ce34</run_address>
         <size>0x22</size>
         <input_file_ref idref="fl-3"/>
      </object_component>
      <object_component id="oc-2a9">
         <name>.const</name>
         <load_address>0x2000ce56</load_address>
         <run_address>0x2000ce56</run_address>
         <size>0x1c</size>
         <input_file_ref idref="fl-ef"/>
      </object_component>
      <object_component id="oc-649">
         <name>.const</name>
         <load_address>0x2000ce74</load_address>
         <run_address>0x2000ce74</run_address>
         <size>0x18</size>
         <input_file_ref idref="fl-f7"/>
      </object_component>
      <object_component id="oc-197">
         <name>.const:.string:$P$T6$7</name>
         <load_address>0x2000ce8c</load_address>
         <run_address>0x2000ce8c</run_address>
         <size>0x15</size>
         <input_file_ref idref="fl-3"/>
      </object_component>
      <object_component id="oc-12c">
         <name>.const:$P$T2$3</name>
         <load_address>0x2000cea1</load_address>
         <run_address>0x2000cea1</run_address>
         <size>0x14</size>
         <input_file_ref idref="fl-3"/>
      </object_component>
      <object_component id="oc-52b">
         <name>.const:.string</name>
         <load_address>0x2000ceb5</load_address>
         <run_address>0x2000ceb5</run_address>
         <size>0x10</size>
         <input_file_ref idref="fl-f4"/>
      </object_component>
      <object_component id="oc-161">
         <name>.const:$P$T4$5</name>
         <load_address>0x2000cec8</load_address>
         <run_address>0x2000cec8</run_address>
         <size>0xc</size>
         <input_file_ref idref="fl-3"/>
      </object_component>
      <object_component id="oc-164">
         <name>.const:.string:$P$T3$4</name>
         <load_address>0x2000ced4</load_address>
         <run_address>0x2000ced4</run_address>
         <size>0xc</size>
         <input_file_ref idref="fl-3"/>
      </object_component>
      <object_component id="oc-190">
         <name>.const:.string:$P$T5$6</name>
         <load_address>0x2000cee0</load_address>
         <run_address>0x2000cee0</run_address>
         <size>0x9</size>
         <input_file_ref idref="fl-3"/>
      </object_component>
      <object_component id="oc-2c7">
         <name>.const</name>
         <load_address>0x2000ceea</load_address>
         <run_address>0x2000ceea</run_address>
         <size>0x8</size>
         <input_file_ref idref="fl-f2"/>
      </object_component>
      <object_component id="oc-198">
         <name>.const:.string:$P$T7$8</name>
         <load_address>0x2000cef2</load_address>
         <run_address>0x2000cef2</run_address>
         <size>0x5</size>
         <input_file_ref idref="fl-3"/>
      </object_component>
      <object_component id="oc-788">
         <name>.cinit..data.load</name>
         <load_address>0x2000cef8</load_address>
         <run_address>0x2000cef8</run_address>
         <size>0xb8</size>
      </object_component>
      <object_component id="oc-789">
         <name>.cinit..bss.load</name>
         <load_address>0x2000cfb0</load_address>
         <run_address>0x2000cfb0</run_address>
         <size>0xb</size>
      </object_component>
      <object_component id="oc-786">
         <name>__TI_handler_table</name>
         <load_address>0x2000cfbc</load_address>
         <run_address>0x2000cfbc</run_address>
         <size>0x8</size>
      </object_component>
      <object_component id="oc-787">
         <name>__TI_cinit_table</name>
         <load_address>0x2000cfc4</load_address>
         <run_address>0x2000cfc4</run_address>
         <size>0x10</size>
      </object_component>
      <object_component id="oc-349">
         <name>.data:ulReg</name>
         <load_address>0x2001f258</load_address>
         <run_address>0x2001f258</run_address>
         <size>0x14</size>
         <input_file_ref idref="fl-2"/>
      </object_component>
      <object_component id="oc-33b">
         <name>.data</name>
         <load_address>0x2001f2a4</load_address>
         <run_address>0x2001f2a4</run_address>
         <size>0xc</size>
         <input_file_ref idref="fl-2"/>
      </object_component>
      <object_component id="oc-e0">
         <name>.data</name>
         <load_address>0x2001f26c</load_address>
         <run_address>0x2001f26c</run_address>
         <size>0x10</size>
         <input_file_ref idref="fl-3"/>
      </object_component>
      <object_component id="oc-b4">
         <name>.data:$O1$$</name>
         <load_address>0x2001f28c</load_address>
         <run_address>0x2001f28c</run_address>
         <size>0xc</size>
         <input_file_ref idref="fl-c6"/>
      </object_component>
      <object_component id="oc-3df">
         <name>.data:$O1$$</name>
         <load_address>0x2001f298</load_address>
         <run_address>0x2001f298</run_address>
         <size>0xc</size>
         <input_file_ref idref="fl-c9"/>
      </object_component>
      <object_component id="oc-79">
         <name>.data</name>
         <load_address>0x2001f2c8</load_address>
         <run_address>0x2001f2c8</run_address>
         <size>0x4</size>
         <input_file_ref idref="fl-cd"/>
      </object_component>
      <object_component id="oc-b7">
         <name>.data:$O1$$</name>
         <load_address>0x2001f2bc</load_address>
         <run_address>0x2001f2bc</run_address>
         <size>0x8</size>
         <input_file_ref idref="fl-d1"/>
      </object_component>
      <object_component id="oc-632">
         <name>.data</name>
         <load_address>0x2001f2c4</load_address>
         <run_address>0x2001f2c4</run_address>
         <size>0x4</size>
         <input_file_ref idref="fl-e5"/>
      </object_component>
      <object_component id="oc-273">
         <name>.data</name>
         <load_address>0x2001f27c</load_address>
         <run_address>0x2001f27c</run_address>
         <size>0xd</size>
         <input_file_ref idref="fl-f0"/>
      </object_component>
      <object_component id="oc-288">
         <name>.data:g__SlNonOsCB</name>
         <load_address>0x2001f21c</load_address>
         <run_address>0x2001f21c</run_address>
         <size>0x3c</size>
         <input_file_ref idref="fl-f3"/>
      </object_component>
      <object_component id="oc-440">
         <name>.data</name>
         <load_address>0x2001f2b0</load_address>
         <run_address>0x2001f2b0</run_address>
         <size>0x9</size>
         <input_file_ref idref="fl-f6"/>
      </object_component>
      <object_component id="oc-212">
         <name>.bss</name>
         <uninitialized>true</uninitialized>
         <run_address>0x2001f210</run_address>
         <size>0x4</size>
         <input_file_ref idref="fl-6"/>
      </object_component>
      <object_component id="oc-3f3">
         <name>.bss:g_StatMem</name>
         <uninitialized>true</uninitialized>
         <run_address>0x2001f000</run_address>
         <size>0x168</size>
         <input_file_ref idref="fl-f0"/>
      </object_component>
      <object_component id="oc-443">
         <name>.bss:g_ucDinDout</name>
         <uninitialized>true</uninitialized>
         <run_address>0x2001f168</run_address>
         <size>0x50</size>
         <input_file_ref idref="fl-f6"/>
      </object_component>
      <object_component id="oc-33e">
         <name>.common:g_ucLED1Pin</name>
         <uninitialized>true</uninitialized>
         <run_address>0x2001f217</run_address>
         <size>0x1</size>
      </object_component>
      <object_component id="oc-347">
         <name>.common:g_ucLED2Pin</name>
         <uninitialized>true</uninitialized>
         <run_address>0x2001f218</run_address>
         <size>0x1</size>
      </object_component>
      <object_component id="oc-348">
         <name>.common:g_ucLED3Pin</name>
         <uninitialized>true</uninitialized>
         <run_address>0x2001f219</run_address>
         <size>0x1</size>
      </object_component>
      <object_component id="oc-e3">
         <name>.common:g_ucConnectionSSID</name>
         <uninitialized>true</uninitialized>
         <run_address>0x2001f1e4</run_address>
         <size>0x24</size>
      </object_component>
      <object_component id="oc-e6">
         <name>.common:g_ucConnectionBSSID</name>
         <uninitialized>true</uninitialized>
         <run_address>0x2001f208</run_address>
         <size>0x8</size>
      </object_component>
      <object_component id="oc-165">
         <name>.common:g_time</name>
         <uninitialized>true</uninitialized>
         <run_address>0x2001f1b8</run_address>
         <size>0x2c</size>
      </object_component>
      <object_component id="oc-3f6">
         <name>.common:RxIrqCnt</name>
         <uninitialized>true</uninitialized>
         <run_address>0x2001f214</run_address>
         <size>0x1</size>
      </object_component>
      <object_component id="oc-270">
         <name>.common:g_bDeviceRestartIsRequired</name>
         <uninitialized>true</uninitialized>
         <run_address>0x2001f215</run_address>
         <size>0x1</size>
      </object_component>
      <object_component id="oc-44c">
         <name>.common:g_cDummy</name>
         <uninitialized>true</uninitialized>
         <run_address>0x2001f216</run_address>
         <size>0x1</size>
      </object_component>
      <object_component id="oc-2a">
         <name>.sysmem</name>
         <uninitialized>true</uninitialized>
         <run_address>0x20017000</run_address>
         <size>0x8</size>
[...]
         <object_component_ref idref="oc-1e8"/>
      </symbol>
      <symbol id="sm-873">
         <name>UARTDisable</name>
         <value>0x2000c1b1</value>
         <object_component_ref idref="oc-3bb"/>
      </symbol>
      <symbol id="sm-874">
         <name>UARTCharsAvail</name>
         <value>0x2000c6cb</value>
         <object_component_ref idref="oc-1fa"/>
      </symbol>
      <symbol id="sm-875">
         <name>UARTCharGetNonBlocking</name>
         <value>0x2000c547</value>
         <object_component_ref idref="oc-200"/>
      </symbol>
      <symbol id="sm-876">
         <name>UARTCharPut</name>
         <value>0x2000c50b</value>
         <object_component_ref idref="oc-1ee"/>
      </symbol>
      <symbol id="sm-877">
         <name>UARTEnable</name>
         <value>0x2000c37d</value>
         <object_component_ref idref="oc-3c1"/>
      </symbol>
      <symbol id="sm-87b">
         <name>UtilsDelay</name>
         <value>0x2000c863</value>
         <object_component_ref idref="oc-15a"/>
      </symbol>
      <symbol id="sm-885">
         <name>CPUcpsie</name>
         <value>0x2000c785</value>
         <object_component_ref idref="oc-2e0"/>
      </symbol>
      <symbol id="sm-92d">
         <name>_sl_HandleAsync_InitComplete</name>
         <value>0x2000ab39</value>
         <object_component_ref idref="oc-6df"/>
      </symbol>
      <symbol id="sm-92e">
         <name>_SlDrvDeviceEventHandler</name>
         <value>0x2000a391</value>
         <object_component_ref idref="oc-685"/>
      </symbol>
      <symbol id="sm-92f">
         <name>_sl_HandleAsync_Stop</name>
         <value>0x2000b84d</value>
         <object_component_ref idref="oc-6e5"/>
      </symbol>
      <symbol id="sm-930">
         <name>sl_DevSet</name>
         <value>0x2000acb9</value>
         <object_component_ref idref="oc-15b"/>
      </symbol>
      <symbol id="sm-931">
         <name>sl_Stop</name>
         <value>0x20009851</value>
         <object_component_ref idref="oc-f9"/>
      </symbol>
      <symbol id="sm-932">
         <name>sl_Start</name>
         <value>0x20009935</value>
         <object_component_ref idref="oc-e7"/>
      </symbol>
      <symbol id="sm-933">
         <name>sl_DevGet</name>
         <value>0x20009fad</value>
         <object_component_ref idref="oc-ff"/>
      </symbol>
      <symbol id="sm-bde">
         <name>RxIrqCnt</name>
         <value>0x2001f214</value>
      </symbol>
      <symbol id="sm-bdf">
         <name>g_bDeviceRestartIsRequired</name>
         <value>0x2001f215</value>
      </symbol>
      <symbol id="sm-be0">
         <name>_SlDrvProtectionObjUnLock</name>
         <value>0x2000c2e5</value>
         <object_component_ref idref="oc-35e"/>
      </symbol>
      <symbol id="sm-be1">
         <name>_SlDrvBasicCmd</name>
         <value>0x2000bb41</value>
         <object_component_ref idref="oc-2c0"/>
      </symbol>
      <symbol id="sm-be2">
         <name>_SlDrvObjUnLock</name>
         <value>0x2000c48d</value>
         <object_component_ref idref="oc-535"/>
      </symbol>
      <symbol id="sm-be3">
         <name>_SlDrvObjLockWaitForever</name>
         <value>0x2000c3a1</value>
         <object_component_ref idref="oc-52f"/>
      </symbol>
      <symbol id="sm-be4">
         <name>_SlDrvMsgReadSpawnCtx</name>
         <value>0x20009af1</value>
         <object_component_ref idref="oc-4a0"/>
      </symbol>
      <symbol id="sm-be5">
         <name>_SlDrvDispatchHttpServerEvents</name>
         <value>0x2000c7fd</value>
         <object_component_ref idref="oc-700"/>
      </symbol>
      <symbol id="sm-be6">
         <name>_SlDrvHandleNetAppEvents</name>
         <value>0x2000be79</value>
         <object_component_ref idref="oc-691"/>
      </symbol>
      <symbol id="sm-be7">
         <name>_SlDriverHandleError</name>
         <value>0x2000a1b1</value>
         <object_component_ref idref="oc-477"/>
      </symbol>
      <symbol id="sm-be8">
         <name>_SlDrvDriverCBDeinit</name>
         <value>0x20009055</value>
         <object_component_ref idref="oc-2a3"/>
      </symbol>
      <symbol id="sm-be9">
         <name>_SlDrvResetCmdExt</name>
         <value>0x2000c80d</value>
         <object_component_ref idref="oc-2b2"/>
      </symbol>
      <symbol id="sm-bea">
         <name>_SlDrvProtectAsyncRespSetting</name>
         <value>0x2000b935</value>
         <object_component_ref idref="oc-246"/>
      </symbol>
      <symbol id="sm-beb">
         <name>_SlDrvReleasePoolObj</name>
         <value>0x20007d75</value>
         <object_component_ref idref="oc-264"/>
      </symbol>
      <symbol id="sm-bec">
         <name>_SlDrvHandleWlanEvents</name>
         <value>0x2000beb9</value>
         <object_component_ref idref="oc-68b"/>
      </symbol>
      <symbol id="sm-bed">
         <name>OpcodeTranslateTable</name>
         <value>0x2000cc74</value>
         <object_component_ref idref="oc-668"/>
      </symbol>
      <symbol id="sm-bee">
         <name>pPingCallBackFunc</name>
         <value>0x2001f284</value>
         <object_component_ref idref="oc-273"/>
      </symbol>
      <symbol id="sm-bef">
         <name>_SlDrvDriverCBInit</name>
         <value>0x200080fd</value>
         <object_component_ref idref="oc-23a"/>
      </symbol>
      <symbol id="sm-bf0">
         <name>g_pCB</name>
         <value>0x2001f280</value>
         <object_component_ref idref="oc-273"/>
      </symbol>
      <symbol id="sm-bf1">
         <name>_SlDrvProtectionObjLockWaitForever</name>
         <value>0x2000c269</value>
         <object_component_ref idref="oc-358"/>
      </symbol>
      <symbol id="sm-bf2">
         <name>_SlDrvCmdOp</name>
         <value>0x20009eed</value>
         <object_component_ref idref="oc-28d"/>
      </symbol>
      <symbol id="sm-bf3">
         <name>_SlDrvSyncObjWaitTimeout</name>
         <value>0x2000bca1</value>
         <object_component_ref idref="oc-25e"/>
      </symbol>
      <symbol id="sm-bf4">
         <name>_SlDrvGlobalObjUnLock</name>
         <value>0x2000c2bd</value>
         <object_component_ref idref="oc-4b3"/>
      </symbol>
      <symbol id="sm-bf5">
         <name>_SlDrvMemZero</name>
         <value>0x2000c759</value>
         <object_component_ref idref="oc-310"/>
      </symbol>
      <symbol id="sm-bf6">
         <name>_SlDrvWaitForPoolObj</name>
         <value>0x2000844d</value>
         <object_component_ref idref="oc-352"/>
      </symbol>
      <symbol id="sm-bf7">
         <name>_SlDrvSyncObjSignal</name>
         <value>0x2000c4ad</value>
         <object_component_ref idref="oc-484"/>
      </symbol>
      <symbol id="sm-bf8">
         <name>_SlDrvDataReadOp</name>
         <value>0x20007b91</value>
         <object_component_ref idref="oc-3b0"/>
      </symbol>
      <symbol id="sm-bf9">
         <name>_SlDrvDataWriteOp</name>
         <value>0x20008a31</value>
         <object_component_ref idref="oc-3a8"/>
      </symbol>
      <symbol id="sm-bfa">
         <name>_SlDrvRxIrqHandler</name>
         <value>0x2000b751</value>
         <object_component_ref idref="oc-276"/>
      </symbol>
      <symbol id="sm-bfb">
         <name>_SlDrvHandleHttpServerEvents</name>
         <value>0x2000bc5d</value>
         <object_component_ref idref="oc-747"/>
      </symbol>
      <symbol id="sm-bfc">
         <name>_SlDrvSyncObjWaitForever</name>
         <value>0x2000c30d</value>
         <object_component_ref idref="oc-364"/>
      </symbol>
      <symbol id="sm-bfd">
         <name>_SlDrvCmdSend</name>
         <value>0x2000b259</value>
         <object_component_ref idref="oc-74e"/>
      </symbol>
      <symbol id="sm-bfe">
         <name>_SlActionLookupTable</name>
         <value>0x2000ccec</value>
         <object_component_ref idref="oc-6cf"/>
      </symbol>
      <symbol id="sm-ca1">
         <name>sl_NetAppMDNSUnRegisterService</name>
         <value>0x2000bbd1</value>
         <object_component_ref idref="oc-123"/>
      </symbol>
      <symbol id="sm-ca2">
         <name>_SlNetAppSendTokenValueCmdCtrl</name>
         <value>0x2000ce02</value>
         <object_component_ref idref="oc-36a"/>
      </symbol>
      <symbol id="sm-ca3">
         <name>sl_NetAppDnsGetHostByName</name>
         <value>0x20008e01</value>
         <object_component_ref idref="oc-16c"/>
      </symbol>
      <symbol id="sm-ca4">
         <name>_sl_HandleAsync_DnsGetHostByName</name>
         <value>0x2000a559</value>
         <object_component_ref idref="oc-6f4"/>
      </symbol>
      <symbol id="sm-ca5">
         <name>_sl_HandleAsync_PingResponse</name>
         <value>0x2000a5e9</value>
         <object_component_ref idref="oc-6bb"/>
      </symbol>
      <symbol id="sm-ca6">
         <name>_SlDrvNetAppEventHandler</name>
         <value>0x20009291</value>
         <object_component_ref idref="oc-6b5"/>
      </symbol>
      <symbol id="sm-ca7">
         <name>_sl_HandleAsync_DnsGetHostByService</name>
         <value>0x20009c95</value>
         <object_component_ref idref="oc-6fa"/>
      </symbol>
      <symbol id="sm-ca8">
         <name>_sl_NetAppSendTokenValue</name>
         <value>0x2000b2c5</value>
         <object_component_ref idref="oc-706"/>
      </symbol>
      <symbol id="sm-ca9">
         <name>sl_NetAppMDNSRegisterUnregisterService</name>
         <value>0x20009d61</value>
         <object_component_ref idref="oc-2d2"/>
      </symbol>
      <symbol id="sm-cca">
         <name>sl_NetCfgSet</name>
         <value>0x2000ad35</value>
         <object_component_ref idref="oc-117"/>
      </symbol>
      <symbol id="sm-d09">
         <name>_SlNonOsSemSet</name>
         <value>0x2000c6e3</value>
         <object_component_ref idref="oc-3e7"/>
      </symbol>
      <symbol id="sm-d0a">
         <name>_SlNonOsSpawn</name>
         <value>0x2000b409</value>
         <object_component_ref idref="oc-49a"/>
      </symbol>
      <symbol id="sm-d0b">
         <name>_SlNonOsSemGet</name>
         <value>0x2000af25</value>
         <object_component_ref idref="oc-3ed"/>
      </symbol>
      <symbol id="sm-d0c">
         <name>_SlNonOsMainLoopTask</name>
         <value>0x2000b105</value>
         <object_component_ref idref="oc-ed"/>
      </symbol>
      <symbol id="sm-d0d">
         <name>g__SlNonOsCB</name>
         <value>0x2001f21c</value>
         <object_component_ref idref="oc-288"/>
      </symbol>
      <symbol id="sm-df1">
         <name>sl_Recv</name>
         <value>0x2000a8a1</value>
         <object_component_ref idref="oc-1ab"/>
      </symbol>
      <symbol id="sm-df2">
         <name>sl_Send</name>
         <value>0x20009179</value>
         <object_component_ref idref="oc-19f"/>
      </symbol>
      <symbol id="sm-df3">
         <name>_sl_HandleAsync_Connect</name>
         <value>0x2000aab9</value>
         <object_component_ref idref="oc-71c"/>
      </symbol>
      <symbol id="sm-df4">
         <name>sl_Htonl</name>
         <value>0x2000bdf5</value>
         <object_component_ref idref="oc-178"/>
      </symbol>
      <symbol id="sm-df5">
         <name>sl_Htons</name>
         <value>0x2000c031</value>
         <object_component_ref idref="oc-172"/>
      </symbol>
      <symbol id="sm-df6">
         <name>sl_Connect</name>
         <value>0x200088c5</value>
         <object_component_ref idref="oc-18a"/>
      </symbol>
      <symbol id="sm-df7">
         <name>sl_Socket</name>
         <value>0x2000b1e9</value>
         <object_component_ref idref="oc-17e"/>
      </symbol>
      <symbol id="sm-df8">
         <name>_sl_HandleAsync_Select</name>
         <value>0x2000b7a5</value>
         <object_component_ref idref="oc-722"/>
      </symbol>
      <symbol id="sm-df9">
         <name>sl_Close</name>
         <value>0x2000bd29</value>
         <object_component_ref idref="oc-1a5"/>
      </symbol>
      <symbol id="sm-dfa">
         <name>_sl_HandleAsync_Accept</name>
         <value>0x2000b46d</value>
         <object_component_ref idref="oc-716"/>
      </symbol>
      <symbol id="sm-dfb">
         <name>sl_SetSockOpt</name>
         <value>0x2000adb1</value>
         <object_component_ref idref="oc-184"/>
      </symbol>
      <symbol id="sm-e99">
         <name>sl_WlanDisconnect</name>
         <value>0x2000c4cd</value>
         <object_component_ref idref="oc-111"/>
      </symbol>
      <symbol id="sm-e9a">
         <name>sl_WlanPolicySet</name>
         <value>0x2000af9d</value>
         <object_component_ref idref="oc-105"/>
      </symbol>
      <symbol id="sm-e9b">
         <name>sl_WlanProfileDel</name>
         <value>0x2000bd6d</value>
         <object_component_ref idref="oc-10b"/>
      </symbol>
      <symbol id="sm-e9c">
         <name>sl_WlanRxFilterSet</name>
         <value>0x2000b331</value>
         <object_component_ref idref="oc-12f"/>
      </symbol>
      <symbol id="sm-e9d">
         <name>sl_WlanConnect</name>
         <value>0x20007541</value>
         <object_component_ref idref="oc-14e"/>
      </symbol>
      <symbol id="sm-e9e">
         <name>sl_WlanSet</name>
         <value>0x2000ae2d</value>
         <object_component_ref idref="oc-11d"/>
      </symbol>
      <symbol id="sm-e9f">
         <name>sl_WlanSetMode</name>
         <value>0x2000bdb1</value>
         <object_component_ref idref="oc-f3"/>
      </symbol>
      <symbol id="sm-fa3">
         <name>g_cDummy</name>
         <value>0x2001f216</value>
      </symbol>
      <symbol id="sm-fa4">
         <name>NwpMaskInterrupt</name>
         <value>0x2000c839</value>
         <object_component_ref idref="oc-456"/>
      </symbol>
      <symbol id="sm-fa5">
         <name>NwpRegisterInterruptHandler</name>
         <value>0x2000bf79</value>
         <object_component_ref idref="oc-252"/>
      </symbol>
      <symbol id="sm-fa6">
         <name>g_pHostIntHdl</name>
         <value>0x2001f2b4</value>
         <object_component_ref idref="oc-440"/>
      </symbol>
      <symbol id="sm-fa7">
         <name>NwpUnMaskInterrupt</name>
         <value>0x2000c845</value>
         <object_component_ref idref="oc-470"/>
      </symbol>
      <symbol id="sm-fa8">
         <name>g_ucDinDout</name>
         <value>0x2001f168</value>
         <object_component_ref idref="oc-443"/>
      </symbol>
      <symbol id="sm-fa9">
         <name>NwpPowerOff</name>
         <value>0x2000c0a9</value>
         <object_component_ref idref="oc-24c"/>
      </symbol>
      <symbol id="sm-faa">
         <name>spi_Read</name>
         <value>0x20009589</value>
         <object_component_ref idref="oc-65b"/>
      </symbol>
      <symbol id="sm-fab">
         <name>DmaSpiSwIntHandler</name>
         <value>0x2000c335</value>
         <object_component_ref idref="oc-446"/>
      </symbol>
      <symbol id="sm-fac">
         <name>NwpPowerOn</name>
         <value>0x2000c46d</value>
         <object_component_ref idref="oc-258"/>
      </symbol>
      <symbol id="sm-fad">
         <name>spi_Close</name>
         <value>0x2000b015</value>
         <object_component_ref idref="oc-29d"/>
      </symbol>
      <symbol id="sm-fae">
         <name>spi_Write</name>
         <value>0x2000a42d</value>
         <object_component_ref idref="oc-5ef"/>
      </symbol>
      <symbol id="sm-faf">
         <name>spi_Open</name>
         <value>0x20008b81</value>
         <object_component_ref idref="oc-240"/>
      </symbol>
      <symbol id="sm-fb0">
         <name>g_ucDMAEnabled</name>
         <value>0x2001f2b8</value>
         <object_component_ref idref="oc-440"/>
      </symbol>
      <symbol id="sm-fb1">
         <name>g_SpiFd</name>
         <value>0x2001f2b0</value>
         <object_component_ref idref="oc-440"/>
      </symbol>
      <symbol id="sm-106c">
         <name>SPIFIFODisable</name>
         <value>0x2000c605</value>
         <object_component_ref idref="oc-4d0"/>
      </symbol>
      <symbol id="sm-106d">
         <name>SPICSEnable</name>
         <value>0x2000c683</value>
         <object_component_ref idref="oc-672"/>
      </symbol>
      <symbol id="sm-106e">
         <name>SPIDisable</name>
         <value>0x2000c69b</value>
         <object_component_ref idref="oc-3fe"/>
      </symbol>
      <symbol id="sm-106f">
         <name>SPIFIFOEnable</name>
         <value>0x2000c61f</value>
         <object_component_ref idref="oc-41c"/>
      </symbol>
      <symbol id="sm-1070">
         <name>SPIWordCountSet</name>
         <value>0x2000c40b</value>
         <object_component_ref idref="oc-678"/>
      </symbol>
      <symbol id="sm-1071">
         <name>SPIEnable</name>
         <value>0x2000c6b3</value>
         <object_component_ref idref="oc-43a"/>
      </symbol>
      <symbol id="sm-1072">
         <name>SPIDmaEnable</name>
         <value>0x2000c5eb</value>
         <object_component_ref idref="oc-422"/>
      </symbol>
      <symbol id="sm-1073">
         <name>SPIConfigSetExpClk</name>
         <value>0x2000a255</value>
         <object_component_ref idref="oc-40a"/>
      </symbol>
      <symbol id="sm-1074">
         <name>SPIIntUnregister</name>
         <value>0x2000c639</value>
         <object_component_ref idref="oc-4ca"/>
      </symbol>
      <symbol id="sm-1075">
         <name>SPIFIFOLevelSet</name>
         <value>0x2000c14d</value>
         <object_component_ref idref="oc-428"/>
      </symbol>
      <symbol id="sm-1076">
         <name>SPIDmaDisable</name>
         <value>0x2000c5d1</value>
         <object_component_ref idref="oc-4d6"/>
      </symbol>
      <symbol id="sm-1077">
         <name>SPIReset</name>
         <value>0x2000c3e9</value>
         <object_component_ref idref="oc-404"/>
      </symbol>
      <symbol id="sm-1078">
         <name>SPIIntEnable</name>
         <value>0x2000b89d</value>
         <object_component_ref idref="oc-434"/>
      </symbol>
      <symbol id="sm-1079">
         <name>SPIIntClear</name>
         <value>0x2000baf9</value>
         <object_component_ref idref="oc-5c3"/>
      </symbol>
      <symbol id="sm-107a">
         <name>SPICSDisable</name>
         <value>0x2000c66b</value>
         <object_component_ref idref="oc-3f8"/>
      </symbol>
      <symbol id="sm-10d1">
         <name>uDMAChannelControlSet</name>
         <value>0x2000c06d</value>
         <object_component_ref idref="oc-72a"/>
      </symbol>
      <symbol id="sm-10d2">
         <name>uDMAChannelAttributeEnable</name>
         <value>0x2000b535</value>
         <object_component_ref idref="oc-730"/>
      </symbol>
      <symbol id="sm-10d3">
         <name>uDMAChannelTransferSet</name>
         <value>0x20009679</value>
         <object_component_ref idref="oc-736"/>
      </symbol>
      <symbol id="sm-10d4">
         <name>uDMAChannelAssign</name>
         <value>0x2000ba65</value>
         <object_component_ref idref="oc-5a6"/>
      </symbol>
      <symbol id="sm-10d5">
         <name>uDMAChannelAttributeDisable</name>
         <value>0x2000b4d1</value>
         <object_component_ref idref="oc-5ac"/>
      </symbol>
      <symbol id="sm-10d6">
         <name>uDMAChannelEnable</name>
         <value>0x2000c581</value>
         <object_component_ref idref="oc-73c"/>
      </symbol>
      <symbol id="sm-10d7">
         <name>__TI_static_base__</name>
         <value>0x2000cef8</value>
      </symbol>
      <symbol id="sm-10db">
         <name>SHT$$INIT_ARRAY$$Limit</name>
         <value>0x0</value>
      </symbol>
      <symbol id="sm-10dc">
         <name>SHT$$INIT_ARRAY$$Base</name>
         <value>0x0</value>
      </symbol>
      <symbol id="sm-10dd">
         <name>sl_Provisioning_WlanEventHdl</name>
         <value>0x0</value>
      </symbol>
      <symbol id="sm-10de">
         <name>sl_Provisioning_NetAppEventHdl</name>
         <value>0x0</value>
      </symbol>
      <symbol id="sm-10df">
         <name>sl_Provisioning_HttpServerEventHdl</name>
         <value>0x0</value>
      </symbol>
   </symbol_table>
   <title>Link errors: red sections failed placement</title>
</link_info>
