******************************************************************************
                  TI ARM Linker PC v15.12.2                    
******************************************************************************
>> Linked Fri May 06 14:38:34 2016

OUTPUT FILE NAME:   <ssl_Restful_API_AWS.out>
ENTRY POINT SYMBOL: "_c_int00"  address: 2000bf39


MEMORY CONFIGURATION

         name            origin    length      used     unused   attr    fill
----------------------  --------  ---------  --------  --------  ----  --------
  SRAM_CODE             20004000   00013000  00008fd1  0000a02f  RW X
  SRAM_DATA             20017000   00019000  000092ca  0000fd36  RW X


SEGMENT ALLOCATION MAP

run origin  load origin   length   init length attrs members
----------  ----------- ---------- ----------- ----- -------
20004000    20004000    00008fd4   00008fd4    r-x
  20004000    20004000    00000400   00000400    r-- .intvecs
  20004400    20004400    00008472   00008472    r-x .text
  2000c874    2000c874    00000683   00000683    r-- .const
  2000cef8    2000cef8    000000dc   000000dc    r-- .cinit
20017000    20017000    000082cc   00000000    rw-
  20017000    20017000    00008000   00000000    rw- .sysmem
  2001f000    2001f000    0000021a   00000000    rw- .bss
  2001f21c    2001f21c    000000b0   00000000    rw- .data
2002f000    2002f000    00001000   00000000    rw-
  2002f000    2002f000    00001000   00000000    rw- .stack


SECTION ALLOCATION MAP

 output                                  attributes/
section   page    origin      length       input sections
--------  ----  ----------  ----------   ----------------
.intvecs   0    20004000    00000400     
                  20004000    00000400     startup_ccs.obj (.intvecs)

.init_array 
*          0    20004000    00000000     UNINITIALIZED

.text      0    20004400    00008472     
                  20004400    000010fc     rtsv7M4_T_le_eabi.lib : _printfi.obj (.text)
                  200054fc    000010bc     main.obj (.text)
                  200065b8    00000590     simplelink.a : driver.obj (.text:_SlDrvMsgRead)
                  20006b48    000003dc     rtsv7M4_T_le_eabi.lib : memory.obj (.text)
                  20006f24    0000039c     gpio_if.obj (.text)
                  200072c0    00000280     uart_if.obj (.text)
                  20007540    00000260     simplelink.a : wlan.obj (.text:sl_WlanConnect)
                  200077a0    000001fc                  : driver.obj (.text:_SlDrvRxHdrRead)
                  2000799c    000001f4     rtsv7M4_T_le_eabi.lib : ull_div_t2.obj (.text)
                  20007b90    000001e4     simplelink.a : driver.obj (.text:_SlDrvDataReadOp)
                  20007d74    000001d0                  : driver.obj (.text:_SlDrvReleasePoolObj)
                  20007f44    000001b6     rtsv7M4_T_le_eabi.lib : fd_add_t2.obj (.text)
                  200080fa    00000002     driverlib.a : interrupt.obj (.text:IntDefaultHandler)
                  200080fc    000001b4     simplelink.a : driver.obj (.text:_SlDrvDriverCBInit)
                  200082b0    0000019c                  : driver.obj (.text:_SlDrvMsgWrite)
                  2000844c    00000190                  : driver.obj (.text:_SlDrvWaitForPoolObj)
                  200085dc    00000178     driverlib.a : prcm.obj (.text:PRCMCC3200MCUInit)
                  20008754    00000170     simplelink.a : driver.obj (.text:_SlFindAndSetActiveObj)
                  200088c4    0000016c                  : socket.obj (.text:sl_Connect)
                  20008a30    00000150                  : driver.obj (.text:_SlDrvDataWriteOp)
                  20008b80    00000148                  : cc_pal.obj (.text:spi_Open)
                  20008cc8    00000136     rtsv7M4_T_le_eabi.lib : fd_div_t2.obj (.text)
                  20008dfe    00000002                           : mpu_init.obj (.text)
                  20008e00    0000012c     simplelink.a : netapp.obj (.text:sl_NetAppDnsGetHostByName)
                  20008f2c    00000128                  : driver.obj (.text:_SlDrvMsgReadCmdCtx)
                  20009054    00000124                  : driver.obj (.text:_SlDrvDriverCBDeinit)
                  20009178    00000118                  : socket.obj (.text:sl_Send)
                  20009290    00000104                  : netapp.obj (.text:_SlDrvNetAppEventHandler)
                  20009394    000000fc     rtsv7M4_T_le_eabi.lib : fd_mul_t2.obj (.text)
                  20009490    000000f8     pinmux.obj (.text)
                  20009588    000000f0     simplelink.a : cc_pal.obj (.text:spi_Read)
                  20009678    000000f0     driverlib.a : udma.obj (.text:uDMAChannelTransferSet)
                  20009768    000000e8     simplelink.a : driver.obj (.text:_SlAsyncEventGenericHandler)
                  20009850    000000e4                  : device.obj (.text:sl_Stop)
                  20009934    000000e0                  : device.obj (.text:sl_Start)
                  20009a14    000000dc                  : driver.obj (.text:_SlDrvClassifyRxMsg)
                  20009af0    000000d4                  : driver.obj (.text:_SlDrvMsgReadSpawnCtx)
                  20009bc4    000000d0     rtsv7M4_T_le_eabi.lib : s_scalbn.obj (.text)
                  20009c94    000000cc     simplelink.a : netapp.obj (.text:_sl_HandleAsync_DnsGetHostByService)
                  20009d60    000000c8                  : netapp.obj (.text:sl_NetAppMDNSRegisterUnregisterService)
                  20009e28    000000c4                  : driver.obj (.text:_SlRemoveFromList)
                  20009eec    000000c0                  : driver.obj (.text:_SlDrvCmdOp)
                  20009fac    000000b4                  : device.obj (.text:sl_DevGet)
                  2000a060    000000a8     driverlib.a : interrupt.obj (.text:IntDisable)
                  2000a108    000000a8                 : interrupt.obj (.text:IntEnable)
                  2000a1b0    000000a4     simplelink.a : driver.obj (.text:_SlDriverHandleError)
                  2000a254    000000a0     driverlib.a : spi.obj (.text:SPIConfigSetExpClk)
                  2000a2f4    0000009c     rtsv7M4_T_le_eabi.lib : memcpy_t2.obj (.text)
                  2000a390    0000009a     simplelink.a : device.obj (.text:_SlDrvDeviceEventHandler)
                  2000a42a    00000002     rtsv7M4_T_le_eabi.lib : startup.obj (.text)
                  2000a42c    00000098     simplelink.a : cc_pal.obj (.text:spi_Write)
                  2000a4c4    00000094     driverlib.a : prcm.obj (.text:PRCMPeripheralClockGet)
                  2000a558    00000090     simplelink.a : netapp.obj (.text:_sl_HandleAsync_DnsGetHostByName)
                  2000a5e8    00000090                  : netapp.obj (.text:_sl_HandleAsync_PingResponse)
                  2000a678    0000008c                  : cc_pal.obj (.text:SetupDMAReceive)
                  2000a704    0000008c                  : cc_pal.obj (.text:SetupDMASend)
                  2000a790    00000088     driverlib.a : pin.obj (.text:PinConfigSet)
                  2000a818    00000088     rtsv7M4_T_le_eabi.lib : vsnprintf.obj (.text)
                  2000a8a0    00000088     simplelink.a : socket.obj (.text:sl_Recv)
                  2000a928    00000086     rtsv7M4_T_le_eabi.lib : fd_cmp_t2.obj (.text:__aeabi_cdcmple)
                  2000a9ae    00000086                           : fd_cmp_t2.obj (.text:__aeabi_cdrcmple)
                  2000aa34    00000082     driverlib.a : gpio.obj (.text:GPIOIntTypeSet)
                  2000aab6    00000002     --HOLE-- [fill = 0]
                  2000aab8    00000080     simplelink.a : socket.obj (.text:_sl_HandleAsync_Connect)
                  2000ab38    00000080                  : device.obj (.text:_sl_HandleAsync_InitComplete)
                  2000abb8    00000080                  : cc_pal.obj (.text:spi_Read_CPU)
                  2000ac38    00000080                  : cc_pal.obj (.text:spi_Write_CPU)
                  2000acb8    0000007c                  : device.obj (.text:sl_DevSet)
                  2000ad34    0000007c                  : netcfg.obj (.text:sl_NetCfgSet)
                  2000adb0    0000007c                  : socket.obj (.text:sl_SetSockOpt)
                  2000ae2c    0000007c                  : wlan.obj (.text:sl_WlanSet)
                  2000aea8    0000007a     rtsv7M4_T_le_eabi.lib : memset_t2.obj (.text)
                  2000af22    00000002     --HOLE-- [fill = 0]
                  2000af24    00000078     simplelink.a : nonos.obj (.text:_SlNonOsSemGet)
                  2000af9c    00000078                  : wlan.obj (.text:sl_WlanPolicySet)
                  2000b014    00000078                  : cc_pal.obj (.text:spi_Close)
                  2000b08c    00000076     driverlib.a : uart.obj (.text:UARTConfigSetExpClk)
                  2000b102    00000002     --HOLE-- [fill = 0]
                  2000b104    00000074     simplelink.a : nonos.obj (.text:_SlNonOsMainLoopTask)
                  2000b178    00000070     rtsv7M4_T_le_eabi.lib : autoinit.obj (.text)
                  2000b1e8    00000070     simplelink.a : socket.obj (.text:sl_Socket)
                  2000b258    0000006c                  : driver.obj (.text:_SlDrvCmdSend)
                  2000b2c4    0000006c                  : netapp.obj (.text:_sl_NetAppSendTokenValue)
                  2000b330    0000006c                  : wlan.obj (.text:sl_WlanRxFilterSet)
                  2000b39c    0000006a     rtsv7M4_T_le_eabi.lib : copy_decompress_rle.obj (.text)
                  2000b406    00000002     --HOLE-- [fill = 0]
                  2000b408    00000064     simplelink.a : nonos.obj (.text:_SlNonOsSpawn)
                  2000b46c    00000064                  : socket.obj (.text:_sl_HandleAsync_Accept)
                  2000b4d0    00000064     driverlib.a : udma.obj (.text:uDMAChannelAttributeDisable)
                  2000b534    00000064                 : udma.obj (.text:uDMAChannelAttributeEnable)
                  2000b598    0000005c     rtsv7M4_T_le_eabi.lib : s_frexp.obj (.text)
                  2000b5f4    00000058     driverlib.a : interrupt.obj (.text:IntPendClear)
                  2000b64c    00000058                 : prcm.obj (.text:PRCMPeripheralReset)
                  2000b6a4    00000056     rtsv7M4_T_le_eabi.lib : ltoa.obj (.text)
                  2000b6fa    00000002     --HOLE-- [fill = 0]
                  2000b6fc    00000054     driverlib.a : interrupt.obj (.text:IntPrioritySet)
                  2000b750    00000054     simplelink.a : driver.obj (.text:_SlDrvRxIrqHandler)
                  2000b7a4    00000054                  : socket.obj (.text:_sl_HandleAsync_Select)
                  2000b7f8    00000054     rtsv7M4_T_le_eabi.lib : exit.obj (.text)
                  2000b84c    00000050     simplelink.a : device.obj (.text:_sl_HandleAsync_Stop)
                  2000b89c    0000004c     driverlib.a : spi.obj (.text:SPIIntEnable)
                  2000b8e8    0000004c                 : spi.obj (.text:SPIIntNumberGet)
                  2000b934    0000004c     simplelink.a : driver.obj (.text:_SlDrvProtectAsyncRespSetting)
                  2000b980    0000004c                  : socket.obj (.text:_sl_BuildAddress)
                  2000b9cc    0000004c     rtsv7M4_T_le_eabi.lib : atoi.obj (.text)
                  2000ba18    0000004c                           : cpy_tbl.obj (.text)
                  2000ba64    0000004c     driverlib.a : udma.obj (.text:uDMAChannelAssign)
                  2000bab0    00000048                 : gpio.obj (.text:GPIOGetIntNumber)
                  2000baf8    00000048                 : spi.obj (.text:SPIIntClear)
                  2000bb40    00000048     simplelink.a : driver.obj (.text:_SlDrvBasicCmd)
                  2000bb88    00000048     rtsv7M4_T_le_eabi.lib : fd_toi_t2.obj (.text)
                  2000bbd0    00000048     simplelink.a : netapp.obj (.text:sl_NetAppMDNSUnRegisterService)
                  2000bc18    00000044     driverlib.a : spi.obj (.text:SPIDmaMaskGet)
                  2000bc5c    00000044     simplelink.a : driver.obj (.text:_SlDrvHandleHttpServerEvents)
                  2000bca0    00000044                  : driver.obj (.text:_SlDrvSyncObjWaitTimeout)
                  2000bce4    00000044                  : cc_pal.obj (.text:cc_SetupTransfer)
                  2000bd28    00000044                  : socket.obj (.text:sl_Close)
                  2000bd6c    00000044                  : wlan.obj (.text:sl_WlanProfileDel)
                  2000bdb0    00000044                  : wlan.obj (.text:sl_WlanSetMode)
                  2000bdf4    00000042                  : socket.obj (.text:sl_Htonl)
                  2000be36    00000002     --HOLE-- [fill = 0]
                  2000be38    00000040     driverlib.a : pin.obj (.text:PinModeSet)
                  2000be78    00000040     simplelink.a : driver.obj (.text:_SlDrvHandleNetAppEvents)
                  2000beb8    00000040                  : driver.obj (.text:_SlDrvHandleWlanEvents)
                  2000bef8    00000040                  : socket.obj (.text:_sl_TruncatePayloadByProtocol)
                  2000bf38    00000040     rtsv7M4_T_le_eabi.lib : boot.obj (.text)
                  2000bf78    0000003e     simplelink.a : cc_pal.obj (.text:NwpRegisterInterruptHandler)
                  2000bfb6    0000003c                  : netapp.obj (.text:CopyPingResultsToReport)
                  2000bff2    00000002     --HOLE-- [fill = 0]
                  2000bff4    0000003c     driverlib.a : prcm.obj (.text:PRCMPeripheralClkEnable)
                  2000c030    0000003c     simplelink.a : socket.obj (.text:sl_Htons)
                  2000c06c    0000003c     driverlib.a : udma.obj (.text:uDMAChannelControlSet)
                  2000c0a8    00000038     simplelink.a : cc_pal.obj (.text:NwpPowerOff)
                  2000c0e0    00000036     driverlib.a : gpio.obj (.text:GPIODirModeSet)
                  2000c116    00000002     --HOLE-- [fill = 0]
                  2000c118    00000034                 : prcm.obj (.text:PRCMPeripheralStatusGet)
                  2000c14c    00000034                 : spi.obj (.text:SPIFIFOLevelSet)
                  2000c180    00000030                 : pin.obj (.text:PinTypeGPIO)
                  2000c1b0    00000030                 : uart.obj (.text:UARTDisable)
                  2000c1e0    0000002e     rtsv7M4_T_le_eabi.lib : i_tofd_t2.obj (.text)
                  2000c20e    00000002     --HOLE-- [fill = 0]
                  2000c210    0000002c     driverlib.a : prcm.obj (.text:PRCMSysResetCauseGet)
                  2000c23c    0000002c     simplelink.a : driver.obj (.text:_SlDrvObjGlobalLockWaitForever)
                  2000c268    0000002c                  : driver.obj (.text:_SlDrvProtectionObjLockWaitForever)
                  2000c294    00000028     driverlib.a : prcm.obj (.text:PRCMPeripheralClkDisable)
                  2000c2bc    00000028     simplelink.a : driver.obj (.text:_SlDrvGlobalObjUnLock)
                  2000c2e4    00000028                  : driver.obj (.text:_SlDrvProtectionObjUnLock)
                  2000c30c    00000028                  : driver.obj (.text:_SlDrvSyncObjWaitForever)
                  2000c334    00000024                  : cc_pal.obj (.text:DmaSpiSwIntHandler)
                  2000c358    00000024     driverlib.a : interrupt.obj (.text:IntUnregister)
                  2000c37c    00000024                 : uart.obj (.text:UARTEnable)
                  2000c3a0    00000024     simplelink.a : driver.obj (.text:_SlDrvObjLockWaitForever)
                  2000c3c4    00000024     rtsv7M4_T_le_eabi.lib : memmov.obj (.text)
                  2000c3e8    00000022     driverlib.a : spi.obj (.text:SPIReset)
                  2000c40a    00000022                 : spi.obj (.text:SPIWordCountSet)
                  2000c42c    00000020                 : gpio.obj (.text:GPIOPinWrite)
                  2000c44c    00000020                 : interrupt.obj (.text:IntRegister)
                  2000c46c    00000020     simplelink.a : cc_pal.obj (.text:NwpPowerOn)
                  2000c48c    00000020                  : driver.obj (.text:_SlDrvObjUnLock)
                  2000c4ac    00000020                  : driver.obj (.text:_SlDrvSyncObjSignal)
                  2000c4cc    00000020                  : wlan.obj (.text:sl_WlanDisconnect)
                  2000c4ec    0000001e     driverlib.a : gpio.obj (.text:GPIOIntRegister)
                  2000c50a    0000001e                 : uart.obj (.text:UARTCharPut)
                  2000c528    0000001e     simplelink.a : cc_pal.obj (.text:cc_UDMAChannelSelect)
                  2000c546    0000001c     driverlib.a : uart.obj (.text:UARTCharGetNonBlocking)
                  2000c562    0000001c     rtsv7M4_T_le_eabi.lib : memccpy.obj (.text)
                  2000c57e    00000002     --HOLE-- [fill = 0]
                  2000c580    0000001c     driverlib.a : udma.obj (.text:uDMAChannelEnable)
                  2000c59c    0000001a                 : gpio.obj (.text:GPIOIntEnable)
                  2000c5b6    0000001a                 : pin.obj (.text:PinTypeUART)
                  2000c5d0    0000001a                 : spi.obj (.text:SPIDmaDisable)
                  2000c5ea    0000001a                 : spi.obj (.text:SPIDmaEnable)
                  2000c604    0000001a                 : spi.obj (.text:SPIFIFODisable)
                  2000c61e    0000001a                 : spi.obj (.text:SPIFIFOEnable)
                  2000c638    0000001a                 : spi.obj (.text:SPIIntUnregister)
                  2000c652    00000018                 : gpio.obj (.text:GPIOPinRead)
                  2000c66a    00000018                 : spi.obj (.text:SPICSDisable)
                  2000c682    00000018                 : spi.obj (.text:SPICSEnable)
                  2000c69a    00000018                 : spi.obj (.text:SPIDisable)
                  2000c6b2    00000018                 : spi.obj (.text:SPIEnable)
                  2000c6ca    00000018                 : uart.obj (.text:UARTCharsAvail)
                  2000c6e2    00000018     simplelink.a : nonos.obj (.text:_SlNonOsSemSet)
                  2000c6fa    00000002     --HOLE-- [fill = 0]
                  2000c6fc    00000018                  : device.obj (.text:_sl_GetStartResponseConvert)
                  2000c714    00000018     rtsv7M4_T_le_eabi.lib : args_main.obj (.text)
                  2000c72c    00000016     driverlib.a : prcm.obj (.text:PRCMHIBRegRead)
                  2000c742    00000016                 : prcm.obj (.text:PRCMHIBRegWrite)
                  2000c758    00000016     simplelink.a : driver.obj (.text:_SlDrvMemZero)
                  2000c76e    00000016     rtsv7M4_T_le_eabi.lib : strchr.obj (.text)
                  2000c784    00000014     driverlib.a : cpu.obj (.text:CPUcpsie)
                  2000c798    00000014                 : gpio.obj (.text:GPIOIntClear)
                  2000c7ac    00000014                 : interrupt.obj (.text:IntVTableBaseSet)
                  2000c7c0    00000014     rtsv7M4_T_le_eabi.lib : _lock.obj (.text)
                  2000c7d4    00000014                           : strcpy.obj (.text)
                  2000c7e8    00000014                           : strlen.obj (.text)
                  2000c7fc    00000010     simplelink.a : driver.obj (.text:_SlDrvDispatchHttpServerEvents)
                  2000c80c    0000000e                  : driver.obj (.text:_SlDrvResetCmdExt)
                  2000c81a    0000000e     rtsv7M4_T_le_eabi.lib : copy_decompress_none.obj (.text:decompress:none)
                  2000c828    0000000e     startup_ccs.obj (.text)
                  2000c836    00000002     --HOLE-- [fill = 0]
                  2000c838    0000000c     simplelink.a : cc_pal.obj (.text:NwpMaskInterrupt)
                  2000c844    0000000c                  : cc_pal.obj (.text:NwpUnMaskInterrupt)
                  2000c850    0000000a     driverlib.a : interrupt.obj (.text:IntMasterEnable)
                  2000c85a    00000008     rtsv7M4_T_le_eabi.lib : s_copysign.obj (.text)
                  2000c862    00000006     driverlib.a : utils.obj (.text:UtilsDelay)
                  2000c868    00000006     rtsv7M4_T_le_eabi.lib : copy_decompress_rle.obj (.text:decompress:rle24)
                  2000c86e    00000004                           : pre_init.obj (.text)

.const     0    2000c874    00000683     
                  2000c874    00000101     rtsv7M4_T_le_eabi.lib : ctype.obj (.const:.string:_ctypes_)
                  2000c975    00000003     --HOLE-- [fill = 0]
                  2000c978    00000100     driverlib.a : pin.obj (.const:g_ulPinToPadMap)
                  2000ca78    000000d4                 : interrupt.obj (.const:g_pulRegs)
                  2000cb4c    000000a8                 : prcm.obj (.const:PRCM_PeriphRegsList)
                  2000cbf4    00000080                 : interrupt.obj (.const)
                  2000cc74    0000003c     simplelink.a : driver.obj (.const:OpcodeTranslateTable)
                  2000ccb0    0000003c                  : wlan.obj (.const)
                  2000ccec    00000038                  : driver.obj (.const:_SlActionLookupTable)
                  2000cd24    00000038                  : driver.obj (.const)
                  2000cd5c    00000034                  : socket.obj (.const)
                  2000cd90    0000002c     main.obj (.const:$P$T1$2)
                  2000cdbc    0000002a     main.obj (.const:.string)
                  2000cde6    00000028     simplelink.a : netapp.obj (.const)
                  2000ce0e    00000002     --HOLE-- [fill = 0]
                  2000ce10    00000024     driverlib.a : spi.obj (.const:g_ppulSPIIntMap)
                  2000ce34    00000022     main.obj (.const:.string:$P$T0$1)
                  2000ce56    0000001c     simplelink.a : device.obj (.const)
                  2000ce72    00000002     --HOLE-- [fill = 0]
                  2000ce74    00000018     driverlib.a : spi.obj (.const)
                  2000ce8c    00000015     main.obj (.const:.string:$P$T6$7)
                  2000cea1    00000014     main.obj (.const:$P$T2$3)
                  2000ceb5    00000010     simplelink.a : socket.obj (.const:.string)
                  2000cec5    00000003     --HOLE-- [fill = 0]
                  2000cec8    0000000c     main.obj (.const:$P$T4$5)
                  2000ced4    0000000c     main.obj (.const:.string:$P$T3$4)
                  2000cee0    00000009     main.obj (.const:.string:$P$T5$6)
                  2000cee9    00000001     --HOLE-- [fill = 0]
                  2000ceea    00000008     simplelink.a : netcfg.obj (.const)
                  2000cef2    00000005     main.obj (.const:.string:$P$T7$8)

.cinit     0    2000cef8    000000dc     
                  2000cef8    000000b8     (.cinit..data.load) [load image]
                  2000cfb0    0000000b     (.cinit..bss.load) [load image, compression = rle]
                  2000cfbb    00000001     --HOLE-- [fill = 0]
                  2000cfbc    00000008     (__TI_handler_table)
                  2000cfc4    00000010     (__TI_cinit_table)

.sysmem    0    20017000    00008000     UNINITIALIZED
                  20017000    00000008     rtsv7M4_T_le_eabi.lib : memory.obj (.sysmem)
                  20017008    00007ff8     --HOLE--

.bss       0    2001f000    0000021a     UNINITIALIZED
                  2001f000    00000168     simplelink.a : driver.obj (.bss:g_StatMem)
                  2001f168    00000050                  : cc_pal.obj (.bss:g_ucDinDout)
                  2001f1b8    0000002c     (.common:g_time)
                  2001f1e4    00000024     (.common:g_ucConnectionSSID)
                  2001f208    00000008     (.common:g_ucConnectionBSSID)
                  2001f210    00000004     uart_if.obj (.bss)
                  2001f214    00000001     (.common:RxIrqCnt)
                  2001f215    00000001     (.common:g_bDeviceRestartIsRequired)
                  2001f216    00000001     (.common:g_cDummy)
                  2001f217    00000001     (.common:g_ucLED1Pin)
                  2001f218    00000001     (.common:g_ucLED2Pin)
                  2001f219    00000001     (.common:g_ucLED3Pin)

.data      0    2001f21c    000000b0     UNINITIALIZED
                  2001f21c    0000003c     simplelink.a : nonos.obj (.data:g__SlNonOsCB)
                  2001f258    00000014     gpio_if.obj (.data:ulReg)
                  2001f26c    00000010     main.obj (.data)
                  2001f27c    0000000d     simplelink.a : driver.obj (.data)
                  2001f289    00000003     --HOLE--
                  2001f28c    0000000c     rtsv7M4_T_le_eabi.lib : exit.obj (.data:$O1$$)
                  2001f298    0000000c                           : memory.obj (.data:$O1$$)
                  2001f2a4    0000000c     gpio_if.obj (.data)
                  2001f2b0    00000009     simplelink.a : cc_pal.obj (.data)
                  2001f2b9    00000003     --HOLE--
                  2001f2bc    00000008     rtsv7M4_T_le_eabi.lib : _lock.obj (.data:$O1$$)
                  2001f2c4    00000004                           : errno.obj (.data)
                  2001f2c8    00000004                           : stkdepth_vars.obj (.data)

.stack     0    2002f000    00001000     UNINITIALIZED
                  2002f000    00001000     --HOLE--

MODULE SUMMARY

       Module                     code    ro data   rw data
       ------                     ----    -------   -------
    .\
       main.obj                   4284    199       104    
       startup_ccs.obj            14      1024      0      
       gpio_if.obj                924     0         35     
       uart_if.obj                640     0         4      
       pinmux.obj                 248     0         0      
    +--+--------------------------+-------+---------+---------+
       Total:                     6110    1223      143    
                                                           
    C:/ti/CC3200SDK_1.2.0/cc3200-sdk/driverlib/ccs/Release/driverlib.a
       prcm.obj                   852     168       0      
       interrupt.obj              608     340       0      
       spi.obj                    798     60        0      
       udma.obj                   604     0         0      
       pin.obj                    274     256       0      
       gpio.obj                   388     0         0      
       uart.obj                   284     0         0      
       cpu.obj                    20      0         0      
       utils.obj                  6       0         0      
    +--+--------------------------+-------+---------+---------+
       Total:                     3834    824       0      
                                                           
    C:/ti/CC3200SDK_1.2.0/cc3200-sdk/simplelink/ccs/NON_OS/simplelink.a
       driver.obj                 7600    172       375    
       cc_pal.obj                 1684    0         90     
       socket.obj                 1662    68        0      
       netapp.obj                 1492    40        0      
       wlan.obj                   1128    60        0      
       device.obj                 1142    28        0      
       nonos.obj                  360     0         60     
       netcfg.obj                 124     8         0      
    +--+--------------------------+-------+---------+---------+
       Total:                     15192   376       525    
                                                           
    C:\ti\ccsv6\tools\compiler\arm_15.12.2.LTS\lib\rtsv7M4_T_le_eabi.lib
       _printfi.obj               4348    0         0      
       memory.obj                 988     0         12     
       ull_div_t2.obj             500     0         0      
       fd_add_t2.obj              438     0         0      
       fd_div_t2.obj              310     0         0      
       fd_cmp_t2.obj              268     0         0      
       ctype.obj                  0       257       0      
       fd_mul_t2.obj              252     0         0      
       s_scalbn.obj               208     0         0      
       memcpy_t2.obj              156     0         0      
       vsnprintf.obj              136     0         0      
       memset_t2.obj              122     0         0      
       autoinit.obj               112     0         0      
       copy_decompress_rle.obj    112     0         0      
       exit.obj                   84      0         12     
       s_frexp.obj                92      0         0      
       ltoa.obj                   86      0         0      
       atoi.obj                   76      0         0      
       cpy_tbl.obj                76      0         0      
       fd_toi_t2.obj              72      0         0      
       boot.obj                   64      0         0      
       i_tofd_t2.obj              46      0         0      
       memmov.obj                 36      0         0      
       _lock.obj                  20      0         8      
       memccpy.obj                28      0         0      
       args_main.obj              24      0         0      
       strchr.obj                 22      0         0      
       strcpy.obj                 20      0         0      
       strlen.obj                 20      0         0      
       copy_decompress_none.obj   14      0         0      
       s_copysign.obj             8       0         0      
       errno.obj                  0       0         4      
       pre_init.obj               4       0         0      
       stkdepth_vars.obj          0       0         4      
       mpu_init.obj               2       0         0      
       startup.obj                2       0         0      
    +--+--------------------------+-------+---------+---------+
       Total:                     8746    257       40     
                                                           
       Heap:                      0       0         32768  
       Stack:                     0       0         4096   
       Linker Generated:          0       219       0      
    +--+--------------------------+-------+---------+---------+
       Grand Total:               33882   2899      37572  


LINKER GENERATED COPY TABLES

__TI_cinit_table @ 2000cfc4 records: 2, size/record: 8, table size: 16
	.data: load addr=2000cef8, load size=000000b8 bytes, run addr=2001f21c, run size=000000b0 bytes, compression=copy
	.bss: load addr=2000cfb0, load size=0000000b bytes, run addr=2001f000, run size=0000021a bytes, compression=rle


LINKER GENERATED HANDLER TABLE

__TI_handler_table @ 2000cfbc records: 2, size/record: 4, table size: 8
	index: 0, handler: __TI_decompress_rle24
	index: 1, handler: __TI_decompress_none


GLOBAL SYMBOLS: SORTED ALPHABETICALLY BY Name 

address   name                                  
-------   ----                                  
2000b7f9  C$$EXIT                               
2000c785  CPUcpsie                              
20007301  ClearTerm                             
2000c335  DmaSpiSwIntHandler                    
2000730b  Error                                 
2000c0e1  GPIODirModeSet                        
2000c799  GPIOIntClear                          
2000c59d  GPIOIntEnable                         
2000c4ed  GPIOIntRegister                       
2000aa35  GPIOIntTypeSet                        
2000c653  GPIOPinRead                           
2000c42d  GPIOPinWrite                          
200071e5  GPIO_IF_ConfigureNIntEnable           
20007271  GPIO_IF_Get                           
2000719f  GPIO_IF_GetPortNPin                   
20006f61  GPIO_IF_LedConfigure                  
20007053  GPIO_IF_LedOff                        
20006f9f  GPIO_IF_LedOn                         
20007107  GPIO_IF_LedStatus                     
20007171  GPIO_IF_LedToggle                     
2000722d  GPIO_IF_Set                           
20007343  GetCmd                                
200072c1  InitTerm                              
2000a061  IntDisable                            
2000a109  IntEnable                             
2000c851  IntMasterEnable                       
2000b5f5  IntPendClear                          
2000b6fd  IntPrioritySet                        
2000c44d  IntRegister                           
2000c359  IntUnregister                         
2000c7ad  IntVTableBaseSet                      
200072df  Message                               
2000c839  NwpMaskInterrupt                      
2000c0a9  NwpPowerOff                           
2000c46d  NwpPowerOn                            
2000bf79  NwpRegisterInterruptHandler           
2000c845  NwpUnMaskInterrupt                    
2000cc74  OpcodeTranslateTable                  
200085dd  PRCMCC3200MCUInit                     
2000c72d  PRCMHIBRegRead                        
2000c743  PRCMHIBRegWrite                       
2000c295  PRCMPeripheralClkDisable              
2000bff5  PRCMPeripheralClkEnable               
2000a4c5  PRCMPeripheralClockGet                
2000b64d  PRCMPeripheralReset                   
2000c119  PRCMPeripheralStatusGet               
2000c211  PRCMSysResetCauseGet                  
2000a791  PinConfigSet                          
2000be39  PinModeSet                            
20009491  PinMuxConfig                          
2000c181  PinTypeGPIO                           
2000c5b7  PinTypeUART                           
20007481  Report                                
2000c829  ResetISR                              
2001f214  RxIrqCnt                              
UNDEFED   SHT$$INIT_ARRAY$$Base                 
UNDEFED   SHT$$INIT_ARRAY$$Limit                
2000c66b  SPICSDisable                          
2000c683  SPICSEnable                           
2000a255  SPIConfigSetExpClk                    
2000c69b  SPIDisable                            
2000c5d1  SPIDmaDisable                         
2000c5eb  SPIDmaEnable                          
2000c6b3  SPIEnable                             
2000c605  SPIFIFODisable                        
2000c61f  SPIFIFOEnable                         
2000c14d  SPIFIFOLevelSet                       
2000baf9  SPIIntClear                           
2000b89d  SPIIntEnable                          
2000c639  SPIIntUnregister                      
2000c3e9  SPIReset                              
2000c40b  SPIWordCountSet                       
200056d1  SimpleLinkGeneralEventHandler         
200056ad  SimpleLinkHttpServerCallback          
2000560b  SimpleLinkNetAppEventHandler          
200056f1  SimpleLinkSockEventHandler            
200054fd  SimpleLinkWlanEventHandler            
200073e9  TrimSpace                             
2000c547  UARTCharGetNonBlocking                
2000c50b  UARTCharPut                           
2000c6cb  UARTCharsAvail                        
2000b08d  UARTConfigSetExpClk                   
2000c1b1  UARTDisable                           
2000c37d  UARTEnable                            
2000c863  UtilsDelay                            
2000ccec  _SlActionLookupTable                  
2000a1b1  _SlDriverHandleError                  
2000bb41  _SlDrvBasicCmd                        
20009eed  _SlDrvCmdOp                           
2000b259  _SlDrvCmdSend                         
20007b91  _SlDrvDataReadOp                      
20008a31  _SlDrvDataWriteOp                     
2000a391  _SlDrvDeviceEventHandler              
2000c7fd  _SlDrvDispatchHttpServerEvents        
20009055  _SlDrvDriverCBDeinit                  
200080fd  _SlDrvDriverCBInit                    
2000c2bd  _SlDrvGlobalObjUnLock                 
2000bc5d  _SlDrvHandleHttpServerEvents          
2000be79  _SlDrvHandleNetAppEvents              
2000beb9  _SlDrvHandleWlanEvents                
2000c759  _SlDrvMemZero                         
20009af1  _SlDrvMsgReadSpawnCtx                 
20009291  _SlDrvNetAppEventHandler              
2000c3a1  _SlDrvObjLockWaitForever              
2000c48d  _SlDrvObjUnLock                       
2000b935  _SlDrvProtectAsyncRespSetting         
2000c269  _SlDrvProtectionObjLockWaitForever    
2000c2e5  _SlDrvProtectionObjUnLock             
20007d75  _SlDrvReleasePoolObj                  
2000c80d  _SlDrvResetCmdExt                     
2000b751  _SlDrvRxIrqHandler                    
2000c4ad  _SlDrvSyncObjSignal                   
2000c30d  _SlDrvSyncObjWaitForever              
2000bca1  _SlDrvSyncObjWaitTimeout              
2000844d  _SlDrvWaitForPoolObj                  
2000ce02  _SlNetAppSendTokenValueCmdCtrl        
2000b105  _SlNonOsMainLoopTask                  
2000af25  _SlNonOsSemGet                        
2000c6e3  _SlNonOsSemSet                        
2000b409  _SlNonOsSpawn                         
20030000  __STACK_END                           
00001000  __STACK_SIZE                          
00008000  __SYSMEM_SIZE                         
2000cfc4  __TI_CINIT_Base                       
2000cfd4  __TI_CINIT_Limit                      
2000cfbc  __TI_Handler_Table_Base               
2000cfc4  __TI_Handler_Table_Limit              
2000b179  __TI_auto_init                        
2001f28c  __TI_cleanup_ptr                      
2000c81b  __TI_decompress_none                  
2000c869  __TI_decompress_rle24                 
2001f290  __TI_dtors_ptr                        
2001f294  __TI_enable_exit_profile_output       
ffffffff  __TI_pprof_out_hndl                   
200051f7  __TI_printfi                          
ffffffff  __TI_prof_data_size                   
ffffffff  __TI_prof_data_start                  
2000cef8  __TI_static_base__                    
2000a929  __aeabi_cdcmpeq                       
2000a929  __aeabi_cdcmple                       
2000a9af  __aeabi_cdrcmple                      
2000bb89  __aeabi_d2iz                          
20007f4f  __aeabi_dadd                          
20008cc9  __aeabi_ddiv                          
20009395  __aeabi_dmul                          
20007f45  __aeabi_dsub                          
2000c1e1  __aeabi_i2d                           
2000aea9  __aeabi_memclr                        
2000aea9  __aeabi_memclr4                       
2000aea9  __aeabi_memclr8                       
2000a2f5  __aeabi_memcpy                        
2000a2f5  __aeabi_memcpy4                       
2000a2f5  __aeabi_memcpy8                       
2000aeab  __aeabi_memset                        
2000aeab  __aeabi_memset4                       
2000aeab  __aeabi_memset8                       
2000799d  __aeabi_uldivmod                      
ffffffff  __binit__                             
ffffffff  __c_args__                            
20008dff  __mpu_init                            
2002f000  __stack                               
2000c715  _args_main                            
2000bf39  _c_int00                              
2000c874  _ctypes_                              
2001f2bc  _lock                                 
2000c7cf  _nop                                  
2000c7c7  _register_lock                        
2000c7c1  _register_unlock                      
2000b46d  _sl_HandleAsync_Accept                
2000aab9  _sl_HandleAsync_Connect               
2000a559  _sl_HandleAsync_DnsGetHostByName      
20009c95  _sl_HandleAsync_DnsGetHostByService   
2000ab39  _sl_HandleAsync_InitComplete          
2000a5e9  _sl_HandleAsync_PingResponse          
2000b7a5  _sl_HandleAsync_Select                
2000b84d  _sl_HandleAsync_Stop                  
2000b2c5  _sl_NetAppSendTokenValue              
20017000  _sys_memory                           
2000a42b  _system_post_cinit                    
2000c86f  _system_pre_init                      
2001f2c0  _unlock                               
2000b7fd  abort                                 
2000b9cd  atoi                                  
ffffffff  binit                                 
20006ef1  calloc                                
2000ba19  copy_in                               
2000c85b  copysign                              
2000c85b  copysignl                             
2001f2c4  errno                                 
2000b805  exit                                  
20006c3f  free                                  
2000b599  frexp                                 
2000b599  frexpl                                
2001f278  g_Host                                
2001f2b0  g_SpiFd                               
2001f21c  g__SlNonOsCB                          
2001f215  g_bDeviceRestartIsRequired            
2001f216  g_cDummy                              
2001f280  g_pCB                                 
2001f2b4  g_pHostIntHdl                         
20004000  g_pfnVectors                          
2001f1b8  g_time                                
2001f208  g_ucConnectionBSSID                   
2001f1e4  g_ucConnectionSSID                    
2001f2b8  g_ucDMAEnabled                        
2001f168  g_ucDinDout                           
2001f217  g_ucLED1Pin                           
2001f218  g_ucLED2Pin                           
2001f219  g_ucLED3Pin                           
2001f2a4  g_uiLED1Port                          
2001f2a8  g_uiLED2Port                          
2001f2ac  g_uiLED3Port                          
2001f274  g_ulGatewayIP                         
2001f270  g_ulPingPacketsRecv                   
2001f26c  g_ulStatus                            
20009bc5  ldexp                                 
20009bc5  ldexpl                                
2000b6a5  ltoa                                  
2000613b  main                                  
2001f2c8  main_func_sp                          
20006bd7  malloc                                
20006e0d  memalign                              
2000c563  memccpy                               
2000a2f5  memcpy                                
2000c3c5  memmove                               
2000aeb1  memset                                
20006b49  minit                                 
2001f284  pPingCallBackFunc                     
20006d01  realloc                               
20009bc5  scalbn                                
20009bc5  scalbnl                               
2000bd29  sl_Close                              
200088c5  sl_Connect                            
20009fad  sl_DevGet                             
2000acb9  sl_DevSet                             
2000bdf5  sl_Htonl                              
2000c031  sl_Htons                              
20008e01  sl_NetAppDnsGetHostByName             
20009d61  sl_NetAppMDNSRegisterUnregisterService
2000bbd1  sl_NetAppMDNSUnRegisterService        
2000ad35  sl_NetCfgSet                          
UNDEFED   sl_Provisioning_HttpServerEventHdl    
UNDEFED   sl_Provisioning_NetAppEventHdl        
UNDEFED   sl_Provisioning_WlanEventHdl          
2000a8a1  sl_Recv                               
20009179  sl_Send                               
2000adb1  sl_SetSockOpt                         
2000b1e9  sl_Socket                             
20009935  sl_Start                              
20009851  sl_Stop                               
20007541  sl_WlanConnect                        
2000c4cd  sl_WlanDisconnect                     
2000af9d  sl_WlanPolicySet                      
2000bd6d  sl_WlanProfileDel                     
2000b331  sl_WlanRxFilterSet                    
2000ae2d  sl_WlanSet                            
2000bdb1  sl_WlanSetMode                        
2000b015  spi_Close                             
20008b81  spi_Open                              
20009589  spi_Read                              
2000a42d  spi_Write                             
2000c76f  strchr                                
2000c7d5  strcpy                                
2000c7e9  strlen                                
2000ba65  uDMAChannelAssign                     
2000b4d1  uDMAChannelAttributeDisable           
2000b535  uDMAChannelAttributeEnable            
2000c06d  uDMAChannelControlSet                 
2000c581  uDMAChannelEnable                     
20009679  uDMAChannelTransferSet                
2000a819  vsnprintf                             


GLOBAL SYMBOLS: SORTED BY Symbol Address 

address   name                                  
-------   ----                                  
00001000  __STACK_SIZE                          
00008000  __SYSMEM_SIZE                         
20004000  g_pfnVectors                          
200051f7  __TI_printfi                          
200054fd  SimpleLinkWlanEventHandler            
2000560b  SimpleLinkNetAppEventHandler          
200056ad  SimpleLinkHttpServerCallback          
200056d1  SimpleLinkGeneralEventHandler         
200056f1  SimpleLinkSockEventHandler            
2000613b  main                                  
20006b49  minit                                 
20006bd7  malloc                                
20006c3f  free                                  
20006d01  realloc                               
20006e0d  memalign                              
20006ef1  calloc                                
20006f61  GPIO_IF_LedConfigure                  
20006f9f  GPIO_IF_LedOn                         
20007053  GPIO_IF_LedOff                        
20007107  GPIO_IF_LedStatus                     
20007171  GPIO_IF_LedToggle                     
2000719f  GPIO_IF_GetPortNPin                   
200071e5  GPIO_IF_ConfigureNIntEnable           
2000722d  GPIO_IF_Set                           
20007271  GPIO_IF_Get                           
200072c1  InitTerm                              
200072df  Message                               
20007301  ClearTerm                             
2000730b  Error                                 
20007343  GetCmd                                
200073e9  TrimSpace                             
20007481  Report                                
20007541  sl_WlanConnect                        
2000799d  __aeabi_uldivmod                      
20007b91  _SlDrvDataReadOp                      
20007d75  _SlDrvReleasePoolObj                  
20007f45  __aeabi_dsub                          
20007f4f  __aeabi_dadd                          
200080fd  _SlDrvDriverCBInit                    
2000844d  _SlDrvWaitForPoolObj                  
200085dd  PRCMCC3200MCUInit                     
200088c5  sl_Connect                            
20008a31  _SlDrvDataWriteOp                     
20008b81  spi_Open                              
20008cc9  __aeabi_ddiv                          
20008dff  __mpu_init                            
20008e01  sl_NetAppDnsGetHostByName             
20009055  _SlDrvDriverCBDeinit                  
20009179  sl_Send                               
20009291  _SlDrvNetAppEventHandler              
20009395  __aeabi_dmul                          
20009491  PinMuxConfig                          
20009589  spi_Read                              
20009679  uDMAChannelTransferSet                
20009851  sl_Stop                               
20009935  sl_Start                              
20009af1  _SlDrvMsgReadSpawnCtx                 
20009bc5  ldexp                                 
20009bc5  ldexpl                                
20009bc5  scalbn                                
20009bc5  scalbnl                               
20009c95  _sl_HandleAsync_DnsGetHostByService   
20009d61  sl_NetAppMDNSRegisterUnregisterService
20009eed  _SlDrvCmdOp                           
20009fad  sl_DevGet                             
2000a061  IntDisable                            
2000a109  IntEnable                             
2000a1b1  _SlDriverHandleError                  
2000a255  SPIConfigSetExpClk                    
2000a2f5  __aeabi_memcpy                        
2000a2f5  __aeabi_memcpy4                       
2000a2f5  __aeabi_memcpy8                       
2000a2f5  memcpy                                
2000a391  _SlDrvDeviceEventHandler              
2000a42b  _system_post_cinit                    
2000a42d  spi_Write                             
2000a4c5  PRCMPeripheralClockGet                
2000a559  _sl_HandleAsync_DnsGetHostByName      
2000a5e9  _sl_HandleAsync_PingResponse          
2000a791  PinConfigSet                          
2000a819  vsnprintf                             
2000a8a1  sl_Recv                               
2000a929  __aeabi_cdcmpeq                       
2000a929  __aeabi_cdcmple                       
2000a9af  __aeabi_cdrcmple                      
2000aa35  GPIOIntTypeSet                        
2000aab9  _sl_HandleAsync_Connect               
2000ab39  _sl_HandleAsync_InitComplete          
2000acb9  sl_DevSet                             
2000ad35  sl_NetCfgSet                          
2000adb1  sl_SetSockOpt                         
2000ae2d  sl_WlanSet                            
2000aea9  __aeabi_memclr                        
2000aea9  __aeabi_memclr4                       
2000aea9  __aeabi_memclr8                       
2000aeab  __aeabi_memset                        
2000aeab  __aeabi_memset4                       
2000aeab  __aeabi_memset8                       
2000aeb1  memset                                
2000af25  _SlNonOsSemGet                        
2000af9d  sl_WlanPolicySet                      
2000b015  spi_Close                             
2000b08d  UARTConfigSetExpClk                   
2000b105  _SlNonOsMainLoopTask                  
2000b179  __TI_auto_init                        
2000b1e9  sl_Socket                             
2000b259  _SlDrvCmdSend                         
2000b2c5  _sl_NetAppSendTokenValue              
2000b331  sl_WlanRxFilterSet                    
2000b409  _SlNonOsSpawn                         
2000b46d  _sl_HandleAsync_Accept                
2000b4d1  uDMAChannelAttributeDisable           
2000b535  uDMAChannelAttributeEnable            
2000b599  frexp                                 
2000b599  frexpl                                
2000b5f5  IntPendClear                          
2000b64d  PRCMPeripheralReset                   
2000b6a5  ltoa                                  
2000b6fd  IntPrioritySet                        
2000b751  _SlDrvRxIrqHandler                    
2000b7a5  _sl_HandleAsync_Select                
2000b7f9  C$$EXIT                               
2000b7fd  abort                                 
2000b805  exit                                  
2000b84d  _sl_HandleAsync_Stop                  
2000b89d  SPIIntEnable                          
2000b935  _SlDrvProtectAsyncRespSetting         
2000b9cd  atoi                                  
2000ba19  copy_in                               
2000ba65  uDMAChannelAssign                     
2000baf9  SPIIntClear                           
2000bb41  _SlDrvBasicCmd                        
2000bb89  __aeabi_d2iz                          
2000bbd1  sl_NetAppMDNSUnRegisterService        
2000bc5d  _SlDrvHandleHttpServerEvents          
2000bca1  _SlDrvSyncObjWaitTimeout              
2000bd29  sl_Close                              
2000bd6d  sl_WlanProfileDel                     
2000bdb1  sl_WlanSetMode                        
2000bdf5  sl_Htonl                              
2000be39  PinModeSet                            
2000be79  _SlDrvHandleNetAppEvents              
2000beb9  _SlDrvHandleWlanEvents                
2000bf39  _c_int00                              
2000bf79  NwpRegisterInterruptHandler           
2000bff5  PRCMPeripheralClkEnable               
2000c031  sl_Htons                              
2000c06d  uDMAChannelControlSet                 
2000c0a9  NwpPowerOff                           
2000c0e1  GPIODirModeSet                        
2000c119  PRCMPeripheralStatusGet               
2000c14d  SPIFIFOLevelSet                       
2000c181  PinTypeGPIO                           
2000c1b1  UARTDisable                           
2000c1e1  __aeabi_i2d                           
2000c211  PRCMSysResetCauseGet                  
2000c269  _SlDrvProtectionObjLockWaitForever    
2000c295  PRCMPeripheralClkDisable              
2000c2bd  _SlDrvGlobalObjUnLock                 
2000c2e5  _SlDrvProtectionObjUnLock             
2000c30d  _SlDrvSyncObjWaitForever              
2000c335  DmaSpiSwIntHandler                    
2000c359  IntUnregister                         
2000c37d  UARTEnable                            
2000c3a1  _SlDrvObjLockWaitForever              
2000c3c5  memmove                               
2000c3e9  SPIReset                              
2000c40b  SPIWordCountSet                       
2000c42d  GPIOPinWrite                          
2000c44d  IntRegister                           
2000c46d  NwpPowerOn                            
2000c48d  _SlDrvObjUnLock                       
2000c4ad  _SlDrvSyncObjSignal                   
2000c4cd  sl_WlanDisconnect                     
2000c4ed  GPIOIntRegister                       
2000c50b  UARTCharPut                           
2000c547  UARTCharGetNonBlocking                
2000c563  memccpy                               
2000c581  uDMAChannelEnable                     
2000c59d  GPIOIntEnable                         
2000c5b7  PinTypeUART                           
2000c5d1  SPIDmaDisable                         
2000c5eb  SPIDmaEnable                          
2000c605  SPIFIFODisable                        
2000c61f  SPIFIFOEnable                         
2000c639  SPIIntUnregister                      
2000c653  GPIOPinRead                           
2000c66b  SPICSDisable                          
2000c683  SPICSEnable                           
2000c69b  SPIDisable                            
2000c6b3  SPIEnable                             
2000c6cb  UARTCharsAvail                        
2000c6e3  _SlNonOsSemSet                        
2000c715  _args_main                            
2000c72d  PRCMHIBRegRead                        
2000c743  PRCMHIBRegWrite                       
2000c759  _SlDrvMemZero                         
2000c76f  strchr                                
2000c785  CPUcpsie                              
2000c799  GPIOIntClear                          
2000c7ad  IntVTableBaseSet                      
2000c7c1  _register_unlock                      
2000c7c7  _register_lock                        
2000c7cf  _nop                                  
2000c7d5  strcpy                                
2000c7e9  strlen                                
2000c7fd  _SlDrvDispatchHttpServerEvents        
2000c80d  _SlDrvResetCmdExt                     
2000c81b  __TI_decompress_none                  
2000c829  ResetISR                              
2000c839  NwpMaskInterrupt                      
2000c845  NwpUnMaskInterrupt                    
2000c851  IntMasterEnable                       
2000c85b  copysign                              
2000c85b  copysignl                             
2000c863  UtilsDelay                            
2000c869  __TI_decompress_rle24                 
2000c86f  _system_pre_init                      
2000c874  _ctypes_                              
2000cc74  OpcodeTranslateTable                  
2000ccec  _SlActionLookupTable                  
2000ce02  _SlNetAppSendTokenValueCmdCtrl        
2000cef8  __TI_static_base__                    
2000cfbc  __TI_Handler_Table_Base               
2000cfc4  __TI_CINIT_Base                       
2000cfc4  __TI_Handler_Table_Limit              
2000cfd4  __TI_CINIT_Limit                      
20017000  _sys_memory                           
2001f168  g_ucDinDout                           
2001f1b8  g_time                                
2001f1e4  g_ucConnectionSSID                    
2001f208  g_ucConnectionBSSID                   
2001f214  RxIrqCnt                              
2001f215  g_bDeviceRestartIsRequired            
2001f216  g_cDummy                              
2001f217  g_ucLED1Pin                           
2001f218  g_ucLED2Pin                           
2001f219  g_ucLED3Pin                           
2001f21c  g__SlNonOsCB                          
2001f26c  g_ulStatus                            
2001f270  g_ulPingPacketsRecv                   
2001f274  g_ulGatewayIP                         
2001f278  g_Host                                
2001f280  g_pCB                                 
2001f284  pPingCallBackFunc                     
2001f28c  __TI_cleanup_ptr                      
2001f290  __TI_dtors_ptr                        
2001f294  __TI_enable_exit_profile_output       
2001f2a4  g_uiLED1Port                          
2001f2a8  g_uiLED2Port                          
2001f2ac  g_uiLED3Port                          
2001f2b0  g_SpiFd                               
2001f2b4  g_pHostIntHdl                         
2001f2b8  g_ucDMAEnabled                        
2001f2bc  _lock                                 
2001f2c0  _unlock                               
2001f2c4  errno                                 
2001f2c8  main_func_sp                          
2002f000  __stack                               
20030000  __STACK_END                           
ffffffff  __TI_pprof_out_hndl                   
ffffffff  __TI_prof_data_size                   
ffffffff  __TI_prof_data_start                  
ffffffff  __binit__                             
ffffffff  __c_args__                            
ffffffff  binit                                 
UNDEFED   SHT$$INIT_ARRAY$$Base                 
UNDEFED   SHT$$INIT_ARRAY$$Limit                
UNDEFED   sl_Provisioning_HttpServerEventHdl    
UNDEFED   sl_Provisioning_NetAppEventHdl        
UNDEFED   sl_Provisioning_WlanEventHdl          

[271 symbols]
