******************************************************************************
                  TI ARM Linker PC v5.2.5                      
******************************************************************************
>> Linked Thu Jun 02 23:32:11 2016

OUTPUT FILE NAME:   <ssl_Restful_API_AWS_SDK1.2.0_PORT.out>
ENTRY POINT SYMBOL: "_c_int00"  address: 2000c75d


MEMORY CONFIGURATION

         name            origin    length      used     unused   attr    fill
----------------------  --------  ---------  --------  --------  ----  --------
  SRAM_CODE             20004000   00013000  000098d6  0000972a  RW X
  SRAM_DATA             20017000   00019000  000093fe  0000fc02  RW X


SEGMENT ALLOCATION MAP

run origin  load origin   length   init length attrs members
----------  ----------- ---------- ----------- ----- -------
20004000    20004000    000098d8   000098d8    r-x
  20004000    20004000    00000400   00000400    r-- .intvecs
  20004400    20004400    00008dda   00008dda    r-x .text
  2000d1dc    2000d1dc    00000664   00000664    r-- .const
  2000d840    2000d840    00000098   00000098    r-- .cinit
20017000    20017000    00008404   00000000    rw-
  20017000    20017000    00008000   00000000    rw- .sysmem
  2001f000    2001f000    0000021a   00000000    rw- .bss
  2001f220    2001f220    000001e4   00000000    rw- .data
2002f000    2002f000    00001000   00000000    rw-
  2002f000    2002f000    00001000   00000000    rw- .stack


SECTION ALLOCATION MAP

 output                                  attributes/
section   page    origin      length       input sections
--------  ----  ----------  ----------   ----------------
.intvecs   0    20004000    00000400     
                  20004000    00000400     startup_ccs.obj (.intvecs)

.init_array 
*          0    20004000    00000000     UNINITIALIZED

.text      0    20004400    00008dda     
                  20004400    00001348     main.obj (.text)
                  20005748    000010a6     rtsv7M4_T_le_eabi.lib : _printfi.obj (.text)
                  200067ee    00000002     driverlib.a : interrupt.obj (.text:IntDefaultHandler)
                  200067f0    00000590     simplelink.a : driver.obj (.text:_SlDrvMsgRead)
                  20006d80    000003dc     rtsv7M4_T_le_eabi.lib : memory.obj (.text)
                  2000715c    0000039c     gpio_if.obj (.text)
                  200074f8    00000290     i2c_if.obj (.text)
                  20007788    00000280     uart_if.obj (.text)
                  20007a08    00000260     simplelink.a : wlan.obj (.text:sl_WlanConnect)
                  20007c68    000001fc                  : driver.obj (.text:_SlDrvRxHdrRead)
                  20007e64    000001f4     rtsv7M4_T_le_eabi.lib : ull_div_t2.obj (.text)
                  20008058    000001e4     simplelink.a : driver.obj (.text:_SlDrvDataReadOp)
                  2000823c    000001d0                  : driver.obj (.text:_SlDrvReleasePoolObj)
                  2000840c    000001b6     rtsv7M4_T_le_eabi.lib : fd_add_t2.obj (.text)
                  200085c2    00000002     --HOLE-- [fill = 0]
                  200085c4    000001b4     simplelink.a : driver.obj (.text:_SlDrvDriverCBInit)
                  20008778    0000019c                  : driver.obj (.text:_SlDrvMsgWrite)
                  20008914    00000190                  : driver.obj (.text:_SlDrvWaitForPoolObj)
                  20008aa4    00000178     driverlib.a : prcm.obj (.text:PRCMCC3200MCUInit)
                  20008c1c    00000170     simplelink.a : driver.obj (.text:_SlFindAndSetActiveObj)
                  20008d8c    0000016c                  : socket.obj (.text:sl_Connect)
                  20008ef8    00000150                  : driver.obj (.text:_SlDrvDataWriteOp)
                  20009048    00000148                  : cc_pal.obj (.text:spi_Open)
                  20009190    0000013c     pinmux.obj (.text)
                  200092cc    00000136     rtsv7M4_T_le_eabi.lib : fd_div_t2.obj (.text)
                  20009402    00000002     --HOLE-- [fill = 0]
                  20009404    0000012c     simplelink.a : netapp.obj (.text:sl_NetAppDnsGetHostByName)
                  20009530    00000128                  : driver.obj (.text:_SlDrvMsgReadCmdCtx)
                  20009658    00000124                  : driver.obj (.text:_SlDrvDriverCBDeinit)
                  2000977c    00000118                  : socket.obj (.text:sl_Send)
                  20009894    00000110     rtsv7M4_T_le_eabi.lib : xdscale.obj (.text)
                  200099a4    00000104     simplelink.a : netapp.obj (.text:_SlDrvNetAppEventHandler)
                  20009aa8    000000fc     rtsv7M4_T_le_eabi.lib : fd_mul_t2.obj (.text)
                  20009ba4    000000f0     simplelink.a : cc_pal.obj (.text:spi_Read)
                  20009c94    000000f0     driverlib.a : udma.obj (.text:uDMAChannelTransferSet)
                  20009d84    000000e8     simplelink.a : driver.obj (.text:_SlAsyncEventGenericHandler)
                  20009e6c    000000e4                  : device.obj (.text:sl_Stop)
                  20009f50    000000e0                  : device.obj (.text:sl_Start)
                  2000a030    000000dc                  : driver.obj (.text:_SlDrvClassifyRxMsg)
                  2000a10c    000000d4                  : driver.obj (.text:_SlDrvMsgReadSpawnCtx)
                  2000a1e0    000000cc                  : netapp.obj (.text:_sl_HandleAsync_DnsGetHostByService)
                  2000a2ac    000000c8                  : netapp.obj (.text:sl_NetAppMDNSRegisterUnregisterService)
                  2000a374    000000c4                  : driver.obj (.text:_SlRemoveFromList)
                  2000a438    000000c0                  : driver.obj (.text:_SlDrvCmdOp)
                  2000a4f8    000000be     rtsv7M4_T_le_eabi.lib : xdnorm.obj (.text)
                  2000a5b6    00000002     --HOLE-- [fill = 0]
                  2000a5b8    000000b4     simplelink.a : device.obj (.text:sl_DevGet)
                  2000a66c    000000a8     driverlib.a : interrupt.obj (.text:IntDisable)
                  2000a714    000000a8                 : interrupt.obj (.text:IntEnable)
                  2000a7bc    000000a4     simplelink.a : driver.obj (.text:_SlDriverHandleError)
                  2000a860    000000a0     driverlib.a : spi.obj (.text:SPIConfigSetExpClk)
                  2000a900    0000009c     rtsv7M4_T_le_eabi.lib : memcpy_t2.obj (.text)
                  2000a99c    0000009a     simplelink.a : device.obj (.text:_SlDrvDeviceEventHandler)
                  2000aa36    00000002     --HOLE-- [fill = 0]
                  2000aa38    00000098                  : cc_pal.obj (.text:spi_Write)
                  2000aad0    00000094     driverlib.a : prcm.obj (.text:PRCMPeripheralClockGet)
                  2000ab64    00000090     simplelink.a : netapp.obj (.text:_sl_HandleAsync_DnsGetHostByName)
                  2000abf4    00000090                  : netapp.obj (.text:_sl_HandleAsync_PingResponse)
                  2000ac84    0000008c                  : cc_pal.obj (.text:SetupDMAReceive)
                  2000ad10    0000008c                  : cc_pal.obj (.text:SetupDMASend)
                  2000ad9c    00000088     driverlib.a : pin.obj (.text:PinConfigSet)
                  2000ae24    00000088     rtsv7M4_T_le_eabi.lib : vsnprintf.obj (.text)
                  2000aeac    00000088     simplelink.a : socket.obj (.text:sl_Recv)
                  2000af34    00000086     rtsv7M4_T_le_eabi.lib : fd_cmp_t2.obj (.text:__aeabi_cdcmple)
                  2000afba    00000086                           : fd_cmp_t2.obj (.text:__aeabi_cdrcmple)
                  2000b040    00000084     driverlib.a : i2c.obj (.text:I2CMasterInitExpClk)
                  2000b0c4    00000082                 : gpio.obj (.text:GPIOIntTypeSet)
                  2000b146    00000002     --HOLE-- [fill = 0]
                  2000b148    00000080     simplelink.a : socket.obj (.text:_sl_HandleAsync_Connect)
                  2000b1c8    00000080                  : device.obj (.text:_sl_HandleAsync_InitComplete)
                  2000b248    00000080                  : cc_pal.obj (.text:spi_Read_CPU)
                  2000b2c8    00000080                  : cc_pal.obj (.text:spi_Write_CPU)
                  2000b348    0000007c                  : device.obj (.text:sl_DevSet)
                  2000b3c4    0000007c                  : netcfg.obj (.text:sl_NetCfgSet)
                  2000b440    0000007c                  : socket.obj (.text:sl_SetSockOpt)
                  2000b4bc    0000007c                  : wlan.obj (.text:sl_WlanSet)
                  2000b538    0000007a     rtsv7M4_T_le_eabi.lib : memset_t2.obj (.text)
                  2000b5b2    00000002     --HOLE-- [fill = 0]
                  2000b5b4    00000078     simplelink.a : nonos.obj (.text:_SlNonOsSemGet)
                  2000b62c    00000078                  : wlan.obj (.text:sl_WlanPolicySet)
                  2000b6a4    00000078                  : cc_pal.obj (.text:spi_Close)
                  2000b71c    00000076     driverlib.a : uart.obj (.text:UARTConfigSetExpClk)
                  2000b792    00000002     --HOLE-- [fill = 0]
                  2000b794    00000074     simplelink.a : nonos.obj (.text:_SlNonOsMainLoopTask)
                  2000b808    00000070                  : socket.obj (.text:sl_Socket)
                  2000b878    0000006c                  : driver.obj (.text:_SlDrvCmdSend)
                  2000b8e4    0000006c                  : netapp.obj (.text:_sl_NetAppSendTokenValue)
                  2000b950    0000006c     rtsv7M4_T_le_eabi.lib : autoinit.obj (.text)
                  2000b9bc    0000006c     simplelink.a : wlan.obj (.text:sl_WlanRxFilterSet)
                  2000ba28    0000006a     rtsv7M4_T_le_eabi.lib : copy_decompress_rle.obj (.text)
                  2000ba92    00000066                           : xdunscal.obj (.text)
                  2000baf8    00000064     simplelink.a : nonos.obj (.text:_SlNonOsSpawn)
                  2000bb5c    00000064                  : socket.obj (.text:_sl_HandleAsync_Accept)
                  2000bbc0    00000064     driverlib.a : udma.obj (.text:uDMAChannelAttributeDisable)
                  2000bc24    00000064                 : udma.obj (.text:uDMAChannelAttributeEnable)
                  2000bc88    00000060     rtsv7M4_T_le_eabi.lib : sprintf.obj (.text)
                  2000bce8    00000058     driverlib.a : interrupt.obj (.text:IntPendClear)
                  2000bd40    00000058                 : prcm.obj (.text:PRCMPeripheralReset)
                  2000bd98    00000056     rtsv7M4_T_le_eabi.lib : ltoa.obj (.text)
                  2000bdee    00000002     --HOLE-- [fill = 0]
                  2000bdf0    00000054     driverlib.a : interrupt.obj (.text:IntPrioritySet)
                  2000be44    00000054     simplelink.a : driver.obj (.text:_SlDrvRxIrqHandler)
                  2000be98    00000054                  : socket.obj (.text:_sl_HandleAsync_Select)
                  2000beec    00000050                  : device.obj (.text:_sl_HandleAsync_Stop)
                  2000bf3c    0000004c     driverlib.a : spi.obj (.text:SPIIntEnable)
                  2000bf88    0000004c                 : spi.obj (.text:SPIIntNumberGet)
                  2000bfd4    0000004c     simplelink.a : driver.obj (.text:_SlDrvProtectAsyncRespSetting)
                  2000c020    0000004c                  : socket.obj (.text:_sl_BuildAddress)
                  2000c06c    0000004c     rtsv7M4_T_le_eabi.lib : atoi.obj (.text)
                  2000c0b8    0000004c                           : cpy_tbl.obj (.text)
                  2000c104    0000004c     driverlib.a : udma.obj (.text:uDMAChannelAssign)
                  2000c150    00000048                 : gpio.obj (.text:GPIOGetIntNumber)
                  2000c198    00000048                 : spi.obj (.text:SPIIntClear)
                  2000c1e0    00000048     simplelink.a : driver.obj (.text:_SlDrvBasicCmd)
                  2000c228    00000048     rtsv7M4_T_le_eabi.lib : fd_toi_t2.obj (.text)
                  2000c270    00000048     simplelink.a : netapp.obj (.text:sl_NetAppMDNSUnRegisterService)
                  2000c2b8    00000046     rtsv7M4_T_le_eabi.lib : ldexp.obj (.text)
                  2000c2fe    00000002     --HOLE-- [fill = 0]
                  2000c300    00000044     driverlib.a : spi.obj (.text:SPIDmaMaskGet)
                  2000c344    00000044     simplelink.a : driver.obj (.text:_SlDrvHandleHttpServerEvents)
                  2000c388    00000044                  : driver.obj (.text:_SlDrvSyncObjWaitTimeout)
                  2000c3cc    00000044                  : cc_pal.obj (.text:cc_SetupTransfer)
                  2000c410    00000044     rtsv7M4_T_le_eabi.lib : exit.obj (.text)
                  2000c454    00000044     simplelink.a : socket.obj (.text:sl_Close)
                  2000c498    00000044                  : wlan.obj (.text:sl_WlanProfileDel)
                  2000c4dc    00000044                  : wlan.obj (.text:sl_WlanSetMode)
                  2000c520    00000042                  : socket.obj (.text:sl_Htonl)
                  2000c562    00000002     --HOLE-- [fill = 0]
                  2000c564    00000040     driverlib.a : pin.obj (.text:PinModeSet)
                  2000c5a4    00000040     simplelink.a : driver.obj (.text:_SlDrvHandleNetAppEvents)
                  2000c5e4    00000040                  : driver.obj (.text:_SlDrvHandleWlanEvents)
                  2000c624    00000040                  : socket.obj (.text:_sl_TruncatePayloadByProtocol)
                  2000c664    00000040     rtsv7M4_T_le_eabi.lib : signal.obj (.text)
                  2000c6a4    0000003e     simplelink.a : cc_pal.obj (.text:NwpRegisterInterruptHandler)
                  2000c6e2    0000003c                  : netapp.obj (.text:CopyPingResultsToReport)
                  2000c71e    00000002     --HOLE-- [fill = 0]
                  2000c720    0000003c     driverlib.a : prcm.obj (.text:PRCMPeripheralClkEnable)
                  2000c75c    0000003c     rtsv7M4_T_le_eabi.lib : boot.obj (.text)
                  2000c798    0000003c     simplelink.a : socket.obj (.text:sl_Htons)
                  2000c7d4    0000003c     driverlib.a : udma.obj (.text:uDMAChannelControlSet)
                  2000c810    00000038     simplelink.a : cc_pal.obj (.text:NwpPowerOff)
                  2000c848    00000036     driverlib.a : gpio.obj (.text:GPIODirModeSet)
                  2000c87e    00000002     --HOLE-- [fill = 0]
                  2000c880    00000034                 : prcm.obj (.text:PRCMPeripheralStatusGet)
                  2000c8b4    00000034                 : spi.obj (.text:SPIFIFOLevelSet)
                  2000c8e8    00000034     rtsv7M4_T_le_eabi.lib : feraiseexcept.obj (.text)
                  2000c91c    00000030     driverlib.a : pin.obj (.text:PinTypeGPIO)
                  2000c94c    00000030                 : uart.obj (.text:UARTDisable)
                  2000c97c    00000030     rtsv7M4_T_le_eabi.lib : xferaise.obj (.text)
                  2000c9ac    0000002e                           : i_tofd_t2.obj (.text)
                  2000c9da    0000002e                           : raise.obj (.text)
                  2000ca08    0000002c     driverlib.a : i2c.obj (.text:I2CMasterErr)
                  2000ca34    0000002c                 : prcm.obj (.text:PRCMSysResetCauseGet)
                  2000ca60    0000002c     simplelink.a : driver.obj (.text:_SlDrvObjGlobalLockWaitForever)
                  2000ca8c    0000002c                  : driver.obj (.text:_SlDrvProtectionObjLockWaitForever)
                  2000cab8    0000002a     rtsv7M4_T_le_eabi.lib : xdclass.obj (.text)
                  2000cae2    00000002     --HOLE-- [fill = 0]
                  2000cae4    00000028     driverlib.a : prcm.obj (.text:PRCMPeripheralClkDisable)
                  2000cb0c    00000028     simplelink.a : driver.obj (.text:_SlDrvGlobalObjUnLock)
                  2000cb34    00000028                  : driver.obj (.text:_SlDrvProtectionObjUnLock)
                  2000cb5c    00000028                  : driver.obj (.text:_SlDrvSyncObjWaitForever)
                  2000cb84    00000026     network_common.obj (.text)
                  2000cbaa    00000002     --HOLE-- [fill = 0]
                  2000cbac    00000024     simplelink.a : cc_pal.obj (.text:DmaSpiSwIntHandler)
                  2000cbd0    00000024     driverlib.a : interrupt.obj (.text:IntUnregister)
                  2000cbf4    00000024                 : uart.obj (.text:UARTEnable)
                  2000cc18    00000024     simplelink.a : driver.obj (.text:_SlDrvObjLockWaitForever)
                  2000cc3c    00000024     rtsv7M4_T_le_eabi.lib : memmov.obj (.text)
                  2000cc60    00000022     driverlib.a : i2c.obj (.text:I2CMasterSlaveAddrSet)
                  2000cc82    00000022                 : spi.obj (.text:SPIReset)
                  2000cca4    00000022                 : spi.obj (.text:SPIWordCountSet)
                  2000ccc6    00000022     rtsv7M4_T_le_eabi.lib : frexp.obj (.text)
                  2000cce8    00000020     driverlib.a : gpio.obj (.text:GPIOPinWrite)
                  2000cd08    00000020                 : interrupt.obj (.text:IntRegister)
                  2000cd28    00000020     simplelink.a : cc_pal.obj (.text:NwpPowerOn)
                  2000cd48    00000020                  : driver.obj (.text:_SlDrvObjUnLock)
                  2000cd68    00000020                  : driver.obj (.text:_SlDrvSyncObjSignal)
                  2000cd88    00000020                  : wlan.obj (.text:sl_WlanDisconnect)
                  2000cda8    0000001e     driverlib.a : gpio.obj (.text:GPIOIntRegister)
                  2000cdc6    0000001e                 : i2c.obj (.text:I2CMasterIntStatusEx)
                  2000cde4    0000001e                 : uart.obj (.text:UARTCharPut)
                  2000ce02    0000001e     simplelink.a : cc_pal.obj (.text:cc_UDMAChannelSelect)
                  2000ce20    0000001c     driverlib.a : pin.obj (.text:PinTypeI2C)
                  2000ce3c    0000001c                 : uart.obj (.text:UARTCharGetNonBlocking)
                  2000ce58    0000001c     rtsv7M4_T_le_eabi.lib : memccpy.obj (.text)
                  2000ce74    0000001c     driverlib.a : udma.obj (.text:uDMAChannelEnable)
                  2000ce90    0000001a                 : gpio.obj (.text:GPIOIntEnable)
                  2000ceaa    0000001a                 : pin.obj (.text:PinTypeUART)
                  2000cec4    0000001a                 : spi.obj (.text:SPIDmaDisable)
                  2000cede    0000001a                 : spi.obj (.text:SPIDmaEnable)
                  2000cef8    0000001a                 : spi.obj (.text:SPIFIFODisable)
                  2000cf12    0000001a                 : spi.obj (.text:SPIFIFOEnable)
                  2000cf2c    0000001a                 : spi.obj (.text:SPIIntUnregister)
                  2000cf46    00000018                 : gpio.obj (.text:GPIOPinRead)
                  2000cf5e    00000018                 : spi.obj (.text:SPICSDisable)
                  2000cf76    00000018                 : spi.obj (.text:SPICSEnable)
                  2000cf8e    00000018                 : spi.obj (.text:SPIDisable)
                  2000cfa6    00000018                 : spi.obj (.text:SPIEnable)
                  2000cfbe    00000018                 : uart.obj (.text:UARTCharsAvail)
                  2000cfd6    00000018     simplelink.a : nonos.obj (.text:_SlNonOsSemSet)
                  2000cfee    00000002     --HOLE-- [fill = 0]
                  2000cff0    00000018                  : device.obj (.text:_sl_GetStartResponseConvert)
                  2000d008    00000018     rtsv7M4_T_le_eabi.lib : args_main.obj (.text)
                  2000d020    00000016     driverlib.a : i2c.obj (.text:I2CMasterDataPut)
                  2000d036    00000016                 : i2c.obj (.text:I2CMasterEnable)
                  2000d04c    00000016                 : prcm.obj (.text:PRCMHIBRegRead)
                  2000d062    00000016                 : prcm.obj (.text:PRCMHIBRegWrite)
                  2000d078    00000016     simplelink.a : driver.obj (.text:_SlDrvMemZero)
                  2000d08e    00000016     rtsv7M4_T_le_eabi.lib : strchr.obj (.text)
                  2000d0a4    00000014     driverlib.a : cpu.obj (.text:CPUcpsie)
                  2000d0b8    00000014                 : gpio.obj (.text:GPIOIntClear)
                  2000d0cc    00000014                 : interrupt.obj (.text:IntVTableBaseSet)
                  2000d0e0    00000014     rtsv7M4_T_le_eabi.lib : _lock.obj (.text)
                  2000d0f4    00000014                           : strcpy.obj (.text)
                  2000d108    00000014                           : strlen.obj (.text)
                  2000d11c    00000012     driverlib.a : i2c.obj (.text:I2CMasterControl)
                  2000d12e    00000012                 : i2c.obj (.text:I2CMasterIntClearEx)
                  2000d140    00000012                 : i2c.obj (.text:I2CMasterTimeoutSet)
                  2000d152    00000010     simplelink.a : driver.obj (.text:_SlDrvDispatchHttpServerEvents)
                  2000d162    0000000e     driverlib.a : i2c.obj (.text:I2CMasterDataGet)
                  2000d170    0000000e     simplelink.a : driver.obj (.text:_SlDrvResetCmdExt)
                  2000d17e    0000000e     rtsv7M4_T_le_eabi.lib : copy_decompress_none.obj (.text:decompress:none)
                  2000d18c    0000000e     startup_ccs.obj (.text)
                  2000d19a    00000002     --HOLE-- [fill = 0]
                  2000d19c    0000000c     simplelink.a : cc_pal.obj (.text:NwpMaskInterrupt)
                  2000d1a8    0000000c                  : cc_pal.obj (.text:NwpUnMaskInterrupt)
                  2000d1b4    0000000c     rtsv7M4_T_le_eabi.lib : copy_zero_init.obj (.text:decompress:ZI)
                  2000d1c0    0000000a     driverlib.a : interrupt.obj (.text:IntMasterEnable)
                  2000d1ca    00000006                 : utils.obj (.text:UtilsDelay)
                  2000d1d0    00000006     rtsv7M4_T_le_eabi.lib : copy_decompress_rle.obj (.text:decompress:rle24)
                  2000d1d6    00000004                           : pre_init.obj (.text)

.const     0    2000d1dc    00000664     
                  2000d1dc    00000101     rtsv7M4_T_le_eabi.lib : ctype.obj (.const:.string:_ctypes_)
                  2000d2dd    00000003     --HOLE-- [fill = 0]
                  2000d2e0    00000100     driverlib.a : pin.obj (.const:g_ulPinToPadMap)
                  2000d3e0    000000d4                 : interrupt.obj (.const:g_pulRegs)
                  2000d4b4    000000a8                 : prcm.obj (.const:PRCM_PeriphRegsList)
                  2000d55c    00000080                 : interrupt.obj (.const)
                  2000d5dc    00000040     main.obj (.const:.string)
                  2000d61c    0000003c     simplelink.a : driver.obj (.const:OpcodeTranslateTable)
                  2000d658    0000003c                  : wlan.obj (.const)
                  2000d694    00000038                  : driver.obj (.const:_SlActionLookupTable)
                  2000d6cc    00000038                  : driver.obj (.const)
                  2000d704    00000034                  : socket.obj (.const)
                  2000d738    0000002c     main.obj (.const:$P$T1$2)
                  2000d764    00000028     simplelink.a : netapp.obj (.const)
                  2000d78c    00000024     driverlib.a : spi.obj (.const:g_ppulSPIIntMap)
                  2000d7b0    00000022     main.obj (.const:.string:$P$T0$1)
                  2000d7d2    00000002     --HOLE-- [fill = 0]
                  2000d7d4    00000020     main.obj (.const)
                  2000d7f4    0000001c     simplelink.a : device.obj (.const)
                  2000d810    00000018     driverlib.a : spi.obj (.const)
                  2000d828    00000010     simplelink.a : socket.obj (.const:.string)
                  2000d838    00000008                  : netcfg.obj (.const)

.cinit     0    2000d840    00000098     
                  2000d840    0000006f     (.cinit..data.load) [load image, compression = rle]
                  2000d8af    00000001     --HOLE-- [fill = 0]
                  2000d8b0    0000000c     (__TI_handler_table)
                  2000d8bc    00000004     --HOLE-- [fill = 0]
                  2000d8c0    00000008     (.cinit..bss.load) [load image, compression = zero_init]
                  2000d8c8    00000010     (__TI_cinit_table)

.sysmem    0    20017000    00008000     UNINITIALIZED
                  20017000    00000008     rtsv7M4_T_le_eabi.lib : memory.obj (.sysmem)
                  20017008    00007ff8     --HOLE--

.bss       0    2001f000    0000021a     UNINITIALIZED
                  2001f000    00000168     simplelink.a : driver.obj (.bss:g_StatMem)
                  2001f168    00000050                  : cc_pal.obj (.bss:g_ucDinDout)
                  2001f1b8    0000002c     main.obj (.bss:g_time)
                  2001f1e4    00000024     main.obj (.bss:g_ucConnectionSSID)
                  2001f208    00000008     (.common:g_ucConnectionBSSID)
                  2001f210    00000004     (.common:__Errorlog)
                  2001f214    00000001     (.common:RxIrqCnt)
                  2001f215    00000001     (.common:g_bDeviceRestartIsRequired)
                  2001f216    00000001     (.common:g_cDummy)
                  2001f217    00000001     (.common:g_ucLED1Pin)
                  2001f218    00000001     (.common:g_ucLED2Pin)
                  2001f219    00000001     (.common:g_ucLED3Pin)

.TI.noinit 
*          0    2001f000    00000000     UNINITIALIZED

.data      0    2001f220    000001e4     UNINITIALIZED
                  2001f220    000000b0     rtsv7M4_T_le_eabi.lib : signal.obj (.data:sigtable)
                  2001f2d0    00000080                           : xvalues.obj (.data)
                  2001f350    0000003c     simplelink.a : nonos.obj (.data:g__SlNonOsCB)
                  2001f38c    00000020     gpio_if.obj (.data)
                  2001f3ac    00000010     main.obj (.data)
                  2001f3bc    0000000d     simplelink.a : driver.obj (.data)
                  2001f3c9    00000003     --HOLE--
                  2001f3cc    0000000c     rtsv7M4_T_le_eabi.lib : memory.obj (.data)
                  2001f3d8    00000009     simplelink.a : cc_pal.obj (.data)
                  2001f3e1    00000003     --HOLE--
                  2001f3e4    00000008     rtsv7M4_T_le_eabi.lib : _lock.obj (.data)
                  2001f3ec    00000008                           : exit.obj (.data)
                  2001f3f4    00000008                           : feraiseexcept.obj (.data)
                  2001f3fc    00000004                           : errno.obj (.data)
                  2001f400    00000004                           : stkdepth_vars.obj (.data)

.TI.persistent 
*          0    2001f220    00000000     UNINITIALIZED

.stack     0    2002f000    00001000     UNINITIALIZED
                  2002f000    00001000     --HOLE--


LINKER GENERATED COPY TABLES

__TI_cinit_table @ 2000d8c8 records: 2, size/record: 8, table size: 16
	.data: load addr=2000d840, load size=0000006f bytes, run addr=2001f220, run size=000001e4 bytes, compression=rle
	.bss: load addr=2000d8c0, load size=00000008 bytes, run addr=2001f000, run size=0000021a bytes, compression=zero_init


LINKER GENERATED HANDLER TABLE

__TI_handler_table @ 2000d8b0 records: 3, size/record: 4, table size: 12
	index: 0, handler: __TI_decompress_rle24
	index: 1, handler: __TI_decompress_none
	index: 2, handler: __TI_zero_init


GLOBAL SYMBOLS: SORTED ALPHABETICALLY BY Name 

address   name                                  
-------   ----                                  
2000c411  C$$EXIT                               
2000d0a5  CPUcpsie                              
200077c9  ClearTerm                             
2000cbad  DmaSpiSwIntHandler                    
200077d3  Error                                 
2000c849  GPIODirModeSet                        
2000d0b9  GPIOIntClear                          
2000ce91  GPIOIntEnable                         
2000cda9  GPIOIntRegister                       
2000b0c5  GPIOIntTypeSet                        
2000cf47  GPIOPinRead                           
2000cce9  GPIOPinWrite                          
2000741d  GPIO_IF_ConfigureNIntEnable           
200074a9  GPIO_IF_Get                           
200073d7  GPIO_IF_GetPortNPin                   
20007199  GPIO_IF_LedConfigure                  
2000728b  GPIO_IF_LedOff                        
200071d7  GPIO_IF_LedOn                         
2000733f  GPIO_IF_LedStatus                     
200073a9  GPIO_IF_LedToggle                     
20007465  GPIO_IF_Set                           
2000780b  GetCmd                                
2000d11d  I2CMasterControl                      
2000d163  I2CMasterDataGet                      
2000d021  I2CMasterDataPut                      
2000d037  I2CMasterEnable                       
2000ca09  I2CMasterErr                          
2000b041  I2CMasterInitExpClk                   
2000d12f  I2CMasterIntClearEx                   
2000cdc7  I2CMasterIntStatusEx                  
2000cc61  I2CMasterSlaveAddrSet                 
2000d141  I2CMasterTimeoutSet                   
20007771  I2C_IF_Close                          
20007729  I2C_IF_Open                           
20007623  I2C_IF_Read                           
200076df  I2C_IF_ReadFrom                       
2000756d  I2C_IF_Write                          
20007789  InitTerm                              
2000a66d  IntDisable                            
2000a715  IntEnable                             
2000d1c1  IntMasterEnable                       
2000bce9  IntPendClear                          
2000bdf1  IntPrioritySet                        
2000cd09  IntRegister                           
2000cbd1  IntUnregister                         
2000d0cd  IntVTableBaseSet                      
200077a7  Message                               
2000d19d  NwpMaskInterrupt                      
2000c811  NwpPowerOff                           
2000cd29  NwpPowerOn                            
2000c6a5  NwpRegisterInterruptHandler           
2000d1a9  NwpUnMaskInterrupt                    
2000d61c  OpcodeTranslateTable                  
20008aa5  PRCMCC3200MCUInit                     
2000d04d  PRCMHIBRegRead                        
2000d063  PRCMHIBRegWrite                       
2000cae5  PRCMPeripheralClkDisable              
2000c721  PRCMPeripheralClkEnable               
2000aad1  PRCMPeripheralClockGet                
2000bd41  PRCMPeripheralReset                   
2000c881  PRCMPeripheralStatusGet               
2000ca35  PRCMSysResetCauseGet                  
2000ad9d  PinConfigSet                          
2000c565  PinModeSet                            
20009191  PinMuxConfig                          
2000c91d  PinTypeGPIO                           
2000ce21  PinTypeI2C                            
2000ceab  PinTypeUART                           
20007949  Report                                
2000d18d  ResetISR                              
2001f214  RxIrqCnt                              
UNDEFED   SHT$$INIT_ARRAY$$Base                 
UNDEFED   SHT$$INIT_ARRAY$$Limit                
2000cf5f  SPICSDisable                          
2000cf77  SPICSEnable                           
2000a861  SPIConfigSetExpClk                    
2000cf8f  SPIDisable                            
2000cec5  SPIDmaDisable                         
2000cedf  SPIDmaEnable                          
2000cfa7  SPIEnable                             
2000cef9  SPIFIFODisable                        
2000cf13  SPIFIFOEnable                         
2000c8b5  SPIFIFOLevelSet                       
2000c199  SPIIntClear                           
2000bf3d  SPIIntEnable                          
2000cf2d  SPIIntUnregister                      
2000cc83  SPIReset                              
2000cca5  SPIWordCountSet                       
200045d5  SimpleLinkGeneralEventHandler         
200045b1  SimpleLinkHttpServerCallback          
2000450f  SimpleLinkNetAppEventHandler          
200045f5  SimpleLinkSockEventHandler            
20004401  SimpleLinkWlanEventHandler            
200078b1  TrimSpace                             
2000ce3d  UARTCharGetNonBlocking                
2000cde5  UARTCharPut                           
2000cfbf  UARTCharsAvail                        
2000b71d  UARTConfigSetExpClk                   
2000c94d  UARTDisable                           
2000cbf5  UARTEnable                            
2000d1cb  UtilsDelay                            
2000cab9  _Dclass                               
2001f2d0  _Denorm                               
2000a4f9  _Dnorm                                
20009895  _Dscale                               
2000ba93  _Dunscale                             
2001f2e0  _Eps                                  
2001f3fc  _Errno                                
2001f3f4  _Fenv                                 
2000c97d  _Feraise                              
2001f2f0  _Hugeval                              
2001f300  _Inf                                  
2001f310  _Nan                                  
2001f330  _Rteps                                
2000d694  _SlActionLookupTable                  
2000a7bd  _SlDriverHandleError                  
2000c1e1  _SlDrvBasicCmd                        
2000a439  _SlDrvCmdOp                           
2000b879  _SlDrvCmdSend                         
20008059  _SlDrvDataReadOp                      
20008ef9  _SlDrvDataWriteOp                     
2000a99d  _SlDrvDeviceEventHandler              
2000d153  _SlDrvDispatchHttpServerEvents        
20009659  _SlDrvDriverCBDeinit                  
200085c5  _SlDrvDriverCBInit                    
2000cb0d  _SlDrvGlobalObjUnLock                 
2000c345  _SlDrvHandleHttpServerEvents          
2000c5a5  _SlDrvHandleNetAppEvents              
2000c5e5  _SlDrvHandleWlanEvents                
2000d079  _SlDrvMemZero                         
2000a10d  _SlDrvMsgReadSpawnCtx                 
200099a5  _SlDrvNetAppEventHandler              
2000cc19  _SlDrvObjLockWaitForever              
2000cd49  _SlDrvObjUnLock                       
2000bfd5  _SlDrvProtectAsyncRespSetting         
2000ca8d  _SlDrvProtectionObjLockWaitForever    
2000cb35  _SlDrvProtectionObjUnLock             
2000823d  _SlDrvReleasePoolObj                  
2000d171  _SlDrvResetCmdExt                     
2000be45  _SlDrvRxIrqHandler                    
2000cd69  _SlDrvSyncObjSignal                   
2000cb5d  _SlDrvSyncObjWaitForever              
2000c389  _SlDrvSyncObjWaitTimeout              
20008915  _SlDrvWaitForPoolObj                  
2000d780  _SlNetAppSendTokenValueCmdCtrl        
2000b795  _SlNonOsMainLoopTask                  
2000b5b5  _SlNonOsSemGet                        
2000cfd7  _SlNonOsSemSet                        
2000baf9  _SlNonOsSpawn                         
2001f320  _Snan                                 
2001f3f8  _Tls_setup__Fenv                      
2001f340  _Xbig                                 
2001f348  _Zero                                 
20030000  __STACK_END                           
00001000  __STACK_SIZE                          
00008000  __SYSMEM_SIZE                         
2000d8c8  __TI_CINIT_Base                       
2000d8d8  __TI_CINIT_Limit                      
2000d8b0  __TI_Handler_Table_Base               
2000d8bc  __TI_Handler_Table_Limit              
2000b951  __TI_auto_init                        
2001f3ec  __TI_cleanup_ptr                      
2000d17f  __TI_decompress_none                  
2000d1d1  __TI_decompress_rle24                 
2001f3f0  __TI_dtors_ptr                        
200064e9  __TI_printfi                          
2000d840  __TI_static_base__                    
2000d1b5  __TI_zero_init                        
2000af35  __aeabi_cdcmpeq                       
2000af35  __aeabi_cdcmple                       
2000afbb  __aeabi_cdrcmple                      
2000c229  __aeabi_d2iz                          
20008417  __aeabi_dadd                          
200092cd  __aeabi_ddiv                          
20009aa9  __aeabi_dmul                          
2000840d  __aeabi_dsub                          
2000c9ad  __aeabi_i2d                           
2000b539  __aeabi_memclr                        
2000b539  __aeabi_memclr4                       
2000b539  __aeabi_memclr8                       
2000a901  __aeabi_memcpy                        
2000a901  __aeabi_memcpy4                       
2000a901  __aeabi_memcpy8                       
2000b53b  __aeabi_memset                        
2000b53b  __aeabi_memset4                       
2000b53b  __aeabi_memset8                       
20007e65  __aeabi_uldivmod                      
ffffffff  __binit__                             
ffffffff  __c_args__                            
2002f000  __stack                               
2000d009  _args_main                            
2000c75d  _c_int00                              
2000d1dc  _ctypes_                              
2001f3e4  _lock                                 
2000d0ef  _nop                                  
2000d0e7  _register_lock                        
2000d0e1  _register_unlock                      
2000bb5d  _sl_HandleAsync_Accept                
2000b149  _sl_HandleAsync_Connect               
2000ab65  _sl_HandleAsync_DnsGetHostByName      
2000a1e1  _sl_HandleAsync_DnsGetHostByService   
2000b1c9  _sl_HandleAsync_InitComplete          
2000abf5  _sl_HandleAsync_PingResponse          
2000be99  _sl_HandleAsync_Select                
2000beed  _sl_HandleAsync_Stop                  
2000b8e5  _sl_NetAppSendTokenValue              
20017000  _sys_memory                           
2000d1d7  _system_pre_init                      
2001f3e8  _unlock                               
2000c415  abort                                 
2000c06d  atoi                                  
ffffffff  binit                                 
20007129  calloc                                
2000c0b9  copy_in                               
2000c41d  exit                                  
2000c8e9  feraiseexcept                         
20006e77  free                                  
2000ccc7  frexp                                 
2001f3b8  g_Host                                
2001f3d8  g_SpiFd                               
2001f350  g__SlNonOsCB                          
2001f215  g_bDeviceRestartIsRequired            
2001f216  g_cDummy                              
2001f3c0  g_pCB                                 
2001f3dc  g_pHostIntHdl                         
20004000  g_pfnVectors                          
2001f1b8  g_time                                
2001f208  g_ucConnectionBSSID                   
2001f1e4  g_ucConnectionSSID                    
2001f3e0  g_ucDMAEnabled                        
2001f168  g_ucDinDout                           
2001f217  g_ucLED1Pin                           
2001f218  g_ucLED2Pin                           
2001f219  g_ucLED3Pin                           
2001f3a0  g_uiLED1Port                          
2001f3a4  g_uiLED2Port                          
2001f3a8  g_uiLED3Port                          
2001f3b4  g_ulGatewayIP                         
2001f3b0  g_ulPingPacketsRecv                   
2001f3ac  g_ulStatus                            
2000502f  itoa                                  
2000c2b9  ldexp                                 
2000bd99  ltoa                                  
20005105  main                                  
2001f400  main_func_sp                          
20006e0f  malloc                                
20007045  memalign                              
2000ce59  memccpy                               
2000a901  memcpy                                
2000cc3d  memmove                               
2000b541  memset                                
20006d81  minit                                 
2001f3c4  pPingCallBackFunc                     
2000c9db  raise                                 
20006f39  realloc                               
2000c665  signal                                
2000c455  sl_Close                              
20008d8d  sl_Connect                            
2000a5b9  sl_DevGet                             
2000b349  sl_DevSet                             
2000c521  sl_Htonl                              
2000c799  sl_Htons                              
20009405  sl_NetAppDnsGetHostByName             
2000a2ad  sl_NetAppMDNSRegisterUnregisterService
2000c271  sl_NetAppMDNSUnRegisterService        
2000b3c5  sl_NetCfgSet                          
2000cb85  sl_Provisioning_HttpServerEventHdl    
2000cb93  sl_Provisioning_NetAppEventHdl        
2000cb9f  sl_Provisioning_WlanEventHdl          
2000aead  sl_Recv                               
2000977d  sl_Send                               
2000b441  sl_SetSockOpt                         
2000b809  sl_Socket                             
20009f51  sl_Start                              
20009e6d  sl_Stop                               
20007a09  sl_WlanConnect                        
2000cd89  sl_WlanDisconnect                     
2000b62d  sl_WlanPolicySet                      
2000c499  sl_WlanProfileDel                     
2000b9bd  sl_WlanRxFilterSet                    
2000b4bd  sl_WlanSet                            
2000c4dd  sl_WlanSetMode                        
2000b6a5  spi_Close                             
20009049  spi_Open                              
20009ba5  spi_Read                              
2000aa39  spi_Write                             
2000bc89  sprintf                               
2000d08f  strchr                                
2000d0f5  strcpy                                
2000d109  strlen                                
2000c105  uDMAChannelAssign                     
2000bbc1  uDMAChannelAttributeDisable           
2000bc25  uDMAChannelAttributeEnable            
2000c7d5  uDMAChannelControlSet                 
2000ce75  uDMAChannelEnable                     
20009c95  uDMAChannelTransferSet                
2000ae25  vsnprintf                             


GLOBAL SYMBOLS: SORTED BY Symbol Address 

address   name                                  
-------   ----                                  
00001000  __STACK_SIZE                          
00008000  __SYSMEM_SIZE                         
20004000  g_pfnVectors                          
20004401  SimpleLinkWlanEventHandler            
2000450f  SimpleLinkNetAppEventHandler          
200045b1  SimpleLinkHttpServerCallback          
200045d5  SimpleLinkGeneralEventHandler         
200045f5  SimpleLinkSockEventHandler            
2000502f  itoa                                  
20005105  main                                  
200064e9  __TI_printfi                          
20006d81  minit                                 
20006e0f  malloc                                
20006e77  free                                  
20006f39  realloc                               
20007045  memalign                              
20007129  calloc                                
20007199  GPIO_IF_LedConfigure                  
200071d7  GPIO_IF_LedOn                         
2000728b  GPIO_IF_LedOff                        
2000733f  GPIO_IF_LedStatus                     
200073a9  GPIO_IF_LedToggle                     
200073d7  GPIO_IF_GetPortNPin                   
2000741d  GPIO_IF_ConfigureNIntEnable           
20007465  GPIO_IF_Set                           
200074a9  GPIO_IF_Get                           
2000756d  I2C_IF_Write                          
20007623  I2C_IF_Read                           
200076df  I2C_IF_ReadFrom                       
20007729  I2C_IF_Open                           
20007771  I2C_IF_Close                          
20007789  InitTerm                              
200077a7  Message                               
200077c9  ClearTerm                             
200077d3  Error                                 
2000780b  GetCmd                                
200078b1  TrimSpace                             
20007949  Report                                
20007a09  sl_WlanConnect                        
20007e65  __aeabi_uldivmod                      
20008059  _SlDrvDataReadOp                      
2000823d  _SlDrvReleasePoolObj                  
2000840d  __aeabi_dsub                          
20008417  __aeabi_dadd                          
200085c5  _SlDrvDriverCBInit                    
20008915  _SlDrvWaitForPoolObj                  
20008aa5  PRCMCC3200MCUInit                     
20008d8d  sl_Connect                            
20008ef9  _SlDrvDataWriteOp                     
20009049  spi_Open                              
20009191  PinMuxConfig                          
200092cd  __aeabi_ddiv                          
20009405  sl_NetAppDnsGetHostByName             
20009659  _SlDrvDriverCBDeinit                  
2000977d  sl_Send                               
20009895  _Dscale                               
200099a5  _SlDrvNetAppEventHandler              
20009aa9  __aeabi_dmul                          
20009ba5  spi_Read                              
20009c95  uDMAChannelTransferSet                
20009e6d  sl_Stop                               
20009f51  sl_Start                              
2000a10d  _SlDrvMsgReadSpawnCtx                 
2000a1e1  _sl_HandleAsync_DnsGetHostByService   
2000a2ad  sl_NetAppMDNSRegisterUnregisterService
2000a439  _SlDrvCmdOp                           
2000a4f9  _Dnorm                                
2000a5b9  sl_DevGet                             
2000a66d  IntDisable                            
2000a715  IntEnable                             
2000a7bd  _SlDriverHandleError                  
2000a861  SPIConfigSetExpClk                    
2000a901  __aeabi_memcpy                        
2000a901  __aeabi_memcpy4                       
2000a901  __aeabi_memcpy8                       
2000a901  memcpy                                
2000a99d  _SlDrvDeviceEventHandler              
2000aa39  spi_Write                             
2000aad1  PRCMPeripheralClockGet                
2000ab65  _sl_HandleAsync_DnsGetHostByName      
2000abf5  _sl_HandleAsync_PingResponse          
2000ad9d  PinConfigSet                          
2000ae25  vsnprintf                             
2000aead  sl_Recv                               
2000af35  __aeabi_cdcmpeq                       
2000af35  __aeabi_cdcmple                       
2000afbb  __aeabi_cdrcmple                      
2000b041  I2CMasterInitExpClk                   
2000b0c5  GPIOIntTypeSet                        
2000b149  _sl_HandleAsync_Connect               
2000b1c9  _sl_HandleAsync_InitComplete          
2000b349  sl_DevSet                             
2000b3c5  sl_NetCfgSet                          
2000b441  sl_SetSockOpt                         
2000b4bd  sl_WlanSet                            
2000b539  __aeabi_memclr                        
2000b539  __aeabi_memclr4                       
2000b539  __aeabi_memclr8                       
2000b53b  __aeabi_memset                        
2000b53b  __aeabi_memset4                       
2000b53b  __aeabi_memset8                       
2000b541  memset                                
2000b5b5  _SlNonOsSemGet                        
2000b62d  sl_WlanPolicySet                      
2000b6a5  spi_Close                             
2000b71d  UARTConfigSetExpClk                   
2000b795  _SlNonOsMainLoopTask                  
2000b809  sl_Socket                             
2000b879  _SlDrvCmdSend                         
2000b8e5  _sl_NetAppSendTokenValue              
2000b951  __TI_auto_init                        
2000b9bd  sl_WlanRxFilterSet                    
2000ba93  _Dunscale                             
2000baf9  _SlNonOsSpawn                         
2000bb5d  _sl_HandleAsync_Accept                
2000bbc1  uDMAChannelAttributeDisable           
2000bc25  uDMAChannelAttributeEnable            
2000bc89  sprintf                               
2000bce9  IntPendClear                          
2000bd41  PRCMPeripheralReset                   
2000bd99  ltoa                                  
2000bdf1  IntPrioritySet                        
2000be45  _SlDrvRxIrqHandler                    
2000be99  _sl_HandleAsync_Select                
2000beed  _sl_HandleAsync_Stop                  
2000bf3d  SPIIntEnable                          
2000bfd5  _SlDrvProtectAsyncRespSetting         
2000c06d  atoi                                  
2000c0b9  copy_in                               
2000c105  uDMAChannelAssign                     
2000c199  SPIIntClear                           
2000c1e1  _SlDrvBasicCmd                        
2000c229  __aeabi_d2iz                          
2000c271  sl_NetAppMDNSUnRegisterService        
2000c2b9  ldexp                                 
2000c345  _SlDrvHandleHttpServerEvents          
2000c389  _SlDrvSyncObjWaitTimeout              
2000c411  C$$EXIT                               
2000c415  abort                                 
2000c41d  exit                                  
2000c455  sl_Close                              
2000c499  sl_WlanProfileDel                     
2000c4dd  sl_WlanSetMode                        
2000c521  sl_Htonl                              
2000c565  PinModeSet                            
2000c5a5  _SlDrvHandleNetAppEvents              
2000c5e5  _SlDrvHandleWlanEvents                
2000c665  signal                                
2000c6a5  NwpRegisterInterruptHandler           
2000c721  PRCMPeripheralClkEnable               
2000c75d  _c_int00                              
2000c799  sl_Htons                              
2000c7d5  uDMAChannelControlSet                 
2000c811  NwpPowerOff                           
2000c849  GPIODirModeSet                        
2000c881  PRCMPeripheralStatusGet               
2000c8b5  SPIFIFOLevelSet                       
2000c8e9  feraiseexcept                         
2000c91d  PinTypeGPIO                           
2000c94d  UARTDisable                           
2000c97d  _Feraise                              
2000c9ad  __aeabi_i2d                           
2000c9db  raise                                 
2000ca09  I2CMasterErr                          
2000ca35  PRCMSysResetCauseGet                  
2000ca8d  _SlDrvProtectionObjLockWaitForever    
2000cab9  _Dclass                               
2000cae5  PRCMPeripheralClkDisable              
2000cb0d  _SlDrvGlobalObjUnLock                 
2000cb35  _SlDrvProtectionObjUnLock             
2000cb5d  _SlDrvSyncObjWaitForever              
2000cb85  sl_Provisioning_HttpServerEventHdl    
2000cb93  sl_Provisioning_NetAppEventHdl        
2000cb9f  sl_Provisioning_WlanEventHdl          
2000cbad  DmaSpiSwIntHandler                    
2000cbd1  IntUnregister                         
2000cbf5  UARTEnable                            
2000cc19  _SlDrvObjLockWaitForever              
2000cc3d  memmove                               
2000cc61  I2CMasterSlaveAddrSet                 
2000cc83  SPIReset                              
2000cca5  SPIWordCountSet                       
2000ccc7  frexp                                 
2000cce9  GPIOPinWrite                          
2000cd09  IntRegister                           
2000cd29  NwpPowerOn                            
2000cd49  _SlDrvObjUnLock                       
2000cd69  _SlDrvSyncObjSignal                   
2000cd89  sl_WlanDisconnect                     
2000cda9  GPIOIntRegister                       
2000cdc7  I2CMasterIntStatusEx                  
2000cde5  UARTCharPut                           
2000ce21  PinTypeI2C                            
2000ce3d  UARTCharGetNonBlocking                
2000ce59  memccpy                               
2000ce75  uDMAChannelEnable                     
2000ce91  GPIOIntEnable                         
2000ceab  PinTypeUART                           
2000cec5  SPIDmaDisable                         
2000cedf  SPIDmaEnable                          
2000cef9  SPIFIFODisable                        
2000cf13  SPIFIFOEnable                         
2000cf2d  SPIIntUnregister                      
2000cf47  GPIOPinRead                           
2000cf5f  SPICSDisable                          
2000cf77  SPICSEnable                           
2000cf8f  SPIDisable                            
2000cfa7  SPIEnable                             
2000cfbf  UARTCharsAvail                        
2000cfd7  _SlNonOsSemSet                        
2000d009  _args_main                            
2000d021  I2CMasterDataPut                      
2000d037  I2CMasterEnable                       
2000d04d  PRCMHIBRegRead                        
2000d063  PRCMHIBRegWrite                       
2000d079  _SlDrvMemZero                         
2000d08f  strchr                                
2000d0a5  CPUcpsie                              
2000d0b9  GPIOIntClear                          
2000d0cd  IntVTableBaseSet                      
2000d0e1  _register_unlock                      
2000d0e7  _register_lock                        
2000d0ef  _nop                                  
2000d0f5  strcpy                                
2000d109  strlen                                
2000d11d  I2CMasterControl                      
2000d12f  I2CMasterIntClearEx                   
2000d141  I2CMasterTimeoutSet                   
2000d153  _SlDrvDispatchHttpServerEvents        
2000d163  I2CMasterDataGet                      
2000d171  _SlDrvResetCmdExt                     
2000d17f  __TI_decompress_none                  
2000d18d  ResetISR                              
2000d19d  NwpMaskInterrupt                      
2000d1a9  NwpUnMaskInterrupt                    
2000d1b5  __TI_zero_init                        
2000d1c1  IntMasterEnable                       
2000d1cb  UtilsDelay                            
2000d1d1  __TI_decompress_rle24                 
2000d1d7  _system_pre_init                      
2000d1dc  _ctypes_                              
2000d61c  OpcodeTranslateTable                  
2000d694  _SlActionLookupTable                  
2000d780  _SlNetAppSendTokenValueCmdCtrl        
2000d840  __TI_static_base__                    
2000d8b0  __TI_Handler_Table_Base               
2000d8bc  __TI_Handler_Table_Limit              
2000d8c8  __TI_CINIT_Base                       
2000d8d8  __TI_CINIT_Limit                      
20017000  _sys_memory                           
2001f168  g_ucDinDout                           
2001f1b8  g_time                                
2001f1e4  g_ucConnectionSSID                    
2001f208  g_ucConnectionBSSID                   
2001f214  RxIrqCnt                              
2001f215  g_bDeviceRestartIsRequired            
2001f216  g_cDummy                              
2001f217  g_ucLED1Pin                           
2001f218  g_ucLED2Pin                           
2001f219  g_ucLED3Pin                           
2001f2d0  _Denorm                               
2001f2e0  _Eps                                  
2001f2f0  _Hugeval                              
2001f300  _Inf                                  
2001f310  _Nan                                  
2001f320  _Snan                                 
2001f330  _Rteps                                
2001f340  _Xbig                                 
2001f348  _Zero                                 
2001f350  g__SlNonOsCB                          
2001f3a0  g_uiLED1Port                          
2001f3a4  g_uiLED2Port                          
2001f3a8  g_uiLED3Port                          
2001f3ac  g_ulStatus                            
2001f3b0  g_ulPingPacketsRecv                   
2001f3b4  g_ulGatewayIP                         
2001f3b8  g_Host                                
2001f3c0  g_pCB                                 
2001f3c4  pPingCallBackFunc                     
2001f3d8  g_SpiFd                               
2001f3dc  g_pHostIntHdl                         
2001f3e0  g_ucDMAEnabled                        
2001f3e4  _lock                                 
2001f3e8  _unlock                               
2001f3ec  __TI_cleanup_ptr                      
2001f3f0  __TI_dtors_ptr                        
2001f3f4  _Fenv                                 
2001f3f8  _Tls_setup__Fenv                      
2001f3fc  _Errno                                
2001f400  main_func_sp                          
2002f000  __stack                               
20030000  __STACK_END                           
ffffffff  __binit__                             
ffffffff  __c_args__                            
ffffffff  binit                                 
UNDEFED   SHT$$INIT_ARRAY$$Base                 
UNDEFED   SHT$$INIT_ARRAY$$Limit                

[297 symbols]
