******************************************************************************
                  TI ARM Linker PC v5.2.5                      
******************************************************************************
>> Linked Mon May 09 19:31:52 2016

OUTPUT FILE NAME:   <ssl_Restful_API_AWS_PORT.out>
ENTRY POINT SYMBOL: "_c_int00"  address: 2000c119


MEMORY CONFIGURATION

         name            origin    length      used     unused   attr    fill
----------------------  --------  ---------  --------  --------  ----  --------
  SRAM_CODE             20004000   00013000  000091ba  00009e46  RW X
  SRAM_DATA             20017000   00019000  000093fe  0000fc02  RW X


SEGMENT ALLOCATION MAP

run origin  load origin   length   init length attrs members
----------  ----------- ---------- ----------- ----- -------
20004000    20004000    000091c0   000091c0    r-x
  20004000    20004000    00000400   00000400    r-- .intvecs
  20004400    20004400    000086a2   000086a2    r-x .text
  2000caa4    2000caa4    00000680   00000680    r-- .const
  2000d128    2000d128    00000098   00000098    r-- .cinit
20017000    20017000    00008404   00000000    rw-
  20017000    20017000    00008000   00000000    rw- .sysmem
  2001f000    2001f000    0000021a   00000000    rw- .bss
  2001f220    2001f220    000001e4   00000000    rw- .data
2002f000    2002f000    00001000   00000000    rw-
  2002f000    2002f000    00001000   00000000    rw- .stack


SECTION ALLOCATION MAP

 output                                  attributes/
section   page    origin      length       input sections
--------  ----  ----------  ----------   ----------------
.intvecs   0    20004000    00000400     
                  20004000    00000400     startup_ccs.obj (.intvecs)

.init_array 
*          0    20004000    00000000     UNINITIALIZED

.text      0    20004400    000086a2     
                  20004400    000010bc     main.obj (.text)
                  200054bc    000010a6     rtsv7M4_T_le_eabi.lib : _printfi.obj (.text)
                  20006562    00000002     driverlib.a : interrupt.obj (.text:IntDefaultHandler)
                  20006564    00000590     simplelink.a : driver.obj (.text:_SlDrvMsgRead)
                  20006af4    000003dc     rtsv7M4_T_le_eabi.lib : memory.obj (.text)
                  20006ed0    0000039c     gpio_if.obj (.text)
                  2000726c    00000280     uart_if.obj (.text)
                  200074ec    00000260     simplelink.a : wlan.obj (.text:sl_WlanConnect)
                  2000774c    000001fc                  : driver.obj (.text:_SlDrvRxHdrRead)
                  20007948    000001f4     rtsv7M4_T_le_eabi.lib : ull_div_t2.obj (.text)
                  20007b3c    000001e4     simplelink.a : driver.obj (.text:_SlDrvDataReadOp)
                  20007d20    000001d0                  : driver.obj (.text:_SlDrvReleasePoolObj)
                  20007ef0    000001b6     rtsv7M4_T_le_eabi.lib : fd_add_t2.obj (.text)
                  200080a6    00000002     --HOLE-- [fill = 0]
                  200080a8    000001b4     simplelink.a : driver.obj (.text:_SlDrvDriverCBInit)
                  2000825c    0000019c                  : driver.obj (.text:_SlDrvMsgWrite)
                  200083f8    00000190                  : driver.obj (.text:_SlDrvWaitForPoolObj)
                  20008588    00000178     driverlib.a : prcm.obj (.text:PRCMCC3200MCUInit)
                  20008700    00000170     simplelink.a : driver.obj (.text:_SlFindAndSetActiveObj)
                  20008870    0000016c                  : socket.obj (.text:sl_Connect)
                  200089dc    00000150                  : driver.obj (.text:_SlDrvDataWriteOp)
                  20008b2c    00000148                  : cc_pal.obj (.text:spi_Open)
                  20008c74    00000136     rtsv7M4_T_le_eabi.lib : fd_div_t2.obj (.text)
                  20008daa    00000002     --HOLE-- [fill = 0]
                  20008dac    0000012c     simplelink.a : netapp.obj (.text:sl_NetAppDnsGetHostByName)
                  20008ed8    00000128                  : driver.obj (.text:_SlDrvMsgReadCmdCtx)
                  20009000    00000124                  : driver.obj (.text:_SlDrvDriverCBDeinit)
                  20009124    00000118                  : socket.obj (.text:sl_Send)
                  2000923c    00000110     rtsv7M4_T_le_eabi.lib : xdscale.obj (.text)
                  2000934c    00000104     simplelink.a : netapp.obj (.text:_SlDrvNetAppEventHandler)
                  20009450    000000fc     rtsv7M4_T_le_eabi.lib : fd_mul_t2.obj (.text)
                  2000954c    000000f8     pinmux.obj (.text)
                  20009644    000000f0     simplelink.a : cc_pal.obj (.text:spi_Read)
                  20009734    000000f0     driverlib.a : udma.obj (.text:uDMAChannelTransferSet)
                  20009824    000000e8     simplelink.a : driver.obj (.text:_SlAsyncEventGenericHandler)
                  2000990c    000000e4                  : device.obj (.text:sl_Stop)
                  200099f0    000000e0                  : device.obj (.text:sl_Start)
                  20009ad0    000000dc                  : driver.obj (.text:_SlDrvClassifyRxMsg)
                  20009bac    000000d4                  : driver.obj (.text:_SlDrvMsgReadSpawnCtx)
                  20009c80    000000cc                  : netapp.obj (.text:_sl_HandleAsync_DnsGetHostByService)
                  20009d4c    000000c8                  : netapp.obj (.text:sl_NetAppMDNSRegisterUnregisterService)
                  20009e14    000000c4                  : driver.obj (.text:_SlRemoveFromList)
                  20009ed8    000000c0                  : driver.obj (.text:_SlDrvCmdOp)
                  20009f98    000000be     rtsv7M4_T_le_eabi.lib : xdnorm.obj (.text)
                  2000a056    00000002     --HOLE-- [fill = 0]
                  2000a058    000000b4     simplelink.a : device.obj (.text:sl_DevGet)
                  2000a10c    000000a8     driverlib.a : interrupt.obj (.text:IntDisable)
                  2000a1b4    000000a8                 : interrupt.obj (.text:IntEnable)
                  2000a25c    000000a4     simplelink.a : driver.obj (.text:_SlDriverHandleError)
                  2000a300    000000a0     driverlib.a : spi.obj (.text:SPIConfigSetExpClk)
                  2000a3a0    0000009c     rtsv7M4_T_le_eabi.lib : memcpy_t2.obj (.text)
                  2000a43c    0000009a     simplelink.a : device.obj (.text:_SlDrvDeviceEventHandler)
                  2000a4d6    00000002     --HOLE-- [fill = 0]
                  2000a4d8    00000098                  : cc_pal.obj (.text:spi_Write)
                  2000a570    00000094     driverlib.a : prcm.obj (.text:PRCMPeripheralClockGet)
                  2000a604    00000090     simplelink.a : netapp.obj (.text:_sl_HandleAsync_DnsGetHostByName)
                  2000a694    00000090                  : netapp.obj (.text:_sl_HandleAsync_PingResponse)
                  2000a724    0000008c                  : cc_pal.obj (.text:SetupDMAReceive)
                  2000a7b0    0000008c                  : cc_pal.obj (.text:SetupDMASend)
                  2000a83c    00000088     driverlib.a : pin.obj (.text:PinConfigSet)
                  2000a8c4    00000088     rtsv7M4_T_le_eabi.lib : vsnprintf.obj (.text)
                  2000a94c    00000088     simplelink.a : socket.obj (.text:sl_Recv)
                  2000a9d4    00000086     rtsv7M4_T_le_eabi.lib : fd_cmp_t2.obj (.text:__aeabi_cdcmple)
                  2000aa5a    00000086                           : fd_cmp_t2.obj (.text:__aeabi_cdrcmple)
                  2000aae0    00000082     driverlib.a : gpio.obj (.text:GPIOIntTypeSet)
                  2000ab62    00000002     --HOLE-- [fill = 0]
                  2000ab64    00000080     simplelink.a : socket.obj (.text:_sl_HandleAsync_Connect)
                  2000abe4    00000080                  : device.obj (.text:_sl_HandleAsync_InitComplete)
                  2000ac64    00000080                  : cc_pal.obj (.text:spi_Read_CPU)
                  2000ace4    00000080                  : cc_pal.obj (.text:spi_Write_CPU)
                  2000ad64    0000007c                  : device.obj (.text:sl_DevSet)
                  2000ade0    0000007c                  : netcfg.obj (.text:sl_NetCfgSet)
                  2000ae5c    0000007c                  : socket.obj (.text:sl_SetSockOpt)
                  2000aed8    0000007c                  : wlan.obj (.text:sl_WlanSet)
                  2000af54    0000007a     rtsv7M4_T_le_eabi.lib : memset_t2.obj (.text)
                  2000afce    00000002     --HOLE-- [fill = 0]
                  2000afd0    00000078     simplelink.a : nonos.obj (.text:_SlNonOsSemGet)
                  2000b048    00000078                  : wlan.obj (.text:sl_WlanPolicySet)
                  2000b0c0    00000078                  : cc_pal.obj (.text:spi_Close)
                  2000b138    00000076     driverlib.a : uart.obj (.text:UARTConfigSetExpClk)
                  2000b1ae    00000002     --HOLE-- [fill = 0]
                  2000b1b0    00000074     simplelink.a : nonos.obj (.text:_SlNonOsMainLoopTask)
                  2000b224    00000070                  : socket.obj (.text:sl_Socket)
                  2000b294    0000006c                  : driver.obj (.text:_SlDrvCmdSend)
                  2000b300    0000006c                  : netapp.obj (.text:_sl_NetAppSendTokenValue)
                  2000b36c    0000006c     rtsv7M4_T_le_eabi.lib : autoinit.obj (.text)
                  2000b3d8    0000006c     simplelink.a : wlan.obj (.text:sl_WlanRxFilterSet)
                  2000b444    0000006a     rtsv7M4_T_le_eabi.lib : copy_decompress_rle.obj (.text)
                  2000b4ae    00000066                           : xdunscal.obj (.text)
                  2000b514    00000064     simplelink.a : nonos.obj (.text:_SlNonOsSpawn)
                  2000b578    00000064                  : socket.obj (.text:_sl_HandleAsync_Accept)
                  2000b5dc    00000064     driverlib.a : udma.obj (.text:uDMAChannelAttributeDisable)
                  2000b640    00000064                 : udma.obj (.text:uDMAChannelAttributeEnable)
                  2000b6a4    00000058                 : interrupt.obj (.text:IntPendClear)
                  2000b6fc    00000058                 : prcm.obj (.text:PRCMPeripheralReset)
                  2000b754    00000056     rtsv7M4_T_le_eabi.lib : ltoa.obj (.text)
                  2000b7aa    00000002     --HOLE-- [fill = 0]
                  2000b7ac    00000054     driverlib.a : interrupt.obj (.text:IntPrioritySet)
                  2000b800    00000054     simplelink.a : driver.obj (.text:_SlDrvRxIrqHandler)
                  2000b854    00000054                  : socket.obj (.text:_sl_HandleAsync_Select)
                  2000b8a8    00000050                  : device.obj (.text:_sl_HandleAsync_Stop)
                  2000b8f8    0000004c     driverlib.a : spi.obj (.text:SPIIntEnable)
                  2000b944    0000004c                 : spi.obj (.text:SPIIntNumberGet)
                  2000b990    0000004c     simplelink.a : driver.obj (.text:_SlDrvProtectAsyncRespSetting)
                  2000b9dc    0000004c                  : socket.obj (.text:_sl_BuildAddress)
                  2000ba28    0000004c     rtsv7M4_T_le_eabi.lib : atoi.obj (.text)
                  2000ba74    0000004c                           : cpy_tbl.obj (.text)
                  2000bac0    0000004c     driverlib.a : udma.obj (.text:uDMAChannelAssign)
                  2000bb0c    00000048                 : gpio.obj (.text:GPIOGetIntNumber)
                  2000bb54    00000048                 : spi.obj (.text:SPIIntClear)
                  2000bb9c    00000048     simplelink.a : driver.obj (.text:_SlDrvBasicCmd)
                  2000bbe4    00000048     rtsv7M4_T_le_eabi.lib : fd_toi_t2.obj (.text)
                  2000bc2c    00000048     simplelink.a : netapp.obj (.text:sl_NetAppMDNSUnRegisterService)
                  2000bc74    00000046     rtsv7M4_T_le_eabi.lib : ldexp.obj (.text)
                  2000bcba    00000002     --HOLE-- [fill = 0]
                  2000bcbc    00000044     driverlib.a : spi.obj (.text:SPIDmaMaskGet)
                  2000bd00    00000044     simplelink.a : driver.obj (.text:_SlDrvHandleHttpServerEvents)
                  2000bd44    00000044                  : driver.obj (.text:_SlDrvSyncObjWaitTimeout)
                  2000bd88    00000044                  : cc_pal.obj (.text:cc_SetupTransfer)
                  2000bdcc    00000044     rtsv7M4_T_le_eabi.lib : exit.obj (.text)
                  2000be10    00000044     simplelink.a : socket.obj (.text:sl_Close)
                  2000be54    00000044                  : wlan.obj (.text:sl_WlanProfileDel)
                  2000be98    00000044                  : wlan.obj (.text:sl_WlanSetMode)
                  2000bedc    00000042                  : socket.obj (.text:sl_Htonl)
                  2000bf1e    00000002     --HOLE-- [fill = 0]
                  2000bf20    00000040     driverlib.a : pin.obj (.text:PinModeSet)
                  2000bf60    00000040     simplelink.a : driver.obj (.text:_SlDrvHandleNetAppEvents)
                  2000bfa0    00000040                  : driver.obj (.text:_SlDrvHandleWlanEvents)
                  2000bfe0    00000040                  : socket.obj (.text:_sl_TruncatePayloadByProtocol)
                  2000c020    00000040     rtsv7M4_T_le_eabi.lib : signal.obj (.text)
                  2000c060    0000003e     simplelink.a : cc_pal.obj (.text:NwpRegisterInterruptHandler)
                  2000c09e    0000003c                  : netapp.obj (.text:CopyPingResultsToReport)
                  2000c0da    00000002     --HOLE-- [fill = 0]
                  2000c0dc    0000003c     driverlib.a : prcm.obj (.text:PRCMPeripheralClkEnable)
                  2000c118    0000003c     rtsv7M4_T_le_eabi.lib : boot.obj (.text)
                  2000c154    0000003c     simplelink.a : socket.obj (.text:sl_Htons)
                  2000c190    0000003c     driverlib.a : udma.obj (.text:uDMAChannelControlSet)
                  2000c1cc    00000038     simplelink.a : cc_pal.obj (.text:NwpPowerOff)
                  2000c204    00000036     driverlib.a : gpio.obj (.text:GPIODirModeSet)
                  2000c23a    00000002     --HOLE-- [fill = 0]
                  2000c23c    00000034                 : prcm.obj (.text:PRCMPeripheralStatusGet)
                  2000c270    00000034                 : spi.obj (.text:SPIFIFOLevelSet)
                  2000c2a4    00000034     rtsv7M4_T_le_eabi.lib : feraiseexcept.obj (.text)
                  2000c2d8    00000030     driverlib.a : pin.obj (.text:PinTypeGPIO)
                  2000c308    00000030                 : uart.obj (.text:UARTDisable)
                  2000c338    00000030     rtsv7M4_T_le_eabi.lib : xferaise.obj (.text)
                  2000c368    0000002e                           : i_tofd_t2.obj (.text)
                  2000c396    0000002e                           : raise.obj (.text)
                  2000c3c4    0000002c     driverlib.a : prcm.obj (.text:PRCMSysResetCauseGet)
                  2000c3f0    0000002c     simplelink.a : driver.obj (.text:_SlDrvObjGlobalLockWaitForever)
                  2000c41c    0000002c                  : driver.obj (.text:_SlDrvProtectionObjLockWaitForever)
                  2000c448    0000002a     rtsv7M4_T_le_eabi.lib : xdclass.obj (.text)
                  2000c472    00000002     --HOLE-- [fill = 0]
                  2000c474    00000028     driverlib.a : prcm.obj (.text:PRCMPeripheralClkDisable)
                  2000c49c    00000028     simplelink.a : driver.obj (.text:_SlDrvGlobalObjUnLock)
                  2000c4c4    00000028                  : driver.obj (.text:_SlDrvProtectionObjUnLock)
                  2000c4ec    00000028                  : driver.obj (.text:_SlDrvSyncObjWaitForever)
                  2000c514    00000026     network_common.obj (.text)
                  2000c53a    00000002     --HOLE-- [fill = 0]
                  2000c53c    00000024     simplelink.a : cc_pal.obj (.text:DmaSpiSwIntHandler)
                  2000c560    00000024     driverlib.a : interrupt.obj (.text:IntUnregister)
                  2000c584    00000024                 : uart.obj (.text:UARTEnable)
                  2000c5a8    00000024     simplelink.a : driver.obj (.text:_SlDrvObjLockWaitForever)
                  2000c5cc    00000024     rtsv7M4_T_le_eabi.lib : memmov.obj (.text)
                  2000c5f0    00000022     driverlib.a : spi.obj (.text:SPIReset)
                  2000c612    00000022                 : spi.obj (.text:SPIWordCountSet)
                  2000c634    00000022     rtsv7M4_T_le_eabi.lib : frexp.obj (.text)
                  2000c656    00000020     driverlib.a : gpio.obj (.text:GPIOPinWrite)
                  2000c676    00000002     --HOLE-- [fill = 0]
                  2000c678    00000020                 : interrupt.obj (.text:IntRegister)
                  2000c698    00000020     simplelink.a : cc_pal.obj (.text:NwpPowerOn)
                  2000c6b8    00000020                  : driver.obj (.text:_SlDrvObjUnLock)
                  2000c6d8    00000020                  : driver.obj (.text:_SlDrvSyncObjSignal)
                  2000c6f8    00000020                  : wlan.obj (.text:sl_WlanDisconnect)
                  2000c718    0000001e     driverlib.a : gpio.obj (.text:GPIOIntRegister)
                  2000c736    0000001e                 : uart.obj (.text:UARTCharPut)
                  2000c754    0000001e     simplelink.a : cc_pal.obj (.text:cc_UDMAChannelSelect)
                  2000c772    0000001c     driverlib.a : uart.obj (.text:UARTCharGetNonBlocking)
                  2000c78e    0000001c     rtsv7M4_T_le_eabi.lib : memccpy.obj (.text)
                  2000c7aa    00000002     --HOLE-- [fill = 0]
                  2000c7ac    0000001c     driverlib.a : udma.obj (.text:uDMAChannelEnable)
                  2000c7c8    0000001a                 : gpio.obj (.text:GPIOIntEnable)
                  2000c7e2    0000001a                 : pin.obj (.text:PinTypeUART)
                  2000c7fc    0000001a                 : spi.obj (.text:SPIDmaDisable)
                  2000c816    0000001a                 : spi.obj (.text:SPIDmaEnable)
                  2000c830    0000001a                 : spi.obj (.text:SPIFIFODisable)
                  2000c84a    0000001a                 : spi.obj (.text:SPIFIFOEnable)
                  2000c864    0000001a                 : spi.obj (.text:SPIIntUnregister)
                  2000c87e    00000018                 : gpio.obj (.text:GPIOPinRead)
                  2000c896    00000018                 : spi.obj (.text:SPICSDisable)
                  2000c8ae    00000018                 : spi.obj (.text:SPICSEnable)
                  2000c8c6    00000018                 : spi.obj (.text:SPIDisable)
                  2000c8de    00000018                 : spi.obj (.text:SPIEnable)
                  2000c8f6    00000018                 : uart.obj (.text:UARTCharsAvail)
                  2000c90e    00000018     simplelink.a : nonos.obj (.text:_SlNonOsSemSet)
                  2000c926    00000002     --HOLE-- [fill = 0]
                  2000c928    00000018                  : device.obj (.text:_sl_GetStartResponseConvert)
                  2000c940    00000018     rtsv7M4_T_le_eabi.lib : args_main.obj (.text)
                  2000c958    00000016     driverlib.a : prcm.obj (.text:PRCMHIBRegRead)
                  2000c96e    00000016                 : prcm.obj (.text:PRCMHIBRegWrite)
                  2000c984    00000016     simplelink.a : driver.obj (.text:_SlDrvMemZero)
                  2000c99a    00000016     rtsv7M4_T_le_eabi.lib : strchr.obj (.text)
                  2000c9b0    00000014     driverlib.a : cpu.obj (.text:CPUcpsie)
                  2000c9c4    00000014                 : gpio.obj (.text:GPIOIntClear)
                  2000c9d8    00000014                 : interrupt.obj (.text:IntVTableBaseSet)
                  2000c9ec    00000014     rtsv7M4_T_le_eabi.lib : _lock.obj (.text)
                  2000ca00    00000014                           : strcpy.obj (.text)
                  2000ca14    00000014                           : strlen.obj (.text)
                  2000ca28    00000010     simplelink.a : driver.obj (.text:_SlDrvDispatchHttpServerEvents)
                  2000ca38    0000000e                  : driver.obj (.text:_SlDrvResetCmdExt)
                  2000ca46    0000000e     rtsv7M4_T_le_eabi.lib : copy_decompress_none.obj (.text:decompress:none)
                  2000ca54    0000000e     startup_ccs.obj (.text)
                  2000ca62    00000002     --HOLE-- [fill = 0]
                  2000ca64    0000000c     simplelink.a : cc_pal.obj (.text:NwpMaskInterrupt)
                  2000ca70    0000000c                  : cc_pal.obj (.text:NwpUnMaskInterrupt)
                  2000ca7c    0000000c     rtsv7M4_T_le_eabi.lib : copy_zero_init.obj (.text:decompress:ZI)
                  2000ca88    0000000a     driverlib.a : interrupt.obj (.text:IntMasterEnable)
                  2000ca92    00000006                 : utils.obj (.text:UtilsDelay)
                  2000ca98    00000006     rtsv7M4_T_le_eabi.lib : copy_decompress_rle.obj (.text:decompress:rle24)
                  2000ca9e    00000004                           : pre_init.obj (.text)

.const     0    2000caa4    00000680     
                  2000caa4    00000101     rtsv7M4_T_le_eabi.lib : ctype.obj (.const:.string:_ctypes_)
                  2000cba5    00000003     --HOLE-- [fill = 0]
                  2000cba8    00000100     driverlib.a : pin.obj (.const:g_ulPinToPadMap)
                  2000cca8    000000d4                 : interrupt.obj (.const:g_pulRegs)
                  2000cd7c    000000a8                 : prcm.obj (.const:PRCM_PeriphRegsList)
                  2000ce24    00000080                 : interrupt.obj (.const)
                  2000cea4    0000005a     main.obj (.const:.string)
                  2000cefe    0000003c     simplelink.a : driver.obj (.const:OpcodeTranslateTable)
                  2000cf3a    0000003c                  : wlan.obj (.const)
                  2000cf76    00000002     --HOLE-- [fill = 0]
                  2000cf78    00000038                  : driver.obj (.const:_SlActionLookupTable)
                  2000cfb0    00000038                  : driver.obj (.const)
                  2000cfe8    00000034                  : socket.obj (.const)
                  2000d01c    0000002c     main.obj (.const:$P$T1$2)
                  2000d048    00000028     simplelink.a : netapp.obj (.const)
                  2000d070    00000024     driverlib.a : spi.obj (.const:g_ppulSPIIntMap)
                  2000d094    00000022     main.obj (.const:.string:$P$T0$1)
                  2000d0b6    00000002     --HOLE-- [fill = 0]
                  2000d0b8    00000020     main.obj (.const)
                  2000d0d8    0000001c     simplelink.a : device.obj (.const)
                  2000d0f4    00000018     driverlib.a : spi.obj (.const)
                  2000d10c    00000010     simplelink.a : socket.obj (.const:.string)
                  2000d11c    00000008                  : netcfg.obj (.const)

.cinit     0    2000d128    00000098     
                  2000d128    0000006f     (.cinit..data.load) [load image, compression = rle]
                  2000d197    00000001     --HOLE-- [fill = 0]
                  2000d198    0000000c     (__TI_handler_table)
                  2000d1a4    00000004     --HOLE-- [fill = 0]
                  2000d1a8    00000008     (.cinit..bss.load) [load image, compression = zero_init]
                  2000d1b0    00000010     (__TI_cinit_table)

.sysmem    0    20017000    00008000     UNINITIALIZED
                  20017000    00000008     rtsv7M4_T_le_eabi.lib : memory.obj (.sysmem)
                  20017008    00007ff8     --HOLE--

.bss       0    2001f000    0000021a     UNINITIALIZED
                  2001f000    00000168     simplelink.a : driver.obj (.bss:g_StatMem)
                  2001f168    00000050                  : cc_pal.obj (.bss:g_ucDinDout)
                  2001f1b8    0000002c     main.obj (.bss:g_time)
                  2001f1e4    00000024     main.obj (.bss:g_ucConnectionSSID)
                  2001f208    00000008     (.common:g_ucConnectionBSSID)
                  2001f210    00000004     (.common:__Errorlog)
                  2001f214    00000001     (.common:RxIrqCnt)
                  2001f215    00000001     (.common:g_bDeviceRestartIsRequired)
                  2001f216    00000001     (.common:g_cDummy)
                  2001f217    00000001     (.common:g_ucLED1Pin)
                  2001f218    00000001     (.common:g_ucLED2Pin)
                  2001f219    00000001     (.common:g_ucLED3Pin)

.TI.noinit 
*          0    2001f000    00000000     UNINITIALIZED

.data      0    2001f220    000001e4     UNINITIALIZED
                  2001f220    000000b0     rtsv7M4_T_le_eabi.lib : signal.obj (.data:sigtable)
                  2001f2d0    00000080                           : xvalues.obj (.data)
                  2001f350    0000003c     simplelink.a : nonos.obj (.data:g__SlNonOsCB)
                  2001f38c    00000020     gpio_if.obj (.data)
                  2001f3ac    00000010     main.obj (.data)
                  2001f3bc    0000000d     simplelink.a : driver.obj (.data)
                  2001f3c9    00000003     --HOLE--
                  2001f3cc    0000000c     rtsv7M4_T_le_eabi.lib : memory.obj (.data)
                  2001f3d8    00000009     simplelink.a : cc_pal.obj (.data)
                  2001f3e1    00000003     --HOLE--
                  2001f3e4    00000008     rtsv7M4_T_le_eabi.lib : _lock.obj (.data)
                  2001f3ec    00000008                           : exit.obj (.data)
                  2001f3f4    00000008                           : feraiseexcept.obj (.data)
                  2001f3fc    00000004                           : errno.obj (.data)
                  2001f400    00000004                           : stkdepth_vars.obj (.data)

.TI.persistent 
*          0    2001f220    00000000     UNINITIALIZED

.stack     0    2002f000    00001000     UNINITIALIZED
                  2002f000    00001000     --HOLE--


LINKER GENERATED COPY TABLES

__TI_cinit_table @ 2000d1b0 records: 2, size/record: 8, table size: 16
	.data: load addr=2000d128, load size=0000006f bytes, run addr=2001f220, run size=000001e4 bytes, compression=rle
	.bss: load addr=2000d1a8, load size=00000008 bytes, run addr=2001f000, run size=0000021a bytes, compression=zero_init


LINKER GENERATED HANDLER TABLE

__TI_handler_table @ 2000d198 records: 3, size/record: 4, table size: 12
	index: 0, handler: __TI_decompress_rle24
	index: 1, handler: __TI_decompress_none
	index: 2, handler: __TI_zero_init


GLOBAL SYMBOLS: SORTED ALPHABETICALLY BY Name 

address   name                                  
-------   ----                                  
2000bdcd  C$$EXIT                               
2000c9b1  CPUcpsie                              
200072ad  ClearTerm                             
2000c53d  DmaSpiSwIntHandler                    
200072b7  Error                                 
2000c205  GPIODirModeSet                        
2000c9c5  GPIOIntClear                          
2000c7c9  GPIOIntEnable                         
2000c719  GPIOIntRegister                       
2000aae1  GPIOIntTypeSet                        
2000c87f  GPIOPinRead                           
2000c657  GPIOPinWrite                          
20007191  GPIO_IF_ConfigureNIntEnable           
2000721d  GPIO_IF_Get                           
2000714b  GPIO_IF_GetPortNPin                   
20006f0d  GPIO_IF_LedConfigure                  
20006fff  GPIO_IF_LedOff                        
20006f4b  GPIO_IF_LedOn                         
200070b3  GPIO_IF_LedStatus                     
2000711d  GPIO_IF_LedToggle                     
200071d9  GPIO_IF_Set                           
200072ef  GetCmd                                
2000726d  InitTerm                              
2000a10d  IntDisable                            
2000a1b5  IntEnable                             
2000ca89  IntMasterEnable                       
2000b6a5  IntPendClear                          
2000b7ad  IntPrioritySet                        
2000c679  IntRegister                           
2000c561  IntUnregister                         
2000c9d9  IntVTableBaseSet                      
2000728b  Message                               
2000ca65  NwpMaskInterrupt                      
2000c1cd  NwpPowerOff                           
2000c699  NwpPowerOn                            
2000c061  NwpRegisterInterruptHandler           
2000ca71  NwpUnMaskInterrupt                    
2000cefe  OpcodeTranslateTable                  
20008589  PRCMCC3200MCUInit                     
2000c959  PRCMHIBRegRead                        
2000c96f  PRCMHIBRegWrite                       
2000c475  PRCMPeripheralClkDisable              
2000c0dd  PRCMPeripheralClkEnable               
2000a571  PRCMPeripheralClockGet                
2000b6fd  PRCMPeripheralReset                   
2000c23d  PRCMPeripheralStatusGet               
2000c3c5  PRCMSysResetCauseGet                  
2000a83d  PinConfigSet                          
2000bf21  PinModeSet                            
2000954d  PinMuxConfig                          
2000c2d9  PinTypeGPIO                           
2000c7e3  PinTypeUART                           
2000742d  Report                                
2000ca55  ResetISR                              
2001f214  RxIrqCnt                              
UNDEFED   SHT$$INIT_ARRAY$$Base                 
UNDEFED   SHT$$INIT_ARRAY$$Limit                
2000c897  SPICSDisable                          
2000c8af  SPICSEnable                           
2000a301  SPIConfigSetExpClk                    
2000c8c7  SPIDisable                            
2000c7fd  SPIDmaDisable                         
2000c817  SPIDmaEnable                          
2000c8df  SPIEnable                             
2000c831  SPIFIFODisable                        
2000c84b  SPIFIFOEnable                         
2000c271  SPIFIFOLevelSet                       
2000bb55  SPIIntClear                           
2000b8f9  SPIIntEnable                          
2000c865  SPIIntUnregister                      
2000c5f1  SPIReset                              
2000c613  SPIWordCountSet                       
200045d5  SimpleLinkGeneralEventHandler         
200045b1  SimpleLinkHttpServerCallback          
2000450f  SimpleLinkNetAppEventHandler          
200045f5  SimpleLinkSockEventHandler            
20004401  SimpleLinkWlanEventHandler            
20007395  TrimSpace                             
2000c773  UARTCharGetNonBlocking                
2000c737  UARTCharPut                           
2000c8f7  UARTCharsAvail                        
2000b139  UARTConfigSetExpClk                   
2000c309  UARTDisable                           
2000c585  UARTEnable                            
2000ca93  UtilsDelay                            
2000c449  _Dclass                               
2001f2d0  _Denorm                               
20009f99  _Dnorm                                
2000923d  _Dscale                               
2000b4af  _Dunscale                             
2001f2e0  _Eps                                  
2001f3fc  _Errno                                
2001f3f4  _Fenv                                 
2000c339  _Feraise                              
2001f2f0  _Hugeval                              
2001f300  _Inf                                  
2001f310  _Nan                                  
2001f330  _Rteps                                
2000cf78  _SlActionLookupTable                  
2000a25d  _SlDriverHandleError                  
2000bb9d  _SlDrvBasicCmd                        
20009ed9  _SlDrvCmdOp                           
2000b295  _SlDrvCmdSend                         
20007b3d  _SlDrvDataReadOp                      
200089dd  _SlDrvDataWriteOp                     
2000a43d  _SlDrvDeviceEventHandler              
2000ca29  _SlDrvDispatchHttpServerEvents        
20009001  _SlDrvDriverCBDeinit                  
200080a9  _SlDrvDriverCBInit                    
2000c49d  _SlDrvGlobalObjUnLock                 
2000bd01  _SlDrvHandleHttpServerEvents          
2000bf61  _SlDrvHandleNetAppEvents              
2000bfa1  _SlDrvHandleWlanEvents                
2000c985  _SlDrvMemZero                         
20009bad  _SlDrvMsgReadSpawnCtx                 
2000934d  _SlDrvNetAppEventHandler              
2000c5a9  _SlDrvObjLockWaitForever              
2000c6b9  _SlDrvObjUnLock                       
2000b991  _SlDrvProtectAsyncRespSetting         
2000c41d  _SlDrvProtectionObjLockWaitForever    
2000c4c5  _SlDrvProtectionObjUnLock             
20007d21  _SlDrvReleasePoolObj                  
2000ca39  _SlDrvResetCmdExt                     
2000b801  _SlDrvRxIrqHandler                    
2000c6d9  _SlDrvSyncObjSignal                   
2000c4ed  _SlDrvSyncObjWaitForever              
2000bd45  _SlDrvSyncObjWaitTimeout              
200083f9  _SlDrvWaitForPoolObj                  
2000d064  _SlNetAppSendTokenValueCmdCtrl        
2000b1b1  _SlNonOsMainLoopTask                  
2000afd1  _SlNonOsSemGet                        
2000c90f  _SlNonOsSemSet                        
2000b515  _SlNonOsSpawn                         
2001f320  _Snan                                 
2001f3f8  _Tls_setup__Fenv                      
2001f340  _Xbig                                 
2001f348  _Zero                                 
20030000  __STACK_END                           
00001000  __STACK_SIZE                          
00008000  __SYSMEM_SIZE                         
2000d1b0  __TI_CINIT_Base                       
2000d1c0  __TI_CINIT_Limit                      
2000d198  __TI_Handler_Table_Base               
2000d1a4  __TI_Handler_Table_Limit              
2000b36d  __TI_auto_init                        
2001f3ec  __TI_cleanup_ptr                      
2000ca47  __TI_decompress_none                  
2000ca99  __TI_decompress_rle24                 
2001f3f0  __TI_dtors_ptr                        
2000625d  __TI_printfi                          
2000d128  __TI_static_base__                    
2000ca7d  __TI_zero_init                        
2000a9d5  __aeabi_cdcmpeq                       
2000a9d5  __aeabi_cdcmple                       
2000aa5b  __aeabi_cdrcmple                      
2000bbe5  __aeabi_d2iz                          
20007efb  __aeabi_dadd                          
20008c75  __aeabi_ddiv                          
20009451  __aeabi_dmul                          
20007ef1  __aeabi_dsub                          
2000c369  __aeabi_i2d                           
2000af55  __aeabi_memclr                        
2000af55  __aeabi_memclr4                       
2000af55  __aeabi_memclr8                       
2000a3a1  __aeabi_memcpy                        
2000a3a1  __aeabi_memcpy4                       
2000a3a1  __aeabi_memcpy8                       
2000af57  __aeabi_memset                        
2000af57  __aeabi_memset4                       
2000af57  __aeabi_memset8                       
20007949  __aeabi_uldivmod                      
ffffffff  __binit__                             
ffffffff  __c_args__                            
2002f000  __stack                               
2000c941  _args_main                            
2000c119  _c_int00                              
2000caa4  _ctypes_                              
2001f3e4  _lock                                 
2000c9fb  _nop                                  
2000c9f3  _register_lock                        
2000c9ed  _register_unlock                      
2000b579  _sl_HandleAsync_Accept                
2000ab65  _sl_HandleAsync_Connect               
2000a605  _sl_HandleAsync_DnsGetHostByName      
20009c81  _sl_HandleAsync_DnsGetHostByService   
2000abe5  _sl_HandleAsync_InitComplete          
2000a695  _sl_HandleAsync_PingResponse          
2000b855  _sl_HandleAsync_Select                
2000b8a9  _sl_HandleAsync_Stop                  
2000b301  _sl_NetAppSendTokenValue              
20017000  _sys_memory                           
2000ca9f  _system_pre_init                      
2001f3e8  _unlock                               
2000bdd1  abort                                 
2000ba29  atoi                                  
ffffffff  binit                                 
20006e9d  calloc                                
2000ba75  copy_in                               
2000bdd9  exit                                  
2000c2a5  feraiseexcept                         
20006beb  free                                  
2000c635  frexp                                 
2001f3b8  g_Host                                
2001f3d8  g_SpiFd                               
2001f350  g__SlNonOsCB                          
2001f215  g_bDeviceRestartIsRequired            
2001f216  g_cDummy                              
2001f3c0  g_pCB                                 
2001f3dc  g_pHostIntHdl                         
20004000  g_pfnVectors                          
2001f1b8  g_time                                
2001f208  g_ucConnectionBSSID                   
2001f1e4  g_ucConnectionSSID                    
2001f3e0  g_ucDMAEnabled                        
2001f168  g_ucDinDout                           
2001f217  g_ucLED1Pin                           
2001f218  g_ucLED2Pin                           
2001f219  g_ucLED3Pin                           
2001f3a0  g_uiLED1Port                          
2001f3a4  g_uiLED2Port                          
2001f3a8  g_uiLED3Port                          
2001f3b4  g_ulGatewayIP                         
2001f3b0  g_ulPingPacketsRecv                   
2001f3ac  g_ulStatus                            
2000bc75  ldexp                                 
2000b755  ltoa                                  
2000503f  main                                  
2001f400  main_func_sp                          
20006b83  malloc                                
20006db9  memalign                              
2000c78f  memccpy                               
2000a3a1  memcpy                                
2000c5cd  memmove                               
2000af5d  memset                                
20006af5  minit                                 
2001f3c4  pPingCallBackFunc                     
2000c397  raise                                 
20006cad  realloc                               
2000c021  signal                                
2000be11  sl_Close                              
20008871  sl_Connect                            
2000a059  sl_DevGet                             
2000ad65  sl_DevSet                             
2000bedd  sl_Htonl                              
2000c155  sl_Htons                              
20008dad  sl_NetAppDnsGetHostByName             
20009d4d  sl_NetAppMDNSRegisterUnregisterService
2000bc2d  sl_NetAppMDNSUnRegisterService        
2000ade1  sl_NetCfgSet                          
2000c515  sl_Provisioning_HttpServerEventHdl    
2000c523  sl_Provisioning_NetAppEventHdl        
2000c52f  sl_Provisioning_WlanEventHdl          
2000a94d  sl_Recv                               
20009125  sl_Send                               
2000ae5d  sl_SetSockOpt                         
2000b225  sl_Socket                             
200099f1  sl_Start                              
2000990d  sl_Stop                               
200074ed  sl_WlanConnect                        
2000c6f9  sl_WlanDisconnect                     
2000b049  sl_WlanPolicySet                      
2000be55  sl_WlanProfileDel                     
2000b3d9  sl_WlanRxFilterSet                    
2000aed9  sl_WlanSet                            
2000be99  sl_WlanSetMode                        
2000b0c1  spi_Close                             
20008b2d  spi_Open                              
20009645  spi_Read                              
2000a4d9  spi_Write                             
2000c99b  strchr                                
2000ca01  strcpy                                
2000ca15  strlen                                
2000bac1  uDMAChannelAssign                     
2000b5dd  uDMAChannelAttributeDisable           
2000b641  uDMAChannelAttributeEnable            
2000c191  uDMAChannelControlSet                 
2000c7ad  uDMAChannelEnable                     
20009735  uDMAChannelTransferSet                
2000a8c5  vsnprintf                             


GLOBAL SYMBOLS: SORTED BY Symbol Address 

address   name                                  
-------   ----                                  
00001000  __STACK_SIZE                          
00008000  __SYSMEM_SIZE                         
20004000  g_pfnVectors                          
20004401  SimpleLinkWlanEventHandler            
2000450f  SimpleLinkNetAppEventHandler          
200045b1  SimpleLinkHttpServerCallback          
200045d5  SimpleLinkGeneralEventHandler         
200045f5  SimpleLinkSockEventHandler            
2000503f  main                                  
2000625d  __TI_printfi                          
20006af5  minit                                 
20006b83  malloc                                
20006beb  free                                  
20006cad  realloc                               
20006db9  memalign                              
20006e9d  calloc                                
20006f0d  GPIO_IF_LedConfigure                  
20006f4b  GPIO_IF_LedOn                         
20006fff  GPIO_IF_LedOff                        
200070b3  GPIO_IF_LedStatus                     
2000711d  GPIO_IF_LedToggle                     
2000714b  GPIO_IF_GetPortNPin                   
20007191  GPIO_IF_ConfigureNIntEnable           
200071d9  GPIO_IF_Set                           
2000721d  GPIO_IF_Get                           
2000726d  InitTerm                              
2000728b  Message                               
200072ad  ClearTerm                             
200072b7  Error                                 
200072ef  GetCmd                                
20007395  TrimSpace                             
2000742d  Report                                
200074ed  sl_WlanConnect                        
20007949  __aeabi_uldivmod                      
20007b3d  _SlDrvDataReadOp                      
20007d21  _SlDrvReleasePoolObj                  
20007ef1  __aeabi_dsub                          
20007efb  __aeabi_dadd                          
200080a9  _SlDrvDriverCBInit                    
200083f9  _SlDrvWaitForPoolObj                  
20008589  PRCMCC3200MCUInit                     
20008871  sl_Connect                            
200089dd  _SlDrvDataWriteOp                     
20008b2d  spi_Open                              
20008c75  __aeabi_ddiv                          
20008dad  sl_NetAppDnsGetHostByName             
20009001  _SlDrvDriverCBDeinit                  
20009125  sl_Send                               
2000923d  _Dscale                               
2000934d  _SlDrvNetAppEventHandler              
20009451  __aeabi_dmul                          
2000954d  PinMuxConfig                          
20009645  spi_Read                              
20009735  uDMAChannelTransferSet                
2000990d  sl_Stop                               
200099f1  sl_Start                              
20009bad  _SlDrvMsgReadSpawnCtx                 
20009c81  _sl_HandleAsync_DnsGetHostByService   
20009d4d  sl_NetAppMDNSRegisterUnregisterService
20009ed9  _SlDrvCmdOp                           
20009f99  _Dnorm                                
2000a059  sl_DevGet                             
2000a10d  IntDisable                            
2000a1b5  IntEnable                             
2000a25d  _SlDriverHandleError                  
2000a301  SPIConfigSetExpClk                    
2000a3a1  __aeabi_memcpy                        
2000a3a1  __aeabi_memcpy4                       
2000a3a1  __aeabi_memcpy8                       
2000a3a1  memcpy                                
2000a43d  _SlDrvDeviceEventHandler              
2000a4d9  spi_Write                             
2000a571  PRCMPeripheralClockGet                
2000a605  _sl_HandleAsync_DnsGetHostByName      
2000a695  _sl_HandleAsync_PingResponse          
2000a83d  PinConfigSet                          
2000a8c5  vsnprintf                             
2000a94d  sl_Recv                               
2000a9d5  __aeabi_cdcmpeq                       
2000a9d5  __aeabi_cdcmple                       
2000aa5b  __aeabi_cdrcmple                      
2000aae1  GPIOIntTypeSet                        
2000ab65  _sl_HandleAsync_Connect               
2000abe5  _sl_HandleAsync_InitComplete          
2000ad65  sl_DevSet                             
2000ade1  sl_NetCfgSet                          
2000ae5d  sl_SetSockOpt                         
2000aed9  sl_WlanSet                            
2000af55  __aeabi_memclr                        
2000af55  __aeabi_memclr4                       
2000af55  __aeabi_memclr8                       
2000af57  __aeabi_memset                        
2000af57  __aeabi_memset4                       
2000af57  __aeabi_memset8                       
2000af5d  memset                                
2000afd1  _SlNonOsSemGet                        
2000b049  sl_WlanPolicySet                      
2000b0c1  spi_Close                             
2000b139  UARTConfigSetExpClk                   
2000b1b1  _SlNonOsMainLoopTask                  
2000b225  sl_Socket                             
2000b295  _SlDrvCmdSend                         
2000b301  _sl_NetAppSendTokenValue              
2000b36d  __TI_auto_init                        
2000b3d9  sl_WlanRxFilterSet                    
2000b4af  _Dunscale                             
2000b515  _SlNonOsSpawn                         
2000b579  _sl_HandleAsync_Accept                
2000b5dd  uDMAChannelAttributeDisable           
2000b641  uDMAChannelAttributeEnable            
2000b6a5  IntPendClear                          
2000b6fd  PRCMPeripheralReset                   
2000b755  ltoa                                  
2000b7ad  IntPrioritySet                        
2000b801  _SlDrvRxIrqHandler                    
2000b855  _sl_HandleAsync_Select                
2000b8a9  _sl_HandleAsync_Stop                  
2000b8f9  SPIIntEnable                          
2000b991  _SlDrvProtectAsyncRespSetting         
2000ba29  atoi                                  
2000ba75  copy_in                               
2000bac1  uDMAChannelAssign                     
2000bb55  SPIIntClear                           
2000bb9d  _SlDrvBasicCmd                        
2000bbe5  __aeabi_d2iz                          
2000bc2d  sl_NetAppMDNSUnRegisterService        
2000bc75  ldexp                                 
2000bd01  _SlDrvHandleHttpServerEvents          
2000bd45  _SlDrvSyncObjWaitTimeout              
2000bdcd  C$$EXIT                               
2000bdd1  abort                                 
2000bdd9  exit                                  
2000be11  sl_Close                              
2000be55  sl_WlanProfileDel                     
2000be99  sl_WlanSetMode                        
2000bedd  sl_Htonl                              
2000bf21  PinModeSet                            
2000bf61  _SlDrvHandleNetAppEvents              
2000bfa1  _SlDrvHandleWlanEvents                
2000c021  signal                                
2000c061  NwpRegisterInterruptHandler           
2000c0dd  PRCMPeripheralClkEnable               
2000c119  _c_int00                              
2000c155  sl_Htons                              
2000c191  uDMAChannelControlSet                 
2000c1cd  NwpPowerOff                           
2000c205  GPIODirModeSet                        
2000c23d  PRCMPeripheralStatusGet               
2000c271  SPIFIFOLevelSet                       
2000c2a5  feraiseexcept                         
2000c2d9  PinTypeGPIO                           
2000c309  UARTDisable                           
2000c339  _Feraise                              
2000c369  __aeabi_i2d                           
2000c397  raise                                 
2000c3c5  PRCMSysResetCauseGet                  
2000c41d  _SlDrvProtectionObjLockWaitForever    
2000c449  _Dclass                               
2000c475  PRCMPeripheralClkDisable              
2000c49d  _SlDrvGlobalObjUnLock                 
2000c4c5  _SlDrvProtectionObjUnLock             
2000c4ed  _SlDrvSyncObjWaitForever              
2000c515  sl_Provisioning_HttpServerEventHdl    
2000c523  sl_Provisioning_NetAppEventHdl        
2000c52f  sl_Provisioning_WlanEventHdl          
2000c53d  DmaSpiSwIntHandler                    
2000c561  IntUnregister                         
2000c585  UARTEnable                            
2000c5a9  _SlDrvObjLockWaitForever              
2000c5cd  memmove                               
2000c5f1  SPIReset                              
2000c613  SPIWordCountSet                       
2000c635  frexp                                 
2000c657  GPIOPinWrite                          
2000c679  IntRegister                           
2000c699  NwpPowerOn                            
2000c6b9  _SlDrvObjUnLock                       
2000c6d9  _SlDrvSyncObjSignal                   
2000c6f9  sl_WlanDisconnect                     
2000c719  GPIOIntRegister                       
2000c737  UARTCharPut                           
2000c773  UARTCharGetNonBlocking                
2000c78f  memccpy                               
2000c7ad  uDMAChannelEnable                     
2000c7c9  GPIOIntEnable                         
2000c7e3  PinTypeUART                           
2000c7fd  SPIDmaDisable                         
2000c817  SPIDmaEnable                          
2000c831  SPIFIFODisable                        
2000c84b  SPIFIFOEnable                         
2000c865  SPIIntUnregister                      
2000c87f  GPIOPinRead                           
2000c897  SPICSDisable                          
2000c8af  SPICSEnable                           
2000c8c7  SPIDisable                            
2000c8df  SPIEnable                             
2000c8f7  UARTCharsAvail                        
2000c90f  _SlNonOsSemSet                        
2000c941  _args_main                            
2000c959  PRCMHIBRegRead                        
2000c96f  PRCMHIBRegWrite                       
2000c985  _SlDrvMemZero                         
2000c99b  strchr                                
2000c9b1  CPUcpsie                              
2000c9c5  GPIOIntClear                          
2000c9d9  IntVTableBaseSet                      
2000c9ed  _register_unlock                      
2000c9f3  _register_lock                        
2000c9fb  _nop                                  
2000ca01  strcpy                                
2000ca15  strlen                                
2000ca29  _SlDrvDispatchHttpServerEvents        
2000ca39  _SlDrvResetCmdExt                     
2000ca47  __TI_decompress_none                  
2000ca55  ResetISR                              
2000ca65  NwpMaskInterrupt                      
2000ca71  NwpUnMaskInterrupt                    
2000ca7d  __TI_zero_init                        
2000ca89  IntMasterEnable                       
2000ca93  UtilsDelay                            
2000ca99  __TI_decompress_rle24                 
2000ca9f  _system_pre_init                      
2000caa4  _ctypes_                              
2000cefe  OpcodeTranslateTable                  
2000cf78  _SlActionLookupTable                  
2000d064  _SlNetAppSendTokenValueCmdCtrl        
2000d128  __TI_static_base__                    
2000d198  __TI_Handler_Table_Base               
2000d1a4  __TI_Handler_Table_Limit              
2000d1b0  __TI_CINIT_Base                       
2000d1c0  __TI_CINIT_Limit                      
20017000  _sys_memory                           
2001f168  g_ucDinDout                           
2001f1b8  g_time                                
2001f1e4  g_ucConnectionSSID                    
2001f208  g_ucConnectionBSSID                   
2001f214  RxIrqCnt                              
2001f215  g_bDeviceRestartIsRequired            
2001f216  g_cDummy                              
2001f217  g_ucLED1Pin                           
2001f218  g_ucLED2Pin                           
2001f219  g_ucLED3Pin                           
2001f2d0  _Denorm                               
2001f2e0  _Eps                                  
2001f2f0  _Hugeval                              
2001f300  _Inf                                  
2001f310  _Nan                                  
2001f320  _Snan                                 
2001f330  _Rteps                                
2001f340  _Xbig                                 
2001f348  _Zero                                 
2001f350  g__SlNonOsCB                          
2001f3a0  g_uiLED1Port                          
2001f3a4  g_uiLED2Port                          
2001f3a8  g_uiLED3Port                          
2001f3ac  g_ulStatus                            
2001f3b0  g_ulPingPacketsRecv                   
2001f3b4  g_ulGatewayIP                         
2001f3b8  g_Host                                
2001f3c0  g_pCB                                 
2001f3c4  pPingCallBackFunc                     
2001f3d8  g_SpiFd                               
2001f3dc  g_pHostIntHdl                         
2001f3e0  g_ucDMAEnabled                        
2001f3e4  _lock                                 
2001f3e8  _unlock                               
2001f3ec  __TI_cleanup_ptr                      
2001f3f0  __TI_dtors_ptr                        
2001f3f4  _Fenv                                 
2001f3f8  _Tls_setup__Fenv                      
2001f3fc  _Errno                                
2001f400  main_func_sp                          
2002f000  __stack                               
20030000  __STACK_END                           
ffffffff  __binit__                             
ffffffff  __c_args__                            
ffffffff  binit                                 
UNDEFED   SHT$$INIT_ARRAY$$Base                 
UNDEFED   SHT$$INIT_ARRAY$$Limit                

[279 symbols]
