<?xml version="1.0"?>
<link_info>
   <banner>TI ARM Linker PC v5.2.5</banner>
   <copyright>Copyright (c) 1996-2015 Texas Instruments Incorporated</copyright>
   <link_time>0x57314818</link_time>
   <link_errors>0x0</link_errors>
   <output_file>ssl_Restful_API_AWS_PORT.out</output_file>
   <entry_point>
      <name>_c_int00</name>
      <address>0x2000c119</address>
   </entry_point>
   <input_file_list>
      <input_file id="fl-2">
         <path>.\</path>
         <kind>object</kind>
         <file>gpio_if.obj</file>
         <name>gpio_if.obj</name>
      </input_file>
      <input_file id="fl-3">
         <path>.\</path>
         <kind>object</kind>
         <file>main.obj</file>
         <name>main.obj</name>
      </input_file>
      <input_file id="fl-4">
         <path>.\</path>
         <kind>object</kind>
         <file>network_common.obj</file>
         <name>network_common.obj</name>
      </input_file>
      <input_file id="fl-5">
         <path>.\</path>
         <kind>object</kind>
         <file>pinmux.obj</file>
         <name>pinmux.obj</name>
      </input_file>
      <input_file id="fl-6">
         <path>.\</path>
         <kind>object</kind>
         <file>startup_ccs.obj</file>
         <name>startup_ccs.obj</name>
      </input_file>
      <input_file id="fl-7">
         <path>.\</path>
         <kind>object</kind>
         <file>uart_if.obj</file>
         <name>uart_if.obj</name>
      </input_file>
      <input_file id="fl-12f">
         <path>C:\ti\ccsv6\tools\compiler\ti-cgt-arm_5.2.5\lib\</path>
         <kind>archive</kind>
         <file>rtsv7M4_T_le_eabi.lib</file>
         <name>boot.obj</name>
      </input_file>
      <input_file id="fl-130">
         <path>C:\ti\ccsv6\tools\compiler\ti-cgt-arm_5.2.5\lib\</path>
         <kind>archive</kind>
         <file>rtsv7M4_T_le_eabi.lib</file>
         <name>copy_decompress_none.obj</name>
      </input_file>
      <input_file id="fl-131">
         <path>C:\ti\ccsv6\tools\compiler\ti-cgt-arm_5.2.5\lib\</path>
         <kind>archive</kind>
         <file>rtsv7M4_T_le_eabi.lib</file>
         <name>copy_decompress_rle.obj</name>
      </input_file>
      <input_file id="fl-132">
         <path>C:\ti\ccsv6\tools\compiler\ti-cgt-arm_5.2.5\lib\</path>
         <kind>archive</kind>
         <file>rtsv7M4_T_le_eabi.lib</file>
         <name>copy_zero_init.obj</name>
      </input_file>
      <input_file id="fl-133">
         <path>C:\ti\ccsv6\tools\compiler\ti-cgt-arm_5.2.5\lib\</path>
         <kind>archive</kind>
         <file>rtsv7M4_T_le_eabi.lib</file>
         <name>exit.obj</name>
      </input_file>
      <input_file id="fl-134">
         <path>C:\ti\ccsv6\tools\compiler\ti-cgt-arm_5.2.5\lib\</path>
         <kind>archive</kind>
         <file>rtsv7M4_T_le_eabi.lib</file>
         <name>memcpy_t2.obj</name>
      </input_file>
      <input_file id="fl-135">
         <path>C:\ti\ccsv6\tools\compiler\ti-cgt-arm_5.2.5\lib\</path>
         <kind>archive</kind>
         <file>rtsv7M4_T_le_eabi.lib</file>
         <name>memmov.obj</name>
      </input_file>
      <input_file id="fl-136">
         <path>C:\ti\ccsv6\tools\compiler\ti-cgt-arm_5.2.5\lib\</path>
         <kind>archive</kind>
         <file>rtsv7M4_T_le_eabi.lib</file>
         <name>memory.obj</name>
      </input_file>
      <input_file id="fl-137">
         <path>C:\ti\ccsv6\tools\compiler\ti-cgt-arm_5.2.5\lib\</path>
         <kind>archive</kind>
         <file>rtsv7M4_T_le_eabi.lib</file>
         <name>memset_t2.obj</name>
      </input_file>
      <input_file id="fl-138">
         <path>C:\ti\ccsv6\tools\compiler\ti-cgt-arm_5.2.5\lib\</path>
         <kind>archive</kind>
         <file>rtsv7M4_T_le_eabi.lib</file>
         <name>pre_init.obj</name>
      </input_file>
      <input_file id="fl-139">
         <path>C:\ti\ccsv6\tools\compiler\ti-cgt-arm_5.2.5\lib\</path>
         <kind>archive</kind>
         <file>rtsv7M4_T_le_eabi.lib</file>
         <name>stkdepth_vars.obj</name>
      </input_file>
      <input_file id="fl-13a">
         <path>C:\ti\ccsv6\tools\compiler\ti-cgt-arm_5.2.5\lib\</path>
         <kind>archive</kind>
         <file>rtsv7M4_T_le_eabi.lib</file>
         <name>strcpy.obj</name>
      </input_file>
      <input_file id="fl-13b">
         <path>C:\ti\ccsv6\tools\compiler\ti-cgt-arm_5.2.5\lib\</path>
         <kind>archive</kind>
         <file>rtsv7M4_T_le_eabi.lib</file>
         <name>strlen.obj</name>
      </input_file>
      <input_file id="fl-13c">
         <path>C:\ti\ccsv6\tools\compiler\ti-cgt-arm_5.2.5\lib\</path>
         <kind>archive</kind>
         <file>rtsv7M4_T_le_eabi.lib</file>
         <name>vsnprintf.obj</name>
      </input_file>
      <input_file id="fl-13d">
         <path>C:\ti\ccsv6\tools\compiler\ti-cgt-arm_5.2.5\lib\</path>
         <kind>archive</kind>
         <file>rtsv7M4_T_le_eabi.lib</file>
         <name>_lock.obj</name>
      </input_file>
      <input_file id="fl-13e">
         <path>C:\ti\ccsv6\tools\compiler\ti-cgt-arm_5.2.5\lib\</path>
         <kind>archive</kind>
         <file>rtsv7M4_T_le_eabi.lib</file>
         <name>_printfi.obj</name>
      </input_file>
      <input_file id="fl-13f">
         <path>C:\ti\ccsv6\tools\compiler\ti-cgt-arm_5.2.5\lib\</path>
         <kind>archive</kind>
         <file>rtsv7M4_T_le_eabi.lib</file>
         <name>args_main.obj</name>
      </input_file>
      <input_file id="fl-140">
         <path>C:\ti\ccsv6\tools\compiler\ti-cgt-arm_5.2.5\lib\</path>
         <kind>archive</kind>
         <file>rtsv7M4_T_le_eabi.lib</file>
         <name>atoi.obj</name>
      </input_file>
      <input_file id="fl-141">
         <path>C:\ti\ccsv6\tools\compiler\ti-cgt-arm_5.2.5\lib\</path>
         <kind>archive</kind>
         <file>rtsv7M4_T_le_eabi.lib</file>
         <name>autoinit.obj</name>
      </input_file>
      <input_file id="fl-142">
         <path>C:\ti\ccsv6\tools\compiler\ti-cgt-arm_5.2.5\lib\</path>
         <kind>archive</kind>
         <file>rtsv7M4_T_le_eabi.lib</file>
         <name>cpy_tbl.obj</name>
      </input_file>
      <input_file id="fl-143">
         <path>C:\ti\ccsv6\tools\compiler\ti-cgt-arm_5.2.5\lib\</path>
         <kind>archive</kind>
         <file>rtsv7M4_T_le_eabi.lib</file>
         <name>ctype.obj</name>
      </input_file>
      <input_file id="fl-144">
         <path>C:\ti\ccsv6\tools\compiler\ti-cgt-arm_5.2.5\lib\</path>
         <kind>archive</kind>
         <file>rtsv7M4_T_le_eabi.lib</file>
         <name>fd_add_t2.obj</name>
      </input_file>
      <input_file id="fl-145">
         <path>C:\ti\ccsv6\tools\compiler\ti-cgt-arm_5.2.5\lib\</path>
         <kind>archive</kind>
         <file>rtsv7M4_T_le_eabi.lib</file>
         <name>fd_cmp_t2.obj</name>
      </input_file>
      <input_file id="fl-146">
         <path>C:\ti\ccsv6\tools\compiler\ti-cgt-arm_5.2.5\lib\</path>
         <kind>archive</kind>
         <file>rtsv7M4_T_le_eabi.lib</file>
         <name>fd_div_t2.obj</name>
      </input_file>
      <input_file id="fl-147">
         <path>C:\ti\ccsv6\tools\compiler\ti-cgt-arm_5.2.5\lib\</path>
         <kind>archive</kind>
         <file>rtsv7M4_T_le_eabi.lib</file>
         <name>fd_mul_t2.obj</name>
      </input_file>
      <input_file id="fl-148">
         <path>C:\ti\ccsv6\tools\compiler\ti-cgt-arm_5.2.5\lib\</path>
         <kind>archive</kind>
         <file>rtsv7M4_T_le_eabi.lib</file>
         <name>fd_toi_t2.obj</name>
      </input_file>
      <input_file id="fl-149">
         <path>C:\ti\ccsv6\tools\compiler\ti-cgt-arm_5.2.5\lib\</path>
         <kind>archive</kind>
         <file>rtsv7M4_T_le_eabi.lib</file>
         <name>frexp.obj</name>
      </input_file>
      <input_file id="fl-14a">
         <path>C:\ti\ccsv6\tools\compiler\ti-cgt-arm_5.2.5\lib\</path>
         <kind>archive</kind>
         <file>rtsv7M4_T_le_eabi.lib</file>
         <name>i_tofd_t2.obj</name>
      </input_file>
      <input_file id="fl-14b">
         <path>C:\ti\ccsv6\tools\compiler\ti-cgt-arm_5.2.5\lib\</path>
         <kind>archive</kind>
         <file>rtsv7M4_T_le_eabi.lib</file>
         <name>ldexp.obj</name>
      </input_file>
      <input_file id="fl-14c">
         <path>C:\ti\ccsv6\tools\compiler\ti-cgt-arm_5.2.5\lib\</path>
         <kind>archive</kind>
         <file>rtsv7M4_T_le_eabi.lib</file>
         <name>ltoa.obj</name>
      </input_file>
      <input_file id="fl-14d">
         <path>C:\ti\ccsv6\tools\compiler\ti-cgt-arm_5.2.5\lib\</path>
         <kind>archive</kind>
         <file>rtsv7M4_T_le_eabi.lib</file>
         <name>memccpy.obj</name>
      </input_file>
      <input_file id="fl-14e">
         <path>C:\ti\ccsv6\tools\compiler\ti-cgt-arm_5.2.5\lib\</path>
         <kind>archive</kind>
         <file>rtsv7M4_T_le_eabi.lib</file>
         <name>strchr.obj</name>
      </input_file>
      <input_file id="fl-14f">
         <path>C:\ti\ccsv6\tools\compiler\ti-cgt-arm_5.2.5\lib\</path>
         <kind>archive</kind>
         <file>rtsv7M4_T_le_eabi.lib</file>
         <name>ull_div_t2.obj</name>
      </input_file>
      <input_file id="fl-150">
         <path>C:\ti\ccsv6\tools\compiler\ti-cgt-arm_5.2.5\lib\</path>
         <kind>archive</kind>
         <file>rtsv7M4_T_le_eabi.lib</file>
         <name>xdclass.obj</name>
      </input_file>
      <input_file id="fl-151">
         <path>C:\ti\ccsv6\tools\compiler\ti-cgt-arm_5.2.5\lib\</path>
         <kind>archive</kind>
         <file>rtsv7M4_T_le_eabi.lib</file>
         <name>xdscale.obj</name>
      </input_file>
      <input_file id="fl-152">
         <path>C:\ti\ccsv6\tools\compiler\ti-cgt-arm_5.2.5\lib\</path>
         <kind>archive</kind>
         <file>rtsv7M4_T_le_eabi.lib</file>
         <name>xdunscal.obj</name>
      </input_file>
      <input_file id="fl-153">
         <path>C:\ti\ccsv6\tools\compiler\ti-cgt-arm_5.2.5\lib\</path>
         <kind>archive</kind>
         <file>rtsv7M4_T_le_eabi.lib</file>
         <name>xferaise.obj</name>
      </input_file>
      <input_file id="fl-154">
         <path>C:\ti\ccsv6\tools\compiler\ti-cgt-arm_5.2.5\lib\</path>
         <kind>archive</kind>
         <file>rtsv7M4_T_le_eabi.lib</file>
         <name>xvalues.obj</name>
      </input_file>
      <input_file id="fl-155">
         <path>C:\ti\ccsv6\tools\compiler\ti-cgt-arm_5.2.5\lib\</path>
         <kind>archive</kind>
         <file>rtsv7M4_T_le_eabi.lib</file>
         <name>errno.obj</name>
      </input_file>
      <input_file id="fl-156">
         <path>C:\ti\ccsv6\tools\compiler\ti-cgt-arm_5.2.5\lib\</path>
         <kind>archive</kind>
         <file>rtsv7M4_T_le_eabi.lib</file>
         <name>feraiseexcept.obj</name>
      </input_file>
      <input_file id="fl-157">
         <path>C:\ti\ccsv6\tools\compiler\ti-cgt-arm_5.2.5\lib\</path>
         <kind>archive</kind>
         <file>rtsv7M4_T_le_eabi.lib</file>
         <name>raise.obj</name>
      </input_file>
      <input_file id="fl-158">
         <path>C:\ti\ccsv6\tools\compiler\ti-cgt-arm_5.2.5\lib\</path>
         <kind>archive</kind>
         <file>rtsv7M4_T_le_eabi.lib</file>
         <name>signal.obj</name>
      </input_file>
      <input_file id="fl-159">
         <path>C:\ti\ccsv6\tools\compiler\ti-cgt-arm_5.2.5\lib\</path>
         <kind>archive</kind>
         <file>rtsv7M4_T_le_eabi.lib</file>
         <name>xdnorm.obj</name>
      </input_file>
      <input_file id="fl-15a">
         <path>C:\ti\CC3200SDK_1.2.0\cc3200-sdk\driverlib\ccs\Release\</path>
         <kind>archive</kind>
         <file>driverlib.a</file>
         <name>gpio.obj</name>
      </input_file>
      <input_file id="fl-15b">
         <path>C:\ti\CC3200SDK_1.2.0\cc3200-sdk\driverlib\ccs\Release\</path>
         <kind>archive</kind>
         <file>driverlib.a</file>
         <name>interrupt.obj</name>
      </input_file>
      <input_file id="fl-15c">
         <path>C:\ti\CC3200SDK_1.2.0\cc3200-sdk\driverlib\ccs\Release\</path>
         <kind>archive</kind>
         <file>driverlib.a</file>
         <name>pin.obj</name>
      </input_file>
      <input_file id="fl-15d">
         <path>C:\ti\CC3200SDK_1.2.0\cc3200-sdk\driverlib\ccs\Release\</path>
         <kind>archive</kind>
         <file>driverlib.a</file>
         <name>prcm.obj</name>
      </input_file>
      <input_file id="fl-15e">
         <path>C:\ti\CC3200SDK_1.2.0\cc3200-sdk\driverlib\ccs\Release\</path>
         <kind>archive</kind>
         <file>driverlib.a</file>
         <name>uart.obj</name>
      </input_file>
      <input_file id="fl-15f">
         <path>C:\ti\CC3200SDK_1.2.0\cc3200-sdk\driverlib\ccs\Release\</path>
         <kind>archive</kind>
         <file>driverlib.a</file>
         <name>utils.obj</name>
      </input_file>
      <input_file id="fl-160">
         <path>C:\ti\CC3200SDK_1.2.0\cc3200-sdk\driverlib\ccs\Release\</path>
         <kind>archive</kind>
         <file>driverlib.a</file>
         <name>cpu.obj</name>
      </input_file>
      <input_file id="fl-161">
         <path>C:\ti\CC3200SDK_1.2.0\cc3200-sdk\driverlib\ccs\Release\</path>
         <kind>archive</kind>
         <file>driverlib.a</file>
         <name>flash.obj</name>
      </input_file>
      <input_file id="fl-162">
         <path>C:\ti\CC3200SDK_1.2.0\cc3200-sdk\simplelink\ccs\NON_OS\</path>
         <kind>archive</kind>
         <file>simplelink.a</file>
         <name>device.obj</name>
      </input_file>
      <input_file id="fl-163">
         <path>C:\ti\CC3200SDK_1.2.0\cc3200-sdk\simplelink\ccs\NON_OS\</path>
         <kind>archive</kind>
         <file>simplelink.a</file>
         <name>driver.obj</name>
      </input_file>
      <input_file id="fl-164">
         <path>C:\ti\CC3200SDK_1.2.0\cc3200-sdk\simplelink\ccs\NON_OS\</path>
         <kind>archive</kind>
         <file>simplelink.a</file>
         <name>netapp.obj</name>
      </input_file>
      <input_file id="fl-165">
         <path>C:\ti\CC3200SDK_1.2.0\cc3200-sdk\simplelink\ccs\NON_OS\</path>
         <kind>archive</kind>
         <file>simplelink.a</file>
         <name>netcfg.obj</name>
      </input_file>
      <input_file id="fl-166">
         <path>C:\ti\CC3200SDK_1.2.0\cc3200-sdk\simplelink\ccs\NON_OS\</path>
         <kind>archive</kind>
         <file>simplelink.a</file>
         <name>nonos.obj</name>
      </input_file>
      <input_file id="fl-167">
         <path>C:\ti\CC3200SDK_1.2.0\cc3200-sdk\simplelink\ccs\NON_OS\</path>
         <kind>archive</kind>
         <file>simplelink.a</file>
         <name>socket.obj</name>
      </input_file>
      <input_file id="fl-168">
         <path>C:\ti\CC3200SDK_1.2.0\cc3200-sdk\simplelink\ccs\NON_OS\</path>
         <kind>archive</kind>
         <file>simplelink.a</file>
         <name>wlan.obj</name>
      </input_file>
      <input_file id="fl-169">
         <path>C:\ti\CC3200SDK_1.2.0\cc3200-sdk\simplelink\ccs\NON_OS\</path>
         <kind>archive</kind>
         <file>simplelink.a</file>
         <name>cc_pal.obj</name>
      </input_file>
      <input_file id="fl-16a">
         <path>C:\ti\CC3200SDK_1.2.0\cc3200-sdk\driverlib\ccs\Release\</path>
         <kind>archive</kind>
         <file>driverlib.a</file>
         <name>spi.obj</name>
      </input_file>
      <input_file id="fl-16b">
         <path>C:\ti\CC3200SDK_1.2.0\cc3200-sdk\driverlib\ccs\Release\</path>
         <kind>archive</kind>
         <file>driverlib.a</file>
         <name>udma.obj</name>
      </input_file>
   </input_file_list>
   <object_component_list>
      <object_component id="oc-f">
         <name>.intvecs</name>
         <load_address>0x20004000</load_address>
         <run_address>0x20004000</run_address>
         <size>0x400</size>
         <input_file_ref idref="fl-6"/>
      </object_component>
      <object_component id="oc-9f">
         <name>.text</name>
         <load_address>0x20004400</load_address>
         <run_address>0x20004400</run_address>
         <size>0x10bc</size>
         <input_file_ref idref="fl-3"/>
      </object_component>
      <object_component id="oc-3b6">
         <name>.text</name>
         <load_address>0x200054bc</load_address>
         <run_address>0x200054bc</run_address>
         <size>0x10a6</size>
         <input_file_ref idref="fl-13e"/>
      </object_component>
      <object_component id="oc-5c6">
         <name>.text:IntDefaultHandler</name>
         <load_address>0x20006562</load_address>
         <run_address>0x20006562</run_address>
         <size>0x2</size>
         <input_file_ref idref="fl-15b"/>
      </object_component>
      <object_component id="oc-5d4">
         <name>.text:_SlDrvMsgRead</name>
         <load_address>0x20006564</load_address>
         <run_address>0x20006564</run_address>
         <size>0x590</size>
         <input_file_ref idref="fl-163"/>
      </object_component>
      <object_component id="oc-1fc">
         <name>.text</name>
         <load_address>0x20006af4</load_address>
         <run_address>0x20006af4</run_address>
         <size>0x3dc</size>
         <input_file_ref idref="fl-136"/>
      </object_component>
      <object_component id="oc-148">
         <name>.text</name>
         <load_address>0x20006ed0</load_address>
         <run_address>0x20006ed0</run_address>
         <size>0x39c</size>
         <input_file_ref idref="fl-2"/>
      </object_component>
      <object_component id="oc-cc">
         <name>.text</name>
         <load_address>0x2000726c</load_address>
         <run_address>0x2000726c</run_address>
         <size>0x280</size>
         <input_file_ref idref="fl-7"/>
      </object_component>
      <object_component id="oc-142">
         <name>.text:sl_WlanConnect</name>
         <load_address>0x200074ec</load_address>
         <run_address>0x200074ec</run_address>
         <size>0x260</size>
         <input_file_ref idref="fl-168"/>
      </object_component>
      <object_component id="oc-649">
         <name>.text:_SlDrvRxHdrRead</name>
         <load_address>0x2000774c</load_address>
         <run_address>0x2000774c</run_address>
         <size>0x1fc</size>
         <input_file_ref idref="fl-163"/>
      </object_component>
      <object_component id="oc-52a">
         <name>.text</name>
         <load_address>0x20007948</load_address>
         <run_address>0x20007948</run_address>
         <size>0x1f4</size>
         <input_file_ref idref="fl-14f"/>
      </object_component>
      <object_component id="oc-39d">
         <name>.text:_SlDrvDataReadOp</name>
         <load_address>0x20007b3c</load_address>
         <run_address>0x20007b3c</run_address>
         <size>0x1e4</size>
         <input_file_ref idref="fl-163"/>
      </object_component>
      <object_component id="oc-24f">
         <name>.text:_SlDrvReleasePoolObj</name>
         <load_address>0x20007d20</load_address>
         <run_address>0x20007d20</run_address>
         <size>0x1d0</size>
         <input_file_ref idref="fl-163"/>
      </object_component>
      <object_component id="oc-553">
         <name>.text</name>
         <load_address>0x20007ef0</load_address>
         <run_address>0x20007ef0</run_address>
         <size>0x1b6</size>
         <input_file_ref idref="fl-144"/>
      </object_component>
      <object_component id="oc-225">
         <name>.text:_SlDrvDriverCBInit</name>
         <load_address>0x200080a8</load_address>
         <run_address>0x200080a8</run_address>
         <size>0x1b4</size>
         <input_file_ref idref="fl-163"/>
      </object_component>
      <object_component id="oc-4a6">
         <name>.text:_SlDrvMsgWrite</name>
         <load_address>0x2000825c</load_address>
         <run_address>0x2000825c</run_address>
         <size>0x19c</size>
         <input_file_ref idref="fl-163"/>
      </object_component>
      <object_component id="oc-33f">
         <name>.text:_SlDrvWaitForPoolObj</name>
         <load_address>0x200083f8</load_address>
         <run_address>0x200083f8</run_address>
         <size>0x190</size>
         <input_file_ref idref="fl-163"/>
      </object_component>
      <object_component id="oc-13c">
         <name>.text:PRCMCC3200MCUInit</name>
         <load_address>0x20008588</load_address>
         <run_address>0x20008588</run_address>
         <size>0x178</size>
         <input_file_ref idref="fl-15d"/>
      </object_component>
      <object_component id="oc-65b">
         <name>.text:_SlFindAndSetActiveObj</name>
         <load_address>0x20008700</load_address>
         <run_address>0x20008700</run_address>
         <size>0x170</size>
         <input_file_ref idref="fl-163"/>
      </object_component>
      <object_component id="oc-17d">
         <name>.text:sl_Connect</name>
         <load_address>0x20008870</load_address>
         <run_address>0x20008870</run_address>
         <size>0x16c</size>
         <input_file_ref idref="fl-167"/>
      </object_component>
      <object_component id="oc-395">
         <name>.text:_SlDrvDataWriteOp</name>
         <load_address>0x200089dc</load_address>
         <run_address>0x200089dc</run_address>
         <size>0x150</size>
         <input_file_ref idref="fl-163"/>
      </object_component>
      <object_component id="oc-22b">
         <name>.text:spi_Open</name>
         <load_address>0x20008b2c</load_address>
         <run_address>0x20008b2c</run_address>
         <size>0x148</size>
         <input_file_ref idref="fl-169"/>
      </object_component>
      <object_component id="oc-539">
         <name>.text</name>
         <load_address>0x20008c74</load_address>
         <run_address>0x20008c74</run_address>
         <size>0x136</size>
         <input_file_ref idref="fl-146"/>
      </object_component>
      <object_component id="oc-15f">
         <name>.text:sl_NetAppDnsGetHostByName</name>
         <load_address>0x20008dac</load_address>
         <run_address>0x20008dac</run_address>
         <size>0x12c</size>
         <input_file_ref idref="fl-164"/>
      </object_component>
      <object_component id="oc-4ac">
         <name>.text:_SlDrvMsgReadCmdCtx</name>
         <load_address>0x20008ed8</load_address>
         <run_address>0x20008ed8</run_address>
         <size>0x128</size>
         <input_file_ref idref="fl-163"/>
      </object_component>
      <object_component id="oc-28e">
         <name>.text:_SlDrvDriverCBDeinit</name>
         <load_address>0x20009000</load_address>
         <run_address>0x20009000</run_address>
         <size>0x124</size>
         <input_file_ref idref="fl-163"/>
      </object_component>
      <object_component id="oc-18f">
         <name>.text:sl_Send</name>
         <load_address>0x20009124</load_address>
         <run_address>0x20009124</run_address>
         <size>0x118</size>
         <input_file_ref idref="fl-167"/>
      </object_component>
      <object_component id="oc-621">
         <name>.text</name>
         <load_address>0x2000923c</load_address>
         <run_address>0x2000923c</run_address>
         <size>0x110</size>
         <input_file_ref idref="fl-151"/>
      </object_component>
      <object_component id="oc-6c5">
         <name>.text:_SlDrvNetAppEventHandler</name>
         <load_address>0x2000934c</load_address>
         <run_address>0x2000934c</run_address>
         <size>0x104</size>
         <input_file_ref idref="fl-164"/>
      </object_component>
      <object_component id="oc-534">
         <name>.text</name>
         <load_address>0x20009450</load_address>
         <run_address>0x20009450</run_address>
         <size>0xfc</size>
         <input_file_ref idref="fl-147"/>
      </object_component>
      <object_component id="oc-183">
         <name>.text</name>
         <load_address>0x2000954c</load_address>
         <run_address>0x2000954c</run_address>
         <size>0xf8</size>
         <input_file_ref idref="fl-5"/>
      </object_component>
      <object_component id="oc-655">
         <name>.text:spi_Read</name>
         <load_address>0x20009644</load_address>
         <run_address>0x20009644</run_address>
         <size>0xf0</size>
         <input_file_ref idref="fl-169"/>
      </object_component>
      <object_component id="oc-75f">
         <name>.text:uDMAChannelTransferSet</name>
         <load_address>0x20009734</load_address>
         <run_address>0x20009734</run_address>
         <size>0xf0</size>
         <input_file_ref idref="fl-16b"/>
      </object_component>
      <object_component id="oc-5da">
         <name>.text:_SlAsyncEventGenericHandler</name>
         <load_address>0x20009824</load_address>
         <run_address>0x20009824</run_address>
         <size>0xe8</size>
         <input_file_ref idref="fl-163"/>
      </object_component>
      <object_component id="oc-ed">
         <name>.text:sl_Stop</name>
         <load_address>0x2000990c</load_address>
         <run_address>0x2000990c</run_address>
         <size>0xe4</size>
         <input_file_ref idref="fl-162"/>
      </object_component>
      <object_component id="oc-db">
         <name>.text:sl_Start</name>
         <load_address>0x200099f0</load_address>
         <run_address>0x200099f0</run_address>
         <size>0xe0</size>
         <input_file_ref idref="fl-162"/>
      </object_component>
      <object_component id="oc-64f">
         <name>.text:_SlDrvClassifyRxMsg</name>
         <load_address>0x20009ad0</load_address>
         <run_address>0x20009ad0</run_address>
         <size>0xdc</size>
         <input_file_ref idref="fl-163"/>
      </object_component>
      <object_component id="oc-48d">
         <name>.text:_SlDrvMsgReadSpawnCtx</name>
         <load_address>0x20009bac</load_address>
         <run_address>0x20009bac</run_address>
         <size>0xd4</size>
         <input_file_ref idref="fl-163"/>
      </object_component>
      <object_component id="oc-723">
         <name>.text:_sl_HandleAsync_DnsGetHostByService</name>
         <load_address>0x20009c80</load_address>
         <run_address>0x20009c80</run_address>
         <size>0xcc</size>
         <input_file_ref idref="fl-164"/>
      </object_component>
      <object_component id="oc-2bd">
         <name>.text:sl_NetAppMDNSRegisterUnregisterService</name>
         <load_address>0x20009d4c</load_address>
         <run_address>0x20009d4c</run_address>
         <size>0xc8</size>
         <input_file_ref idref="fl-164"/>
      </object_component>
      <object_component id="oc-46a">
         <name>.text:_SlRemoveFromList</name>
         <load_address>0x20009e14</load_address>
         <run_address>0x20009e14</run_address>
         <size>0xc4</size>
         <input_file_ref idref="fl-163"/>
      </object_component>
      <object_component id="oc-278">
         <name>.text:_SlDrvCmdOp</name>
         <load_address>0x20009ed8</load_address>
         <run_address>0x20009ed8</run_address>
         <size>0xc0</size>
         <input_file_ref idref="fl-163"/>
      </object_component>
      <object_component id="oc-69b">
         <name>.text</name>
         <load_address>0x20009f98</load_address>
         <run_address>0x20009f98</run_address>
         <size>0xbe</size>
         <input_file_ref idref="fl-159"/>
      </object_component>
      <object_component id="oc-f3">
         <name>.text:sl_DevGet</name>
         <load_address>0x2000a058</load_address>
         <run_address>0x2000a058</run_address>
         <size>0xb4</size>
         <input_file_ref idref="fl-162"/>
      </object_component>
      <object_component id="oc-449">
         <name>.text:IntDisable</name>
         <load_address>0x2000a10c</load_address>
         <run_address>0x2000a10c</run_address>
         <size>0xa8</size>
         <input_file_ref idref="fl-15b"/>
      </object_component>
      <object_component id="oc-136">
         <name>.text:IntEnable</name>
         <load_address>0x2000a1b4</load_address>
         <run_address>0x2000a1b4</run_address>
         <size>0xa8</size>
         <input_file_ref idref="fl-15b"/>
      </object_component>
      <object_component id="oc-463">
         <name>.text:_SlDriverHandleError</name>
         <load_address>0x2000a25c</load_address>
         <run_address>0x2000a25c</run_address>
         <size>0xa4</size>
         <input_file_ref idref="fl-163"/>
      </object_component>
      <object_component id="oc-3f6">
         <name>.text:SPIConfigSetExpClk</name>
         <load_address>0x2000a300</load_address>
         <run_address>0x2000a300</run_address>
         <size>0xa0</size>
         <input_file_ref idref="fl-16a"/>
      </object_component>
      <object_component id="oc-36">
         <name>.text</name>
         <load_address>0x2000a3a0</load_address>
         <run_address>0x2000a3a0</run_address>
         <size>0x9c</size>
         <input_file_ref idref="fl-134"/>
      </object_component>
      <object_component id="oc-67f">
         <name>.text:_SlDrvDeviceEventHandler</name>
         <load_address>0x2000a43c</load_address>
         <run_address>0x2000a43c</run_address>
         <size>0x9a</size>
         <input_file_ref idref="fl-162"/>
      </object_component>
      <object_component id="oc-5e3">
         <name>.text:spi_Write</name>
         <load_address>0x2000a4d8</load_address>
         <run_address>0x2000a4d8</run_address>
         <size>0x98</size>
         <input_file_ref idref="fl-169"/>
      </object_component>
      <object_component id="oc-1d2">
         <name>.text:PRCMPeripheralClockGet</name>
         <load_address>0x2000a570</load_address>
         <run_address>0x2000a570</run_address>
         <size>0x94</size>
         <input_file_ref idref="fl-15d"/>
      </object_component>
      <object_component id="oc-71d">
         <name>.text:_sl_HandleAsync_DnsGetHostByName</name>
         <load_address>0x2000a604</load_address>
         <run_address>0x2000a604</run_address>
         <size>0x90</size>
         <input_file_ref idref="fl-164"/>
      </object_component>
      <object_component id="oc-6cb">
         <name>.text:_sl_HandleAsync_PingResponse</name>
         <load_address>0x2000a694</load_address>
         <run_address>0x2000a694</run_address>
         <size>0x90</size>
         <input_file_ref idref="fl-164"/>
      </object_component>
      <object_component id="oc-6d2">
         <name>.text:SetupDMAReceive</name>
         <load_address>0x2000a724</load_address>
         <run_address>0x2000a724</run_address>
         <size>0x8c</size>
         <input_file_ref idref="fl-169"/>
      </object_component>
      <object_component id="oc-666">
         <name>.text:SetupDMASend</name>
         <load_address>0x2000a7b0</load_address>
         <run_address>0x2000a7b0</run_address>
         <size>0x8c</size>
         <input_file_ref idref="fl-169"/>
      </object_component>
      <object_component id="oc-50b">
         <name>.text:PinConfigSet</name>
         <load_address>0x2000a83c</load_address>
         <run_address>0x2000a83c</run_address>
         <size>0x88</size>
         <input_file_ref idref="fl-15c"/>
      </object_component>
      <object_component id="oc-1e4">
         <name>.text</name>
         <load_address>0x2000a8c4</load_address>
         <run_address>0x2000a8c4</run_address>
         <size>0x88</size>
         <input_file_ref idref="fl-13c"/>
      </object_component>
      <object_component id="oc-19b">
         <name>.text:sl_Recv</name>
         <load_address>0x2000a94c</load_address>
         <run_address>0x2000a94c</run_address>
         <size>0x88</size>
         <input_file_ref idref="fl-167"/>
      </object_component>
      <object_component id="oc-52f">
         <name>.text:__aeabi_cdcmple</name>
         <load_address>0x2000a9d4</load_address>
         <run_address>0x2000a9d4</run_address>
         <size>0x86</size>
         <input_file_ref idref="fl-145"/>
      </object_component>
      <object_component id="oc-53e">
         <name>.text:__aeabi_cdrcmple</name>
         <load_address>0x2000aa5a</load_address>
         <run_address>0x2000aa5a</run_address>
         <size>0x86</size>
         <input_file_ref idref="fl-145"/>
      </object_component>
      <object_component id="oc-302">
         <name>.text:GPIOIntTypeSet</name>
         <load_address>0x2000aae0</load_address>
         <run_address>0x2000aae0</run_address>
         <size>0x82</size>
         <input_file_ref idref="fl-15a"/>
      </object_component>
      <object_component id="oc-745">
         <name>.text:_sl_HandleAsync_Connect</name>
         <load_address>0x2000ab64</load_address>
         <run_address>0x2000ab64</run_address>
         <size>0x80</size>
         <input_file_ref idref="fl-167"/>
      </object_component>
      <object_component id="oc-6ef">
         <name>.text:_sl_HandleAsync_InitComplete</name>
         <load_address>0x2000abe4</load_address>
         <run_address>0x2000abe4</run_address>
         <size>0x80</size>
         <input_file_ref idref="fl-162"/>
      </object_component>
      <object_component id="oc-6d8">
         <name>.text:spi_Read_CPU</name>
         <load_address>0x2000ac64</load_address>
         <run_address>0x2000ac64</run_address>
         <size>0x80</size>
         <input_file_ref idref="fl-169"/>
      </object_component>
      <object_component id="oc-678">
         <name>.text:spi_Write_CPU</name>
         <load_address>0x2000ace4</load_address>
         <run_address>0x2000ace4</run_address>
         <size>0x80</size>
         <input_file_ref idref="fl-169"/>
      </object_component>
      <object_component id="oc-14f">
         <name>.text:sl_DevSet</name>
         <load_address>0x2000ad64</load_address>
         <run_address>0x2000ad64</run_address>
         <size>0x7c</size>
         <input_file_ref idref="fl-162"/>
      </object_component>
      <object_component id="oc-10b">
         <name>.text:sl_NetCfgSet</name>
         <load_address>0x2000ade0</load_address>
         <run_address>0x2000ade0</run_address>
         <size>0x7c</size>
         <input_file_ref idref="fl-165"/>
      </object_component>
      <object_component id="oc-177">
         <name>.text:sl_SetSockOpt</name>
         <load_address>0x2000ae5c</load_address>
         <run_address>0x2000ae5c</run_address>
         <size>0x7c</size>
         <input_file_ref idref="fl-167"/>
      </object_component>
      <object_component id="oc-111">
         <name>.text:sl_WlanSet</name>
         <load_address>0x2000aed8</load_address>
         <run_address>0x2000aed8</run_address>
         <size>0x7c</size>
         <input_file_ref idref="fl-168"/>
      </object_component>
      <object_component id="oc-4f">
         <name>.text</name>
         <load_address>0x2000af54</load_address>
         <run_address>0x2000af54</run_address>
         <size>0x7a</size>
         <input_file_ref idref="fl-137"/>
      </object_component>
      <object_component id="oc-3d9">
         <name>.text:_SlNonOsSemGet</name>
         <load_address>0x2000afd0</load_address>
         <run_address>0x2000afd0</run_address>
         <size>0x78</size>
         <input_file_ref idref="fl-166"/>
      </object_component>
      <object_component id="oc-f9">
         <name>.text:sl_WlanPolicySet</name>
         <load_address>0x2000b048</load_address>
         <run_address>0x2000b048</run_address>
         <size>0x78</size>
         <input_file_ref idref="fl-168"/>
      </object_component>
      <object_component id="oc-288">
         <name>.text:spi_Close</name>
         <load_address>0x2000b0c0</load_address>
         <run_address>0x2000b0c0</run_address>
         <size>0x78</size>
         <input_file_ref idref="fl-169"/>
      </object_component>
      <object_component id="oc-1d8">
         <name>.text:UARTConfigSetExpClk</name>
         <load_address>0x2000b138</load_address>
         <run_address>0x2000b138</run_address>
         <size>0x76</size>
         <input_file_ref idref="fl-15e"/>
      </object_component>
      <object_component id="oc-e1">
         <name>.text:_SlNonOsMainLoopTask</name>
         <load_address>0x2000b1b0</load_address>
         <run_address>0x2000b1b0</run_address>
         <size>0x74</size>
         <input_file_ref idref="fl-166"/>
      </object_component>
      <object_component id="oc-171">
         <name>.text:sl_Socket</name>
         <load_address>0x2000b224</load_address>
         <run_address>0x2000b224</run_address>
         <size>0x70</size>
         <input_file_ref idref="fl-167"/>
      </object_component>
      <object_component id="oc-78a">
         <name>.text:_SlDrvCmdSend</name>
         <load_address>0x2000b294</load_address>
         <run_address>0x2000b294</run_address>
         <size>0x6c</size>
         <input_file_ref idref="fl-163"/>
      </object_component>
      <object_component id="oc-72f">
         <name>.text:_sl_NetAppSendTokenValue</name>
         <load_address>0x2000b300</load_address>
         <run_address>0x2000b300</run_address>
         <size>0x6c</size>
         <input_file_ref idref="fl-164"/>
      </object_component>
      <object_component id="oc-61">
         <name>.text</name>
         <load_address>0x2000b36c</load_address>
         <run_address>0x2000b36c</run_address>
         <size>0x6c</size>
         <input_file_ref idref="fl-141"/>
      </object_component>
      <object_component id="oc-123">
         <name>.text:sl_WlanRxFilterSet</name>
         <load_address>0x2000b3d8</load_address>
         <run_address>0x2000b3d8</run_address>
         <size>0x6c</size>
         <input_file_ref idref="fl-168"/>
      </object_component>
      <object_component id="oc-42">
         <name>.text</name>
         <load_address>0x2000b444</load_address>
         <run_address>0x2000b444</run_address>
         <size>0x6a</size>
         <input_file_ref idref="fl-131"/>
      </object_component>
      <object_component id="oc-619">
         <name>.text</name>
         <load_address>0x2000b4ae</load_address>
         <run_address>0x2000b4ae</run_address>
         <size>0x66</size>
         <input_file_ref idref="fl-152"/>
      </object_component>
      <object_component id="oc-487">
         <name>.text:_SlNonOsSpawn</name>
         <load_address>0x2000b514</load_address>
         <run_address>0x2000b514</run_address>
         <size>0x64</size>
         <input_file_ref idref="fl-166"/>
      </object_component>
      <object_component id="oc-73f">
         <name>.text:_sl_HandleAsync_Accept</name>
         <load_address>0x2000b578</load_address>
         <run_address>0x2000b578</run_address>
         <size>0x64</size>
         <input_file_ref idref="fl-167"/>
      </object_component>
      <object_component id="oc-59f">
         <name>.text:uDMAChannelAttributeDisable</name>
         <load_address>0x2000b5dc</load_address>
         <run_address>0x2000b5dc</run_address>
         <size>0x64</size>
         <input_file_ref idref="fl-16b"/>
      </object_component>
      <object_component id="oc-759">
         <name>.text:uDMAChannelAttributeEnable</name>
         <load_address>0x2000b640</load_address>
         <run_address>0x2000b640</run_address>
         <size>0x64</size>
         <input_file_ref idref="fl-16b"/>
      </object_component>
      <object_component id="oc-455">
         <name>.text:IntPendClear</name>
         <load_address>0x2000b6a4</load_address>
         <run_address>0x2000b6a4</run_address>
         <size>0x58</size>
         <input_file_ref idref="fl-15b"/>
      </object_component>
      <object_component id="oc-2ee">
         <name>.text:PRCMPeripheralReset</name>
         <load_address>0x2000b6fc</load_address>
         <run_address>0x2000b6fc</run_address>
         <size>0x58</size>
         <input_file_ref idref="fl-15d"/>
      </object_component>
      <object_component id="oc-548">
         <name>.text</name>
         <load_address>0x2000b754</load_address>
         <run_address>0x2000b754</run_address>
         <size>0x56</size>
         <input_file_ref idref="fl-14c"/>
      </object_component>
      <object_component id="oc-308">
         <name>.text:IntPrioritySet</name>
         <load_address>0x2000b7ac</load_address>
         <run_address>0x2000b7ac</run_address>
         <size>0x54</size>
         <input_file_ref idref="fl-15b"/>
      </object_component>
      <object_component id="oc-261">
         <name>.text:_SlDrvRxIrqHandler</name>
         <load_address>0x2000b800</load_address>
         <run_address>0x2000b800</run_address>
         <size>0x54</size>
         <input_file_ref idref="fl-163"/>
      </object_component>
      <object_component id="oc-74b">
         <name>.text:_sl_HandleAsync_Select</name>
         <load_address>0x2000b854</load_address>
         <run_address>0x2000b854</run_address>
         <size>0x54</size>
         <input_file_ref idref="fl-167"/>
      </object_component>
      <object_component id="oc-6f5">
         <name>.text:_sl_HandleAsync_Stop</name>
         <load_address>0x2000b8a8</load_address>
         <run_address>0x2000b8a8</run_address>
         <size>0x50</size>
         <input_file_ref idref="fl-162"/>
      </object_component>
      <object_component id="oc-420">
         <name>.text:SPIIntEnable</name>
         <load_address>0x2000b8f8</load_address>
         <run_address>0x2000b8f8</run_address>
         <size>0x4c</size>
         <input_file_ref idref="fl-16a"/>
      </object_component>
      <object_component id="oc-5ee">
         <name>.text:SPIIntNumberGet</name>
         <load_address>0x2000b944</load_address>
         <run_address>0x2000b944</run_address>
         <size>0x4c</size>
         <input_file_ref idref="fl-16a"/>
      </object_component>
      <object_component id="oc-231">
         <name>.text:_SlDrvProtectAsyncRespSetting</name>
         <load_address>0x2000b990</load_address>
         <run_address>0x2000b990</run_address>
         <size>0x4c</size>
         <input_file_ref idref="fl-163"/>
      </object_component>
      <object_component id="oc-36d">
         <name>.text:_sl_BuildAddress</name>
         <load_address>0x2000b9dc</load_address>
         <run_address>0x2000b9dc</run_address>
         <size>0x4c</size>
         <input_file_ref idref="fl-167"/>
      </object_component>
      <object_component id="oc-576">
         <name>.text</name>
         <load_address>0x2000ba28</load_address>
         <run_address>0x2000ba28</run_address>
         <size>0x4c</size>
         <input_file_ref idref="fl-140"/>
      </object_component>
      <object_component id="oc-97">
         <name>.text</name>
         <load_address>0x2000ba74</load_address>
         <run_address>0x2000ba74</run_address>
         <size>0x4c</size>
         <input_file_ref idref="fl-142"/>
      </object_component>
      <object_component id="oc-599">
         <name>.text:uDMAChannelAssign</name>
         <load_address>0x2000bac0</load_address>
         <run_address>0x2000bac0</run_address>
         <size>0x4c</size>
         <input_file_ref idref="fl-16b"/>
      </object_component>
      <object_component id="oc-4ea">
         <name>.text:GPIOGetIntNumber</name>
         <load_address>0x2000bb0c</load_address>
         <run_address>0x2000bb0c</run_address>
         <size>0x48</size>
         <input_file_ref idref="fl-15a"/>
      </object_component>
      <object_component id="oc-5b6">
         <name>.text:SPIIntClear</name>
         <load_address>0x2000bb54</load_address>
         <run_address>0x2000bb54</run_address>
         <size>0x48</size>
         <input_file_ref idref="fl-16a"/>
      </object_component>
      <object_component id="oc-2ab">
         <name>.text:_SlDrvBasicCmd</name>
         <load_address>0x2000bb9c</load_address>
         <run_address>0x2000bb9c</run_address>
         <size>0x48</size>
         <input_file_ref idref="fl-163"/>
      </object_component>
      <object_component id="oc-543">
         <name>.text</name>
         <load_address>0x2000bbe4</load_address>
         <run_address>0x2000bbe4</run_address>
         <size>0x48</size>
         <input_file_ref idref="fl-148"/>
      </object_component>
      <object_component id="oc-117">
         <name>.text:sl_NetAppMDNSUnRegisterService</name>
         <load_address>0x2000bc2c</load_address>
         <run_address>0x2000bc2c</run_address>
         <size>0x48</size>
         <input_file_ref idref="fl-164"/>
      </object_component>
      <object_component id="oc-55e">
         <name>.text</name>
         <load_address>0x2000bc74</load_address>
         <run_address>0x2000bc74</run_address>
         <size>0x46</size>
         <input_file_ref idref="fl-14b"/>
      </object_component>
      <object_component id="oc-5aa">
         <name>.text:SPIDmaMaskGet</name>
         <load_address>0x2000bcbc</load_address>
         <run_address>0x2000bcbc</run_address>
         <size>0x44</size>
         <input_file_ref idref="fl-16a"/>
      </object_component>
      <object_component id="oc-783">
         <name>.text:_SlDrvHandleHttpServerEvents</name>
         <load_address>0x2000bd00</load_address>
         <run_address>0x2000bd00</run_address>
         <size>0x44</size>
         <input_file_ref idref="fl-163"/>
      </object_component>
      <object_component id="oc-249">
         <name>.text:_SlDrvSyncObjWaitTimeout</name>
         <load_address>0x2000bd44</load_address>
         <run_address>0x2000bd44</run_address>
         <size>0x44</size>
         <input_file_ref idref="fl-163"/>
      </object_component>
      <object_component id="oc-6e5">
         <name>.text:cc_SetupTransfer</name>
         <load_address>0x2000bd88</load_address>
         <run_address>0x2000bd88</run_address>
         <size>0x44</size>
         <input_file_ref idref="fl-169"/>
      </object_component>
      <object_component id="oc-6d">
         <name>.text</name>
         <load_address>0x2000bdcc</load_address>
         <run_address>0x2000bdcc</run_address>
         <size>0x44</size>
         <input_file_ref idref="fl-133"/>
      </object_component>
      <object_component id="oc-195">
         <name>.text:sl_Close</name>
         <load_address>0x2000be10</load_address>
         <run_address>0x2000be10</run_address>
         <size>0x44</size>
         <input_file_ref idref="fl-167"/>
      </object_component>
      <object_component id="oc-ff">
         <name>.text:sl_WlanProfileDel</name>
         <load_address>0x2000be54</load_address>
         <run_address>0x2000be54</run_address>
         <size>0x44</size>
         <input_file_ref idref="fl-168"/>
      </object_component>
      <object_component id="oc-e7">
         <name>.text:sl_WlanSetMode</name>
         <load_address>0x2000be98</load_address>
         <run_address>0x2000be98</run_address>
         <size>0x44</size>
         <input_file_ref idref="fl-168"/>
      </object_component>
      <object_component id="oc-16b">
         <name>.text:sl_Htonl</name>
         <load_address>0x2000bedc</load_address>
         <run_address>0x2000bedc</run_address>
         <size>0x42</size>
         <input_file_ref idref="fl-167"/>
      </object_component>
      <object_component id="oc-374">
         <name>.text:PinModeSet</name>
         <load_address>0x2000bf20</load_address>
         <run_address>0x2000bf20</run_address>
         <size>0x40</size>
         <input_file_ref idref="fl-15c"/>
      </object_component>
      <object_component id="oc-68b">
         <name>.text:_SlDrvHandleNetAppEvents</name>
         <load_address>0x2000bf60</load_address>
         <run_address>0x2000bf60</run_address>
         <size>0x40</size>
         <input_file_ref idref="fl-163"/>
      </object_component>
      <object_component id="oc-685">
         <name>.text:_SlDrvHandleWlanEvents</name>
         <load_address>0x2000bfa0</load_address>
         <run_address>0x2000bfa0</run_address>
         <size>0x40</size>
         <input_file_ref idref="fl-163"/>
      </object_component>
      <object_component id="oc-38f">
         <name>.text:_sl_TruncatePayloadByProtocol</name>
         <load_address>0x2000bfe0</load_address>
         <run_address>0x2000bfe0</run_address>
         <size>0x40</size>
         <input_file_ref idref="fl-167"/>
      </object_component>
      <object_component id="oc-770">
         <name>.text</name>
         <load_address>0x2000c020</load_address>
         <run_address>0x2000c020</run_address>
         <size>0x40</size>
         <input_file_ref idref="fl-158"/>
      </object_component>
      <object_component id="oc-23d">
         <name>.text:NwpRegisterInterruptHandler</name>
         <load_address>0x2000c060</load_address>
         <run_address>0x2000c060</run_address>
         <size>0x3e</size>
         <input_file_ref idref="fl-169"/>
      </object_component>
      <object_component id="oc-736">
         <name>.text:CopyPingResultsToReport</name>
         <load_address>0x2000c09e</load_address>
         <run_address>0x2000c09e</run_address>
         <size>0x3c</size>
         <input_file_ref idref="fl-164"/>
      </object_component>
      <object_component id="oc-2e8">
         <name>.text:PRCMPeripheralClkEnable</name>
         <load_address>0x2000c0dc</load_address>
         <run_address>0x2000c0dc</run_address>
         <size>0x3c</size>
         <input_file_ref idref="fl-15d"/>
      </object_component>
      <object_component id="oc-24">
         <name>.text</name>
         <load_address>0x2000c118</load_address>
         <run_address>0x2000c118</run_address>
         <size>0x3c</size>
         <input_file_ref idref="fl-12f"/>
      </object_component>
      <object_component id="oc-165">
         <name>.text:sl_Htons</name>
         <load_address>0x2000c154</load_address>
         <run_address>0x2000c154</run_address>
         <size>0x3c</size>
         <input_file_ref idref="fl-167"/>
      </object_component>
      <object_component id="oc-753">
         <name>.text:uDMAChannelControlSet</name>
         <load_address>0x2000c190</load_address>
         <run_address>0x2000c190</run_address>
         <size>0x3c</size>
         <input_file_ref idref="fl-16b"/>
      </object_component>
      <object_component id="oc-237">
         <name>.text:NwpPowerOff</name>
         <load_address>0x2000c1cc</load_address>
         <run_address>0x2000c1cc</run_address>
         <size>0x38</size>
         <input_file_ref idref="fl-169"/>
      </object_component>
      <object_component id="oc-386">
         <name>.text:GPIODirModeSet</name>
         <load_address>0x2000c204</load_address>
         <run_address>0x2000c204</run_address>
         <size>0x36</size>
         <input_file_ref idref="fl-15a"/>
      </object_component>
      <object_component id="oc-3fc">
         <name>.text:PRCMPeripheralStatusGet</name>
         <load_address>0x2000c23c</load_address>
         <run_address>0x2000c23c</run_address>
         <size>0x34</size>
         <input_file_ref idref="fl-15d"/>
      </object_component>
      <object_component id="oc-414">
         <name>.text:SPIFIFOLevelSet</name>
         <load_address>0x2000c270</load_address>
         <run_address>0x2000c270</run_address>
         <size>0x34</size>
         <input_file_ref idref="fl-16a"/>
      </object_component>
      <object_component id="oc-6aa">
         <name>.text</name>
         <load_address>0x2000c2a4</load_address>
         <run_address>0x2000c2a4</run_address>
         <size>0x34</size>
         <input_file_ref idref="fl-156"/>
      </object_component>
      <object_component id="oc-380">
         <name>.text:PinTypeGPIO</name>
         <load_address>0x2000c2d8</load_address>
         <run_address>0x2000c2d8</run_address>
         <size>0x30</size>
         <input_file_ref idref="fl-15c"/>
      </object_component>
      <object_component id="oc-3a8">
         <name>.text:UARTDisable</name>
         <load_address>0x2000c308</load_address>
         <run_address>0x2000c308</run_address>
         <size>0x30</size>
         <input_file_ref idref="fl-15e"/>
      </object_component>
      <object_component id="oc-627">
         <name>.text</name>
         <load_address>0x2000c338</load_address>
         <run_address>0x2000c338</run_address>
         <size>0x30</size>
         <input_file_ref idref="fl-153"/>
      </object_component>
      <object_component id="oc-54e">
         <name>.text</name>
         <load_address>0x2000c368</load_address>
         <run_address>0x2000c368</run_address>
         <size>0x2e</size>
         <input_file_ref idref="fl-14a"/>
      </object_component>
      <object_component id="oc-70d">
         <name>.text</name>
         <load_address>0x2000c396</load_address>
         <run_address>0x2000c396</run_address>
         <size>0x2e</size>
         <input_file_ref idref="fl-157"/>
      </object_component>
      <object_component id="oc-2d6">
         <name>.text:PRCMSysResetCauseGet</name>
         <load_address>0x2000c3c4</load_address>
         <run_address>0x2000c3c4</run_address>
         <size>0x2c</size>
         <input_file_ref idref="fl-15d"/>
      </object_component>
      <object_component id="oc-49a">
         <name>.text:_SlDrvObjGlobalLockWaitForever</name>
         <load_address>0x2000c3f0</load_address>
         <run_address>0x2000c3f0</run_address>
         <size>0x2c</size>
         <input_file_ref idref="fl-163"/>
      </object_component>
      <object_component id="oc-345">
         <name>.text:_SlDrvProtectionObjLockWaitForever</name>
         <load_address>0x2000c41c</load_address>
         <run_address>0x2000c41c</run_address>
         <size>0x2c</size>
         <input_file_ref idref="fl-163"/>
      </object_component>
      <object_component id="oc-56a">
         <name>.text</name>
         <load_address>0x2000c448</load_address>
         <run_address>0x2000c448</run_address>
         <size>0x2a</size>
         <input_file_ref idref="fl-150"/>
      </object_component>
      <object_component id="oc-2f4">
         <name>.text:PRCMPeripheralClkDisable</name>
         <load_address>0x2000c474</load_address>
         <run_address>0x2000c474</run_address>
         <size>0x28</size>
         <input_file_ref idref="fl-15d"/>
      </object_component>
      <object_component id="oc-4a0">
         <name>.text:_SlDrvGlobalObjUnLock</name>
         <load_address>0x2000c49c</load_address>
         <run_address>0x2000c49c</run_address>
         <size>0x28</size>
         <input_file_ref idref="fl-163"/>
      </object_component>
      <object_component id="oc-34b">
         <name>.text:_SlDrvProtectionObjUnLock</name>
         <load_address>0x2000c4c4</load_address>
         <run_address>0x2000c4c4</run_address>
         <size>0x28</size>
         <input_file_ref idref="fl-163"/>
      </object_component>
      <object_component id="oc-351">
         <name>.text:_SlDrvSyncObjWaitForever</name>
         <load_address>0x2000c4ec</load_address>
         <run_address>0x2000c4ec</run_address>
         <size>0x28</size>
         <input_file_ref idref="fl-163"/>
      </object_component>
      <object_component id="oc-47f">
         <name>.text</name>
         <load_address>0x2000c514</load_address>
         <run_address>0x2000c514</run_address>
         <size>0x26</size>
         <input_file_ref idref="fl-4"/>
      </object_component>
      <object_component id="oc-432">
         <name>.text:DmaSpiSwIntHandler</name>
         <load_address>0x2000c53c</load_address>
         <run_address>0x2000c53c</run_address>
         <size>0x24</size>
         <input_file_ref idref="fl-169"/>
      </object_component>
      <object_component id="oc-44f">
         <name>.text:IntUnregister</name>
         <load_address>0x2000c560</load_address>
         <run_address>0x2000c560</run_address>
         <size>0x24</size>
         <input_file_ref idref="fl-15b"/>
      </object_component>
      <object_component id="oc-3ae">
         <name>.text:UARTEnable</name>
         <load_address>0x2000c584</load_address>
         <run_address>0x2000c584</run_address>
         <size>0x24</size>
         <input_file_ref idref="fl-15e"/>
      </object_component>
      <object_component id="oc-51a">
         <name>.text:_SlDrvObjLockWaitForever</name>
         <load_address>0x2000c5a8</load_address>
         <run_address>0x2000c5a8</run_address>
         <size>0x24</size>
         <input_file_ref idref="fl-163"/>
      </object_component>
      <object_component id="oc-1f6">
         <name>.text</name>
         <load_address>0x2000c5cc</load_address>
         <run_address>0x2000c5cc</run_address>
         <size>0x24</size>
         <input_file_ref idref="fl-135"/>
      </object_component>
      <object_component id="oc-3f0">
         <name>.text:SPIReset</name>
         <load_address>0x2000c5f0</load_address>
         <run_address>0x2000c5f0</run_address>
         <size>0x22</size>
         <input_file_ref idref="fl-16a"/>
      </object_component>
      <object_component id="oc-672">
         <name>.text:SPIWordCountSet</name>
         <load_address>0x2000c612</load_address>
         <run_address>0x2000c612</run_address>
         <size>0x22</size>
         <input_file_ref idref="fl-16a"/>
      </object_component>
      <object_component id="oc-558">
         <name>.text</name>
         <load_address>0x2000c634</load_address>
         <run_address>0x2000c634</run_address>
         <size>0x22</size>
         <input_file_ref idref="fl-149"/>
      </object_component>
      <object_component id="oc-320">
         <name>.text:GPIOPinWrite</name>
         <load_address>0x2000c656</load_address>
         <run_address>0x2000c656</run_address>
         <size>0x20</size>
         <input_file_ref idref="fl-15a"/>
      </object_component>
      <object_component id="oc-41a">
         <name>.text:IntRegister</name>
         <load_address>0x2000c678</load_address>
         <run_address>0x2000c678</run_address>
         <size>0x20</size>
         <input_file_ref idref="fl-15b"/>
      </object_component>
      <object_component id="oc-243">
         <name>.text:NwpPowerOn</name>
         <load_address>0x2000c698</load_address>
         <run_address>0x2000c698</run_address>
         <size>0x20</size>
         <input_file_ref idref="fl-169"/>
      </object_component>
      <object_component id="oc-520">
         <name>.text:_SlDrvObjUnLock</name>
         <load_address>0x2000c6b8</load_address>
         <run_address>0x2000c6b8</run_address>
         <size>0x20</size>
         <input_file_ref idref="fl-163"/>
      </object_component>
      <object_component id="oc-470">
         <name>.text:_SlDrvSyncObjSignal</name>
         <load_address>0x2000c6d8</load_address>
         <run_address>0x2000c6d8</run_address>
         <size>0x20</size>
         <input_file_ref idref="fl-163"/>
      </object_component>
      <object_component id="oc-105">
         <name>.text:sl_WlanDisconnect</name>
         <load_address>0x2000c6f8</load_address>
         <run_address>0x2000c6f8</run_address>
         <size>0x20</size>
         <input_file_ref idref="fl-168"/>
      </object_component>
      <object_component id="oc-30e">
         <name>.text:GPIOIntRegister</name>
         <load_address>0x2000c718</load_address>
         <run_address>0x2000c718</run_address>
         <size>0x1e</size>
         <input_file_ref idref="fl-15a"/>
      </object_component>
      <object_component id="oc-1de">
         <name>.text:UARTCharPut</name>
         <load_address>0x2000c736</load_address>
         <run_address>0x2000c736</run_address>
         <size>0x1e</size>
         <input_file_ref idref="fl-15e"/>
      </object_component>
      <object_component id="oc-402">
         <name>.text:cc_UDMAChannelSelect</name>
         <load_address>0x2000c754</load_address>
         <run_address>0x2000c754</run_address>
         <size>0x1e</size>
         <input_file_ref idref="fl-169"/>
      </object_component>
      <object_component id="oc-1f0">
         <name>.text:UARTCharGetNonBlocking</name>
         <load_address>0x2000c772</load_address>
         <run_address>0x2000c772</run_address>
         <size>0x1c</size>
         <input_file_ref idref="fl-15e"/>
      </object_component>
      <object_component id="oc-570">
         <name>.text</name>
         <load_address>0x2000c78e</load_address>
         <run_address>0x2000c78e</run_address>
         <size>0x1c</size>
         <input_file_ref idref="fl-14d"/>
      </object_component>
      <object_component id="oc-765">
         <name>.text:uDMAChannelEnable</name>
         <load_address>0x2000c7ac</load_address>
         <run_address>0x2000c7ac</run_address>
         <size>0x1c</size>
         <input_file_ref idref="fl-16b"/>
      </object_component>
      <object_component id="oc-31a">
         <name>.text:GPIOIntEnable</name>
         <load_address>0x2000c7c8</load_address>
         <run_address>0x2000c7c8</run_address>
         <size>0x1a</size>
         <input_file_ref idref="fl-15a"/>
      </object_component>
      <object_component id="oc-37a">
         <name>.text:PinTypeUART</name>
         <load_address>0x2000c7e2</load_address>
         <run_address>0x2000c7e2</run_address>
         <size>0x1a</size>
         <input_file_ref idref="fl-15c"/>
      </object_component>
      <object_component id="oc-4c3">
         <name>.text:SPIDmaDisable</name>
         <load_address>0x2000c7fc</load_address>
         <run_address>0x2000c7fc</run_address>
         <size>0x1a</size>
         <input_file_ref idref="fl-16a"/>
      </object_component>
      <object_component id="oc-40e">
         <name>.text:SPIDmaEnable</name>
         <load_address>0x2000c816</load_address>
         <run_address>0x2000c816</run_address>
         <size>0x1a</size>
         <input_file_ref idref="fl-16a"/>
      </object_component>
      <object_component id="oc-4bd">
         <name>.text:SPIFIFODisable</name>
         <load_address>0x2000c830</load_address>
         <run_address>0x2000c830</run_address>
         <size>0x1a</size>
         <input_file_ref idref="fl-16a"/>
      </object_component>
      <object_component id="oc-408">
         <name>.text:SPIFIFOEnable</name>
         <load_address>0x2000c84a</load_address>
         <run_address>0x2000c84a</run_address>
         <size>0x1a</size>
         <input_file_ref idref="fl-16a"/>
      </object_component>
      <object_component id="oc-4b7">
         <name>.text:SPIIntUnregister</name>
         <load_address>0x2000c864</load_address>
         <run_address>0x2000c864</run_address>
         <size>0x1a</size>
         <input_file_ref idref="fl-16a"/>
      </object_component>
      <object_component id="oc-32c">
         <name>.text:GPIOPinRead</name>
         <load_address>0x2000c87e</load_address>
         <run_address>0x2000c87e</run_address>
         <size>0x18</size>
         <input_file_ref idref="fl-15a"/>
      </object_component>
      <object_component id="oc-3e4">
         <name>.text:SPICSDisable</name>
         <load_address>0x2000c896</load_address>
         <run_address>0x2000c896</run_address>
         <size>0x18</size>
         <input_file_ref idref="fl-16a"/>
      </object_component>
      <object_component id="oc-66c">
         <name>.text:SPICSEnable</name>
         <load_address>0x2000c8ae</load_address>
         <run_address>0x2000c8ae</run_address>
         <size>0x18</size>
         <input_file_ref idref="fl-16a"/>
      </object_component>
      <object_component id="oc-3ea">
         <name>.text:SPIDisable</name>
         <load_address>0x2000c8c6</load_address>
         <run_address>0x2000c8c6</run_address>
         <size>0x18</size>
         <input_file_ref idref="fl-16a"/>
      </object_component>
      <object_component id="oc-426">
         <name>.text:SPIEnable</name>
         <load_address>0x2000c8de</load_address>
         <run_address>0x2000c8de</run_address>
         <size>0x18</size>
         <input_file_ref idref="fl-16a"/>
      </object_component>
      <object_component id="oc-1ea">
         <name>.text:UARTCharsAvail</name>
         <load_address>0x2000c8f6</load_address>
         <run_address>0x2000c8f6</run_address>
         <size>0x18</size>
         <input_file_ref idref="fl-15e"/>
      </object_component>
      <object_component id="oc-3d3">
         <name>.text:_SlNonOsSemSet</name>
         <load_address>0x2000c90e</load_address>
         <run_address>0x2000c90e</run_address>
         <size>0x18</size>
         <input_file_ref idref="fl-166"/>
      </object_component>
      <object_component id="oc-255">
         <name>.text:_sl_GetStartResponseConvert</name>
         <load_address>0x2000c928</load_address>
         <run_address>0x2000c928</run_address>
         <size>0x18</size>
         <input_file_ref idref="fl-162"/>
      </object_component>
      <object_component id="oc-67">
         <name>.text</name>
         <load_address>0x2000c940</load_address>
         <run_address>0x2000c940</run_address>
         <size>0x18</size>
         <input_file_ref idref="fl-13f"/>
      </object_component>
      <object_component id="oc-2dc">
         <name>.text:PRCMHIBRegRead</name>
         <load_address>0x2000c958</load_address>
         <run_address>0x2000c958</run_address>
         <size>0x16</size>
         <input_file_ref idref="fl-15d"/>
      </object_component>
      <object_component id="oc-2e2">
         <name>.text:PRCMHIBRegWrite</name>
         <load_address>0x2000c96e</load_address>
         <run_address>0x2000c96e</run_address>
         <size>0x16</size>
         <input_file_ref idref="fl-15d"/>
      </object_component>
      <object_component id="oc-2fb">
         <name>.text:_SlDrvMemZero</name>
         <load_address>0x2000c984</load_address>
         <run_address>0x2000c984</run_address>
         <size>0x16</size>
         <input_file_ref idref="fl-163"/>
      </object_component>
      <object_component id="oc-564">
         <name>.text</name>
         <load_address>0x2000c99a</load_address>
         <run_address>0x2000c99a</run_address>
         <size>0x16</size>
         <input_file_ref idref="fl-14e"/>
      </object_component>
      <object_component id="oc-2cb">
         <name>.text:CPUcpsie</name>
         <load_address>0x2000c9b0</load_address>
         <run_address>0x2000c9b0</run_address>
         <size>0x14</size>
         <input_file_ref idref="fl-160"/>
      </object_component>
      <object_component id="oc-314">
         <name>.text:GPIOIntClear</name>
         <load_address>0x2000c9c4</load_address>
         <run_address>0x2000c9c4</run_address>
         <size>0x14</size>
         <input_file_ref idref="fl-15a"/>
      </object_component>
      <object_component id="oc-12a">
         <name>.text:IntVTableBaseSet</name>
         <load_address>0x2000c9d8</load_address>
         <run_address>0x2000c9d8</run_address>
         <size>0x14</size>
         <input_file_ref idref="fl-15b"/>
      </object_component>
      <object_component id="oc-1bd">
         <name>.text</name>
         <load_address>0x2000c9ec</load_address>
         <run_address>0x2000c9ec</run_address>
         <size>0x14</size>
         <input_file_ref idref="fl-13d"/>
      </object_component>
      <object_component id="oc-189">
         <name>.text</name>
         <load_address>0x2000ca00</load_address>
         <run_address>0x2000ca00</run_address>
         <size>0x14</size>
         <input_file_ref idref="fl-13a"/>
      </object_component>
      <object_component id="oc-159">
         <name>.text</name>
         <load_address>0x2000ca14</load_address>
         <run_address>0x2000ca14</run_address>
         <size>0x14</size>
         <input_file_ref idref="fl-13b"/>
      </object_component>
      <object_component id="oc-729">
         <name>.text:_SlDrvDispatchHttpServerEvents</name>
         <load_address>0x2000ca28</load_address>
         <run_address>0x2000ca28</run_address>
         <size>0x10</size>
         <input_file_ref idref="fl-163"/>
      </object_component>
      <object_component id="oc-29d">
         <name>.text:_SlDrvResetCmdExt</name>
         <load_address>0x2000ca38</load_address>
         <run_address>0x2000ca38</run_address>
         <size>0xe</size>
         <input_file_ref idref="fl-163"/>
      </object_component>
      <object_component id="oc-12">
         <name>.text:decompress:none</name>
         <load_address>0x2000ca46</load_address>
         <run_address>0x2000ca46</run_address>
         <size>0xe</size>
         <input_file_ref idref="fl-130"/>
      </object_component>
      <object_component id="oc-2d">
         <name>.text</name>
         <load_address>0x2000ca54</load_address>
         <run_address>0x2000ca54</run_address>
         <size>0xe</size>
         <input_file_ref idref="fl-6"/>
      </object_component>
      <object_component id="oc-442">
         <name>.text:NwpMaskInterrupt</name>
         <load_address>0x2000ca64</load_address>
         <run_address>0x2000ca64</run_address>
         <size>0xc</size>
         <input_file_ref idref="fl-169"/>
      </object_component>
      <object_component id="oc-45c">
         <name>.text:NwpUnMaskInterrupt</name>
         <load_address>0x2000ca70</load_address>
         <run_address>0x2000ca70</run_address>
         <size>0xc</size>
         <input_file_ref idref="fl-169"/>
      </object_component>
      <object_component id="oc-1e">
         <name>.text:decompress:ZI</name>
         <load_address>0x2000ca7c</load_address>
         <run_address>0x2000ca7c</run_address>
         <size>0xc</size>
         <input_file_ref idref="fl-132"/>
      </object_component>
      <object_component id="oc-130">
         <name>.text:IntMasterEnable</name>
         <load_address>0x2000ca88</load_address>
         <run_address>0x2000ca88</run_address>
         <size>0xa</size>
         <input_file_ref idref="fl-15b"/>
      </object_component>
      <object_component id="oc-14e">
         <name>.text:UtilsDelay</name>
         <load_address>0x2000ca92</load_address>
         <run_address>0x2000ca92</run_address>
         <size>0x6</size>
         <input_file_ref idref="fl-15f"/>
      </object_component>
      <object_component id="oc-18">
         <name>.text:decompress:rle24</name>
         <load_address>0x2000ca98</load_address>
         <run_address>0x2000ca98</run_address>
         <size>0x6</size>
         <input_file_ref idref="fl-131"/>
      </object_component>
      <object_component id="oc-5b">
         <name>.text</name>
         <load_address>0x2000ca9e</load_address>
         <run_address>0x2000ca9e</run_address>
         <size>0x4</size>
         <input_file_ref idref="fl-138"/>
      </object_component>
      <object_component id="oc-635">
         <name>.const:.string:_ctypes_</name>
         <load_address>0x2000caa4</load_address>
         <run_address>0x2000caa4</run_address>
         <size>0x101</size>
         <input_file_ref idref="fl-143"/>
      </object_component>
      <object_component id="oc-507">
         <name>.const:g_ulPinToPadMap</name>
         <load_address>0x2000cba8</load_address>
         <run_address>0x2000cba8</run_address>
         <size>0x100</size>
         <input_file_ref idref="fl-15c"/>
      </object_component>
      <object_component id="oc-4e6">
         <name>.const:g_pulRegs</name>
         <load_address>0x2000cca8</load_address>
         <run_address>0x2000cca8</run_address>
         <size>0xd4</size>
         <input_file_ref idref="fl-15b"/>
      </object_component>
      <object_component id="oc-4dd">
         <name>.const:PRCM_PeriphRegsList</name>
         <load_address>0x2000cd7c</load_address>
         <run_address>0x2000cd7c</run_address>
         <size>0xa8</size>
         <input_file_ref idref="fl-15d"/>
      </object_component>
      <object_component id="oc-2d2">
         <name>.const</name>
         <load_address>0x2000ce24</load_address>
         <run_address>0x2000ce24</run_address>
         <size>0x80</size>
         <input_file_ref idref="fl-15b"/>
      </object_component>
      <object_component id="oc-155">
         <name>.const:.string</name>
         <load_address>0x2000cea4</load_address>
         <run_address>0x2000cea4</run_address>
         <size>0x5a</size>
         <input_file_ref idref="fl-3"/>
      </object_component>
      <object_component id="oc-662">
         <name>.const:OpcodeTranslateTable</name>
         <load_address>0x2000cefe</load_address>
         <run_address>0x2000cefe</run_address>
         <size>0x3c</size>
         <input_file_ref idref="fl-163"/>
      </object_component>
      <object_component id="oc-27e">
         <name>.const</name>
         <load_address>0x2000cf3a</load_address>
         <run_address>0x2000cf3a</run_address>
         <size>0x3c</size>
         <input_file_ref idref="fl-168"/>
      </object_component>
      <object_component id="oc-6df">
         <name>.const:_SlActionLookupTable</name>
         <load_address>0x2000cf78</load_address>
         <run_address>0x2000cf78</run_address>
         <size>0x38</size>
         <input_file_ref idref="fl-163"/>
      </object_component>
      <object_component id="oc-5e9">
         <name>.const</name>
         <load_address>0x2000cfb0</load_address>
         <run_address>0x2000cfb0</run_address>
         <size>0x38</size>
         <input_file_ref idref="fl-163"/>
      </object_component>
      <object_component id="oc-363">
         <name>.const</name>
         <load_address>0x2000cfe8</load_address>
         <run_address>0x2000cfe8</run_address>
         <size>0x34</size>
         <input_file_ref idref="fl-167"/>
      </object_component>
      <object_component id="oc-11d">
         <name>.const:$P$T1$2</name>
         <load_address>0x2000d01c</load_address>
         <run_address>0x2000d01c</run_address>
         <size>0x2c</size>
         <input_file_ref idref="fl-3"/>
      </object_component>
      <object_component id="oc-357">
         <name>.const</name>
         <load_address>0x2000d048</load_address>
         <run_address>0x2000d048</run_address>
         <size>0x28</size>
         <input_file_ref idref="fl-164"/>
      </object_component>
      <object_component id="oc-693">
         <name>.const:g_ppulSPIIntMap</name>
         <load_address>0x2000d070</load_address>
         <run_address>0x2000d070</run_address>
         <size>0x24</size>
         <input_file_ref idref="fl-16a"/>
      </object_component>
      <object_component id="oc-129">
         <name>.const:.string:$P$T0$1</name>
         <load_address>0x2000d094</load_address>
         <run_address>0x2000d094</run_address>
         <size>0x22</size>
         <input_file_ref idref="fl-3"/>
      </object_component>
      <object_component id="oc-120">
         <name>.const</name>
         <load_address>0x2000d0b8</load_address>
         <run_address>0x2000d0b8</run_address>
         <size>0x20</size>
         <input_file_ref idref="fl-3"/>
      </object_component>
      <object_component id="oc-294">
         <name>.const</name>
         <load_address>0x2000d0d8</load_address>
         <run_address>0x2000d0d8</run_address>
         <size>0x1c</size>
         <input_file_ref idref="fl-162"/>
      </object_component>
      <object_component id="oc-643">
         <name>.const</name>
         <load_address>0x2000d0f4</load_address>
         <run_address>0x2000d0f4</run_address>
         <size>0x18</size>
         <input_file_ref idref="fl-16a"/>
      </object_component>
      <object_component id="oc-516">
         <name>.const:.string</name>
         <load_address>0x2000d10c</load_address>
         <run_address>0x2000d10c</run_address>
         <size>0x10</size>
         <input_file_ref idref="fl-167"/>
      </object_component>
      <object_component id="oc-2b2">
         <name>.const</name>
         <load_address>0x2000d11c</load_address>
         <run_address>0x2000d11c</run_address>
         <size>0x8</size>
         <input_file_ref idref="fl-165"/>
      </object_component>
      <object_component id="oc-7d8">
         <name>.cinit..data.load</name>
         <load_address>0x2000d128</load_address>
         <run_address>0x2000d128</run_address>
         <size>0x6f</size>
      </object_component>
      <object_component id="oc-7d6">
         <name>__TI_handler_table</name>
         <load_address>0x2000d198</load_address>
         <run_address>0x2000d198</run_address>
         <size>0xc</size>
      </object_component>
      <object_component id="oc-7d9">
         <name>.cinit..bss.load</name>
         <load_address>0x2000d1a8</load_address>
         <run_address>0x2000d1a8</run_address>
         <size>0x8</size>
      </object_component>
      <object_component id="oc-7d7">
         <name>__TI_cinit_table</name>
         <load_address>0x2000d1b0</load_address>
         <run_address>0x2000d1b0</run_address>
         <size>0x10</size>
      </object_component>
      <object_component id="oc-2a">
         <name>.sysmem</name>
         <uninitialized>true</uninitialized>
         <run_address>0x20017000</run_address>
         <size>0x8</size>
         <input_file_ref idref="fl-136"/>
      </object_component>
      <object_component id="oc-7db">
         <name>.sysmem</name>
         <uninitialized>true</uninitialized>
         <run_address>0x20017000</run_address>
         <size>0x0</size>
      </object_component>
      <object_component id="oc-29">
         <name>.stack</name>
         <uninitialized>true</uninitialized>
         <run_address>0x2002f000</run_address>
         <size>0x0</size>
         <input_file_ref idref="fl-12f"/>
      </object_component>
      <object_component id="oc-7da">
         <name>.stack</name>
         <uninitialized>true</uninitialized>
         <run_address>0x2002f000</run_address>
         <size>0x0</size>
      </object_component>
      <object_component id="oc-d5">
         <name>.bss:g_ucConnectionSSID</name>
         <uninitialized>true</uninitialized>
         <run_address>0x2001f1e4</run_address>
         <size>0x24</size>
         <input_file_ref idref="fl-3"/>
      </object_component>
      <object_component id="oc-156">
         <name>.bss:g_time</name>
         <uninitialized>true</uninitialized>
         <run_address>0x2001f1b8</run_address>
         <size>0x2c</size>
         <input_file_ref idref="fl-3"/>
      </object_component>
      <object_component id="oc-3df">
         <name>.bss:g_StatMem</name>
         <uninitialized>true</uninitialized>
         <run_address>0x2001f000</run_address>
         <size>0x168</size>
         <input_file_ref idref="fl-163"/>
      </object_component>
      <object_component id="oc-42f">
         <name>.bss:g_ucDinDout</name>
         <uninitialized>true</uninitialized>
         <run_address>0x2001f168</run_address>
         <size>0x50</size>
         <input_file_ref idref="fl-169"/>
      </object_component>
      <object_component id="oc-329">
         <name>.common:g_ucLED1Pin</name>
         <uninitialized>true</uninitialized>
         <run_address>0x2001f217</run_address>
         <size>0x1</size>
      </object_component>
      <object_component id="oc-332">
         <name>.common:g_ucLED2Pin</name>
         <uninitialized>true</uninitialized>
         <run_address>0x2001f218</run_address>
         <size>0x1</size>
      </object_component>
      <object_component id="oc-333">
         <name>.common:g_ucLED3Pin</name>
         <uninitialized>true</uninitialized>
         <run_address>0x2001f219</run_address>
         <size>0x1</size>
      </object_component>
      <object_component id="oc-d8">
         <name>.common:g_ucConnectionBSSID</name>
         <uninitialized>true</uninitialized>
         <run_address>0x2001f208</run_address>
         <size>0x8</size>
      </object_component>
      <object_component id="oc-202">
         <name>.common:__Errorlog</name>
         <uninitialized>true</uninitialized>
         <run_address>0x2001f210</run_address>
         <size>0x4</size>
      </object_component>
      <object_component id="oc-3e2">
         <name>.common:RxIrqCnt</name>
         <uninitialized>true</uninitialized>
         <run_address>0x2001f214</run_address>
         <size>0x1</size>
      </object_component>
      <object_component id="oc-25b">
         <name>.common:g_bDeviceRestartIsRequired</name>
         <uninitialized>true</uninitialized>
         <run_address>0x2001f215</run_address>
         <size>0x1</size>
[...]
         <value>0x2000c475</value>
         <object_component_ref idref="oc-2f4"/>
      </symbol>
      <symbol id="sm-91c">
         <name>PRCMHIBRegRead</name>
         <value>0x2000c959</value>
         <object_component_ref idref="oc-2dc"/>
      </symbol>
      <symbol id="sm-958">
         <name>UARTConfigSetExpClk</name>
         <value>0x2000b139</value>
         <object_component_ref idref="oc-1d8"/>
      </symbol>
      <symbol id="sm-959">
         <name>UARTDisable</name>
         <value>0x2000c309</value>
         <object_component_ref idref="oc-3a8"/>
      </symbol>
      <symbol id="sm-95a">
         <name>UARTCharsAvail</name>
         <value>0x2000c8f7</value>
         <object_component_ref idref="oc-1ea"/>
      </symbol>
      <symbol id="sm-95b">
         <name>UARTCharGetNonBlocking</name>
         <value>0x2000c773</value>
         <object_component_ref idref="oc-1f0"/>
      </symbol>
      <symbol id="sm-95c">
         <name>UARTCharPut</name>
         <value>0x2000c737</value>
         <object_component_ref idref="oc-1de"/>
      </symbol>
      <symbol id="sm-95d">
         <name>UARTEnable</name>
         <value>0x2000c585</value>
         <object_component_ref idref="oc-3ae"/>
      </symbol>
      <symbol id="sm-961">
         <name>UtilsDelay</name>
         <value>0x2000ca93</value>
         <object_component_ref idref="oc-14e"/>
      </symbol>
      <symbol id="sm-96b">
         <name>CPUcpsie</name>
         <value>0x2000c9b1</value>
         <object_component_ref idref="oc-2cb"/>
      </symbol>
      <symbol id="sm-a0e">
         <name>_sl_HandleAsync_InitComplete</name>
         <value>0x2000abe5</value>
         <object_component_ref idref="oc-6ef"/>
      </symbol>
      <symbol id="sm-a0f">
         <name>_SlDrvDeviceEventHandler</name>
         <value>0x2000a43d</value>
         <object_component_ref idref="oc-67f"/>
      </symbol>
      <symbol id="sm-a10">
         <name>_sl_HandleAsync_Stop</name>
         <value>0x2000b8a9</value>
         <object_component_ref idref="oc-6f5"/>
      </symbol>
      <symbol id="sm-a11">
         <name>sl_DevSet</name>
         <value>0x2000ad65</value>
         <object_component_ref idref="oc-14f"/>
      </symbol>
      <symbol id="sm-a12">
         <name>sl_Stop</name>
         <value>0x2000990d</value>
         <object_component_ref idref="oc-ed"/>
      </symbol>
      <symbol id="sm-a13">
         <name>sl_Start</name>
         <value>0x200099f1</value>
         <object_component_ref idref="oc-db"/>
      </symbol>
      <symbol id="sm-a14">
         <name>sl_DevGet</name>
         <value>0x2000a059</value>
         <object_component_ref idref="oc-f3"/>
      </symbol>
      <symbol id="sm-cbf">
         <name>RxIrqCnt</name>
         <value>0x2001f214</value>
      </symbol>
      <symbol id="sm-cc0">
         <name>g_bDeviceRestartIsRequired</name>
         <value>0x2001f215</value>
      </symbol>
      <symbol id="sm-cc1">
         <name>_SlDrvProtectionObjUnLock</name>
         <value>0x2000c4c5</value>
         <object_component_ref idref="oc-34b"/>
      </symbol>
      <symbol id="sm-cc2">
         <name>_SlDrvBasicCmd</name>
         <value>0x2000bb9d</value>
         <object_component_ref idref="oc-2ab"/>
      </symbol>
      <symbol id="sm-cc3">
         <name>_SlDrvObjUnLock</name>
         <value>0x2000c6b9</value>
         <object_component_ref idref="oc-520"/>
      </symbol>
      <symbol id="sm-cc4">
         <name>_SlDrvObjLockWaitForever</name>
         <value>0x2000c5a9</value>
         <object_component_ref idref="oc-51a"/>
      </symbol>
      <symbol id="sm-cc5">
         <name>_SlDrvMsgReadSpawnCtx</name>
         <value>0x20009bad</value>
         <object_component_ref idref="oc-48d"/>
      </symbol>
      <symbol id="sm-cc6">
         <name>_SlDrvDispatchHttpServerEvents</name>
         <value>0x2000ca29</value>
         <object_component_ref idref="oc-729"/>
      </symbol>
      <symbol id="sm-cc7">
         <name>_SlDrvHandleNetAppEvents</name>
         <value>0x2000bf61</value>
         <object_component_ref idref="oc-68b"/>
      </symbol>
      <symbol id="sm-cc8">
         <name>_SlDriverHandleError</name>
         <value>0x2000a25d</value>
         <object_component_ref idref="oc-463"/>
      </symbol>
      <symbol id="sm-cc9">
         <name>_SlDrvDriverCBDeinit</name>
         <value>0x20009001</value>
         <object_component_ref idref="oc-28e"/>
      </symbol>
      <symbol id="sm-cca">
         <name>_SlDrvResetCmdExt</name>
         <value>0x2000ca39</value>
         <object_component_ref idref="oc-29d"/>
      </symbol>
      <symbol id="sm-ccb">
         <name>_SlDrvProtectAsyncRespSetting</name>
         <value>0x2000b991</value>
         <object_component_ref idref="oc-231"/>
      </symbol>
      <symbol id="sm-ccc">
         <name>_SlDrvReleasePoolObj</name>
         <value>0x20007d21</value>
         <object_component_ref idref="oc-24f"/>
      </symbol>
      <symbol id="sm-ccd">
         <name>_SlDrvHandleWlanEvents</name>
         <value>0x2000bfa1</value>
         <object_component_ref idref="oc-685"/>
      </symbol>
      <symbol id="sm-cce">
         <name>OpcodeTranslateTable</name>
         <value>0x2000cefe</value>
         <object_component_ref idref="oc-662"/>
      </symbol>
      <symbol id="sm-ccf">
         <name>pPingCallBackFunc</name>
         <value>0x2001f3c4</value>
         <object_component_ref idref="oc-25e"/>
      </symbol>
      <symbol id="sm-cd0">
         <name>_SlDrvDriverCBInit</name>
         <value>0x200080a9</value>
         <object_component_ref idref="oc-225"/>
      </symbol>
      <symbol id="sm-cd1">
         <name>g_pCB</name>
         <value>0x2001f3c0</value>
         <object_component_ref idref="oc-25e"/>
      </symbol>
      <symbol id="sm-cd2">
         <name>_SlDrvProtectionObjLockWaitForever</name>
         <value>0x2000c41d</value>
         <object_component_ref idref="oc-345"/>
      </symbol>
      <symbol id="sm-cd3">
         <name>_SlDrvCmdOp</name>
         <value>0x20009ed9</value>
         <object_component_ref idref="oc-278"/>
      </symbol>
      <symbol id="sm-cd4">
         <name>_SlDrvSyncObjWaitTimeout</name>
         <value>0x2000bd45</value>
         <object_component_ref idref="oc-249"/>
      </symbol>
      <symbol id="sm-cd5">
         <name>_SlDrvGlobalObjUnLock</name>
         <value>0x2000c49d</value>
         <object_component_ref idref="oc-4a0"/>
      </symbol>
      <symbol id="sm-cd6">
         <name>_SlDrvMemZero</name>
         <value>0x2000c985</value>
         <object_component_ref idref="oc-2fb"/>
      </symbol>
      <symbol id="sm-cd7">
         <name>_SlDrvWaitForPoolObj</name>
         <value>0x200083f9</value>
         <object_component_ref idref="oc-33f"/>
      </symbol>
      <symbol id="sm-cd8">
         <name>_SlDrvSyncObjSignal</name>
         <value>0x2000c6d9</value>
         <object_component_ref idref="oc-470"/>
      </symbol>
      <symbol id="sm-cd9">
         <name>_SlDrvDataReadOp</name>
         <value>0x20007b3d</value>
         <object_component_ref idref="oc-39d"/>
      </symbol>
      <symbol id="sm-cda">
         <name>_SlDrvDataWriteOp</name>
         <value>0x200089dd</value>
         <object_component_ref idref="oc-395"/>
      </symbol>
      <symbol id="sm-cdb">
         <name>_SlDrvRxIrqHandler</name>
         <value>0x2000b801</value>
         <object_component_ref idref="oc-261"/>
      </symbol>
      <symbol id="sm-cdc">
         <name>_SlDrvHandleHttpServerEvents</name>
         <value>0x2000bd01</value>
         <object_component_ref idref="oc-783"/>
      </symbol>
      <symbol id="sm-cdd">
         <name>_SlDrvSyncObjWaitForever</name>
         <value>0x2000c4ed</value>
         <object_component_ref idref="oc-351"/>
      </symbol>
      <symbol id="sm-cde">
         <name>_SlDrvCmdSend</name>
         <value>0x2000b295</value>
         <object_component_ref idref="oc-78a"/>
      </symbol>
      <symbol id="sm-cdf">
         <name>_SlActionLookupTable</name>
         <value>0x2000cf78</value>
         <object_component_ref idref="oc-6df"/>
      </symbol>
      <symbol id="sm-d82">
         <name>sl_NetAppMDNSUnRegisterService</name>
         <value>0x2000bc2d</value>
         <object_component_ref idref="oc-117"/>
      </symbol>
      <symbol id="sm-d83">
         <name>_SlNetAppSendTokenValueCmdCtrl</name>
         <value>0x2000d064</value>
         <object_component_ref idref="oc-357"/>
      </symbol>
      <symbol id="sm-d84">
         <name>sl_NetAppDnsGetHostByName</name>
         <value>0x20008dad</value>
         <object_component_ref idref="oc-15f"/>
      </symbol>
      <symbol id="sm-d85">
         <name>_sl_HandleAsync_DnsGetHostByName</name>
         <value>0x2000a605</value>
         <object_component_ref idref="oc-71d"/>
      </symbol>
      <symbol id="sm-d86">
         <name>_sl_HandleAsync_PingResponse</name>
         <value>0x2000a695</value>
         <object_component_ref idref="oc-6cb"/>
      </symbol>
      <symbol id="sm-d87">
         <name>_SlDrvNetAppEventHandler</name>
         <value>0x2000934d</value>
         <object_component_ref idref="oc-6c5"/>
      </symbol>
      <symbol id="sm-d88">
         <name>_sl_HandleAsync_DnsGetHostByService</name>
         <value>0x20009c81</value>
         <object_component_ref idref="oc-723"/>
      </symbol>
      <symbol id="sm-d89">
         <name>_sl_NetAppSendTokenValue</name>
         <value>0x2000b301</value>
         <object_component_ref idref="oc-72f"/>
      </symbol>
      <symbol id="sm-d8a">
         <name>sl_NetAppMDNSRegisterUnregisterService</name>
         <value>0x20009d4d</value>
         <object_component_ref idref="oc-2bd"/>
      </symbol>
      <symbol id="sm-dab">
         <name>sl_NetCfgSet</name>
         <value>0x2000ade1</value>
         <object_component_ref idref="oc-10b"/>
      </symbol>
      <symbol id="sm-dea">
         <name>_SlNonOsSemSet</name>
         <value>0x2000c90f</value>
         <object_component_ref idref="oc-3d3"/>
      </symbol>
      <symbol id="sm-deb">
         <name>_SlNonOsSpawn</name>
         <value>0x2000b515</value>
         <object_component_ref idref="oc-487"/>
      </symbol>
      <symbol id="sm-dec">
         <name>_SlNonOsSemGet</name>
         <value>0x2000afd1</value>
         <object_component_ref idref="oc-3d9"/>
      </symbol>
      <symbol id="sm-ded">
         <name>_SlNonOsMainLoopTask</name>
         <value>0x2000b1b1</value>
         <object_component_ref idref="oc-e1"/>
      </symbol>
      <symbol id="sm-dee">
         <name>g__SlNonOsCB</name>
         <value>0x2001f350</value>
         <object_component_ref idref="oc-273"/>
      </symbol>
      <symbol id="sm-ed2">
         <name>sl_Recv</name>
         <value>0x2000a94d</value>
         <object_component_ref idref="oc-19b"/>
      </symbol>
      <symbol id="sm-ed3">
         <name>sl_Send</name>
         <value>0x20009125</value>
         <object_component_ref idref="oc-18f"/>
      </symbol>
      <symbol id="sm-ed4">
         <name>_sl_HandleAsync_Connect</name>
         <value>0x2000ab65</value>
         <object_component_ref idref="oc-745"/>
      </symbol>
      <symbol id="sm-ed5">
         <name>sl_Htonl</name>
         <value>0x2000bedd</value>
         <object_component_ref idref="oc-16b"/>
      </symbol>
      <symbol id="sm-ed6">
         <name>sl_Htons</name>
         <value>0x2000c155</value>
         <object_component_ref idref="oc-165"/>
      </symbol>
      <symbol id="sm-ed7">
         <name>sl_Connect</name>
         <value>0x20008871</value>
         <object_component_ref idref="oc-17d"/>
      </symbol>
      <symbol id="sm-ed8">
         <name>sl_Socket</name>
         <value>0x2000b225</value>
         <object_component_ref idref="oc-171"/>
      </symbol>
      <symbol id="sm-ed9">
         <name>_sl_HandleAsync_Select</name>
         <value>0x2000b855</value>
         <object_component_ref idref="oc-74b"/>
      </symbol>
      <symbol id="sm-eda">
         <name>sl_Close</name>
         <value>0x2000be11</value>
         <object_component_ref idref="oc-195"/>
      </symbol>
      <symbol id="sm-edb">
         <name>_sl_HandleAsync_Accept</name>
         <value>0x2000b579</value>
         <object_component_ref idref="oc-73f"/>
      </symbol>
      <symbol id="sm-edc">
         <name>sl_SetSockOpt</name>
         <value>0x2000ae5d</value>
         <object_component_ref idref="oc-177"/>
      </symbol>
      <symbol id="sm-f7a">
         <name>sl_WlanDisconnect</name>
         <value>0x2000c6f9</value>
         <object_component_ref idref="oc-105"/>
      </symbol>
      <symbol id="sm-f7b">
         <name>sl_WlanPolicySet</name>
         <value>0x2000b049</value>
         <object_component_ref idref="oc-f9"/>
      </symbol>
      <symbol id="sm-f7c">
         <name>sl_WlanProfileDel</name>
         <value>0x2000be55</value>
         <object_component_ref idref="oc-ff"/>
      </symbol>
      <symbol id="sm-f7d">
         <name>sl_WlanRxFilterSet</name>
         <value>0x2000b3d9</value>
         <object_component_ref idref="oc-123"/>
      </symbol>
      <symbol id="sm-f7e">
         <name>sl_WlanConnect</name>
         <value>0x200074ed</value>
         <object_component_ref idref="oc-142"/>
      </symbol>
      <symbol id="sm-f7f">
         <name>sl_WlanSet</name>
         <value>0x2000aed9</value>
         <object_component_ref idref="oc-111"/>
      </symbol>
      <symbol id="sm-f80">
         <name>sl_WlanSetMode</name>
         <value>0x2000be99</value>
         <object_component_ref idref="oc-e7"/>
      </symbol>
      <symbol id="sm-1084">
         <name>g_cDummy</name>
         <value>0x2001f216</value>
      </symbol>
      <symbol id="sm-1085">
         <name>NwpMaskInterrupt</name>
         <value>0x2000ca65</value>
         <object_component_ref idref="oc-442"/>
      </symbol>
      <symbol id="sm-1086">
         <name>NwpRegisterInterruptHandler</name>
         <value>0x2000c061</value>
         <object_component_ref idref="oc-23d"/>
      </symbol>
      <symbol id="sm-1087">
         <name>g_pHostIntHdl</name>
         <value>0x2001f3dc</value>
         <object_component_ref idref="oc-42c"/>
      </symbol>
      <symbol id="sm-1088">
         <name>NwpUnMaskInterrupt</name>
         <value>0x2000ca71</value>
         <object_component_ref idref="oc-45c"/>
      </symbol>
      <symbol id="sm-1089">
         <name>g_ucDinDout</name>
         <value>0x2001f168</value>
         <object_component_ref idref="oc-42f"/>
      </symbol>
      <symbol id="sm-108a">
         <name>NwpPowerOff</name>
         <value>0x2000c1cd</value>
         <object_component_ref idref="oc-237"/>
      </symbol>
      <symbol id="sm-108b">
         <name>spi_Read</name>
         <value>0x20009645</value>
         <object_component_ref idref="oc-655"/>
      </symbol>
      <symbol id="sm-108c">
         <name>DmaSpiSwIntHandler</name>
         <value>0x2000c53d</value>
         <object_component_ref idref="oc-432"/>
      </symbol>
      <symbol id="sm-108d">
         <name>NwpPowerOn</name>
         <value>0x2000c699</value>
         <object_component_ref idref="oc-243"/>
      </symbol>
      <symbol id="sm-108e">
         <name>spi_Close</name>
         <value>0x2000b0c1</value>
         <object_component_ref idref="oc-288"/>
      </symbol>
      <symbol id="sm-108f">
         <name>spi_Write</name>
         <value>0x2000a4d9</value>
         <object_component_ref idref="oc-5e3"/>
      </symbol>
      <symbol id="sm-1090">
         <name>spi_Open</name>
         <value>0x20008b2d</value>
         <object_component_ref idref="oc-22b"/>
      </symbol>
      <symbol id="sm-1091">
         <name>g_ucDMAEnabled</name>
         <value>0x2001f3e0</value>
         <object_component_ref idref="oc-42c"/>
      </symbol>
      <symbol id="sm-1092">
         <name>g_SpiFd</name>
         <value>0x2001f3d8</value>
         <object_component_ref idref="oc-42c"/>
      </symbol>
      <symbol id="sm-114d">
         <name>SPIFIFODisable</name>
         <value>0x2000c831</value>
         <object_component_ref idref="oc-4bd"/>
      </symbol>
      <symbol id="sm-114e">
         <name>SPICSEnable</name>
         <value>0x2000c8af</value>
         <object_component_ref idref="oc-66c"/>
      </symbol>
      <symbol id="sm-114f">
         <name>SPIDisable</name>
         <value>0x2000c8c7</value>
         <object_component_ref idref="oc-3ea"/>
      </symbol>
      <symbol id="sm-1150">
         <name>SPIFIFOEnable</name>
         <value>0x2000c84b</value>
         <object_component_ref idref="oc-408"/>
      </symbol>
      <symbol id="sm-1151">
         <name>SPIWordCountSet</name>
         <value>0x2000c613</value>
         <object_component_ref idref="oc-672"/>
      </symbol>
      <symbol id="sm-1152">
         <name>SPIEnable</name>
         <value>0x2000c8df</value>
         <object_component_ref idref="oc-426"/>
      </symbol>
      <symbol id="sm-1153">
         <name>SPIDmaEnable</name>
         <value>0x2000c817</value>
         <object_component_ref idref="oc-40e"/>
      </symbol>
      <symbol id="sm-1154">
         <name>SPIConfigSetExpClk</name>
         <value>0x2000a301</value>
         <object_component_ref idref="oc-3f6"/>
      </symbol>
      <symbol id="sm-1155">
         <name>SPIIntUnregister</name>
         <value>0x2000c865</value>
         <object_component_ref idref="oc-4b7"/>
      </symbol>
      <symbol id="sm-1156">
         <name>SPIFIFOLevelSet</name>
         <value>0x2000c271</value>
         <object_component_ref idref="oc-414"/>
      </symbol>
      <symbol id="sm-1157">
         <name>SPIDmaDisable</name>
         <value>0x2000c7fd</value>
         <object_component_ref idref="oc-4c3"/>
      </symbol>
      <symbol id="sm-1158">
         <name>SPIReset</name>
         <value>0x2000c5f1</value>
         <object_component_ref idref="oc-3f0"/>
      </symbol>
      <symbol id="sm-1159">
         <name>SPIIntEnable</name>
         <value>0x2000b8f9</value>
         <object_component_ref idref="oc-420"/>
      </symbol>
      <symbol id="sm-115a">
         <name>SPIIntClear</name>
         <value>0x2000bb55</value>
         <object_component_ref idref="oc-5b6"/>
      </symbol>
      <symbol id="sm-115b">
         <name>SPICSDisable</name>
         <value>0x2000c897</value>
         <object_component_ref idref="oc-3e4"/>
      </symbol>
      <symbol id="sm-11b2">
         <name>uDMAChannelControlSet</name>
         <value>0x2000c191</value>
         <object_component_ref idref="oc-753"/>
      </symbol>
      <symbol id="sm-11b3">
         <name>uDMAChannelAttributeEnable</name>
         <value>0x2000b641</value>
         <object_component_ref idref="oc-759"/>
      </symbol>
      <symbol id="sm-11b4">
         <name>uDMAChannelTransferSet</name>
         <value>0x20009735</value>
         <object_component_ref idref="oc-75f"/>
      </symbol>
      <symbol id="sm-11b5">
         <name>uDMAChannelAssign</name>
         <value>0x2000bac1</value>
         <object_component_ref idref="oc-599"/>
      </symbol>
      <symbol id="sm-11b6">
         <name>uDMAChannelAttributeDisable</name>
         <value>0x2000b5dd</value>
         <object_component_ref idref="oc-59f"/>
      </symbol>
      <symbol id="sm-11b7">
         <name>uDMAChannelEnable</name>
         <value>0x2000c7ad</value>
         <object_component_ref idref="oc-765"/>
      </symbol>
      <symbol id="sm-11b8">
         <name>__TI_static_base__</name>
         <value>0x2000d128</value>
      </symbol>
      <symbol id="sm-11bb">
         <name>SHT$$INIT_ARRAY$$Limit</name>
         <value>0x0</value>
      </symbol>
      <symbol id="sm-11bc">
         <name>SHT$$INIT_ARRAY$$Base</name>
         <value>0x0</value>
      </symbol>
   </symbol_table>
   <title>Link successful</title>
</link_info>
